stmpe811.c:617:6:stmpe811_IO_WritePin	0	static
stmpe811.c:739:6:stmpe811_IO_ClearIT	16	static
stmpe811.c:933:6:stmpe811_TS_ClearIT	0	static
stmpe811.c:164:6:stmpe811_Reset	8	static
stmpe811.c:184:10:stmpe811_ReadID	16	static
stmpe811.c:640:10:stmpe811_IO_ReadPin	8	static
stmpe811.c:726:10:stmpe811_IO_ITStatus	8	static
stmpe811.c:837:9:stmpe811_TS_DetectTouch	8	static
stmpe811.c:922:9:stmpe811_TS_ITStatus	8	static
stmpe811.c:869:6:stmpe811_TS_GetXY	32	static
stmpe811.c:405:6:stmpe811_IO_Start	16	static
stmpe811.c:762:6:stmpe811_TS_Start	16	static
stmpe811.c:666:6:stmpe811_IO_DisableIT	8	static
stmpe811.c:908:6:stmpe811_TS_DisableIT	8	static
stmpe811.c:892:6:stmpe811_TS_EnableIT	8	static
stmpe811.c:650:6:stmpe811_IO_EnableIT	8	static
stmpe811.c:131:6:stmpe811_Init	8	static
stmpe811.c:437:9:stmpe811_IO_Config	24	static
stmpe811.c:199:6:stmpe811_EnableGlobalIT	8	static
stmpe811.c:218:6:stmpe811_DisableGlobalIT	8	static
stmpe811.c:246:6:stmpe811_EnableITSource	16	static
stmpe811.c:273:6:stmpe811_DisableITSource	16	static
stmpe811.c:295:6:stmpe811_SetITPolarity	16	static
stmpe811.c:321:6:stmpe811_SetITType	16	static
stmpe811.c:352:9:stmpe811_GlobalITStatus	8	static
stmpe811.c:371:9:stmpe811_ReadGITStatus	8	static
stmpe811.c:391:6:stmpe811_ClearGlobalIT	0	static
stmpe811.c:500:6:stmpe811_IO_InitPin	16	static
stmpe811.c:529:6:stmpe811_IO_DisableAF	16	static
stmpe811.c:552:6:stmpe811_IO_EnableAF	16	static
stmpe811.c:577:6:stmpe811_IO_SetEdgeMode	24	static
stmpe811.c:683:6:stmpe811_IO_EnablePinIT	16	static
stmpe811.c:705:6:stmpe811_IO_DisablePinIT	16	static
