stm32f7xx_hal_rtc_ex.c:157:19:HAL_RTCEx_SetTimeStamp	16	static
stm32f7xx_hal_rtc_ex.c:217:19:HAL_RTCEx_SetTimeStamp_IT	16	static
stm32f7xx_hal_rtc_ex.c:274:19:HAL_RTCEx_DeactivateTimeStamp	12	static
stm32f7xx_hal_rtc_ex.c:313:19:HAL_RTCEx_SetInternalTimeStamp	12	static
stm32f7xx_hal_rtc_ex.c:344:19:HAL_RTCEx_DeactivateInternalTimeStamp	12	static
stm32f7xx_hal_rtc_ex.c:380:19:HAL_RTCEx_GetTimeStamp	24	static
stm32f7xx_hal_rtc_ex.c:432:19:HAL_RTCEx_SetTamper	28	static
stm32f7xx_hal_rtc_ex.c:520:19:HAL_RTCEx_SetTamper_IT	24	static
stm32f7xx_hal_rtc_ex.c:631:19:HAL_RTCEx_DeactivateTamper	4	static
stm32f7xx_hal_rtc_ex.c:746:13:HAL_RTCEx_TimeStampEventCallback	0	static
stm32f7xx_hal_rtc_ex.c:762:13:HAL_RTCEx_Tamper1EventCallback	0	static
stm32f7xx_hal_rtc_ex.c:778:13:HAL_RTCEx_Tamper2EventCallback	0	static
stm32f7xx_hal_rtc_ex.c:793:13:HAL_RTCEx_Tamper3EventCallback	0	static
stm32f7xx_hal_rtc_ex.c:673:6:HAL_RTCEx_TamperTimeStampIRQHandler	8	static
stm32f7xx_hal_rtc_ex.c:810:19:HAL_RTCEx_PollForTimeStampEvent	16	static
stm32f7xx_hal_rtc_ex.c:853:19:HAL_RTCEx_PollForTamper1Event	16	static
stm32f7xx_hal_rtc_ex.c:889:19:HAL_RTCEx_PollForTamper2Event	16	static
stm32f7xx_hal_rtc_ex.c:924:19:HAL_RTCEx_PollForTamper3Event	16	static
stm32f7xx_hal_rtc_ex.c:976:19:HAL_RTCEx_SetWakeUpTimer	24	static
stm32f7xx_hal_rtc_ex.c:1049:19:HAL_RTCEx_SetWakeUpTimer_IT	24	static
stm32f7xx_hal_rtc_ex.c:1151:10:HAL_RTCEx_DeactivateWakeUpTimer	16	static
stm32f7xx_hal_rtc_ex.c:1206:10:HAL_RTCEx_GetWakeUpTimer	0	static
stm32f7xx_hal_rtc_ex.c:1246:13:HAL_RTCEx_WakeUpTimerEventCallback	0	static
stm32f7xx_hal_rtc_ex.c:1218:6:HAL_RTCEx_WakeUpTimerIRQHandler	8	static
stm32f7xx_hal_rtc_ex.c:1263:19:HAL_RTCEx_PollForWakeUpTimerEvent	16	static
stm32f7xx_hal_rtc_ex.c:1333:6:HAL_RTCEx_BKUPWrite	0	static
stm32f7xx_hal_rtc_ex.c:1356:10:HAL_RTCEx_BKUPRead	0	static
stm32f7xx_hal_rtc_ex.c:1390:19:HAL_RTCEx_SetSmoothCalib	32	static
stm32f7xx_hal_rtc_ex.c:1460:19:HAL_RTCEx_SetSynchroShift	24	static
stm32f7xx_hal_rtc_ex.c:1555:19:HAL_RTCEx_SetCalibrationOutPut	12	static
stm32f7xx_hal_rtc_ex.c:1594:19:HAL_RTCEx_DeactivateCalibrationOutPut	12	static
stm32f7xx_hal_rtc_ex.c:1624:19:HAL_RTCEx_SetRefClock	16	static
stm32f7xx_hal_rtc_ex.c:1674:19:HAL_RTCEx_DeactivateRefClock	16	static
stm32f7xx_hal_rtc_ex.c:1726:19:HAL_RTCEx_EnableBypassShadow	12	static
stm32f7xx_hal_rtc_ex.c:1759:19:HAL_RTCEx_DisableBypassShadow	12	static
stm32f7xx_hal_rtc_ex.c:1809:13:HAL_RTCEx_AlarmBEventCallback	0	static
stm32f7xx_hal_rtc_ex.c:1826:19:HAL_RTCEx_PollForAlarmBEvent	16	static
