stm32f7xx_hal_tim.c:346:13:HAL_TIM_Base_MspInit	0	static
stm32f7xx_hal_tim.c:257:19:HAL_TIM_Base_Init	24	static
stm32f7xx_hal_tim.c:362:13:HAL_TIM_Base_MspDeInit	0	static
stm32f7xx_hal_tim.c:309:19:HAL_TIM_Base_DeInit	8	static
stm32f7xx_hal_tim.c:378:19:HAL_TIM_Base_Start	4	static
stm32f7xx_hal_tim.c:402:19:HAL_TIM_Base_Stop	0	static
stm32f7xx_hal_tim.c:426:19:HAL_TIM_Base_Start_IT	0	static
stm32f7xx_hal_tim.c:447:19:HAL_TIM_Base_Stop_IT	0	static
stm32f7xx_hal_tim.c:469:19:HAL_TIM_Base_Start_DMA	16	static
stm32f7xx_hal_tim.c:514:19:HAL_TIM_Base_Stop_DMA	0	static
stm32f7xx_hal_tim.c:653:13:HAL_TIM_OC_MspInit	0	static
stm32f7xx_hal_tim.c:564:19:HAL_TIM_OC_Init	24	static
stm32f7xx_hal_tim.c:669:13:HAL_TIM_OC_MspDeInit	0	static
stm32f7xx_hal_tim.c:616:19:HAL_TIM_OC_DeInit	8	static
stm32f7xx_hal_tim.c:691:19:HAL_TIM_OC_Start	4	static
stm32f7xx_hal_tim.c:724:19:HAL_TIM_OC_Stop	4	static
stm32f7xx_hal_tim.c:757:19:HAL_TIM_OC_Start_IT	4	static
stm32f7xx_hal_tim.c:824:19:HAL_TIM_OC_Stop_IT	4	static
stm32f7xx_hal_tim.c:893:19:HAL_TIM_OC_Start_DMA	24	static
stm32f7xx_hal_tim.c:1011:19:HAL_TIM_OC_Stop_DMA	8	static
stm32f7xx_hal_tim.c:1190:13:HAL_TIM_PWM_MspInit	0	static
stm32f7xx_hal_tim.c:1101:19:HAL_TIM_PWM_Init	24	static
stm32f7xx_hal_tim.c:1206:13:HAL_TIM_PWM_MspDeInit	0	static
stm32f7xx_hal_tim.c:1153:19:HAL_TIM_PWM_DeInit	8	static
stm32f7xx_hal_tim.c:1228:19:HAL_TIM_PWM_Start	4	static
stm32f7xx_hal_tim.c:1261:19:HAL_TIM_PWM_Stop	4	static
stm32f7xx_hal_tim.c:1297:19:HAL_TIM_PWM_Start_IT	4	static
stm32f7xx_hal_tim.c:1364:19:HAL_TIM_PWM_Stop_IT	4	static
stm32f7xx_hal_tim.c:1433:19:HAL_TIM_PWM_Start_DMA	24	static
stm32f7xx_hal_tim.c:1551:19:HAL_TIM_PWM_Stop_DMA	8	static
stm32f7xx_hal_tim.c:1731:13:HAL_TIM_IC_MspInit	0	static
stm32f7xx_hal_tim.c:1641:19:HAL_TIM_IC_Init	24	static
stm32f7xx_hal_tim.c:1747:13:HAL_TIM_IC_MspDeInit	0	static
stm32f7xx_hal_tim.c:1694:19:HAL_TIM_IC_DeInit	8	static
stm32f7xx_hal_tim.c:1769:19:HAL_TIM_IC_Start	4	static
stm32f7xx_hal_tim.c:1796:19:HAL_TIM_IC_Stop	4	static
stm32f7xx_hal_tim.c:1823:19:HAL_TIM_IC_Start_IT	4	static
stm32f7xx_hal_tim.c:1883:19:HAL_TIM_IC_Stop_IT	4	static
stm32f7xx_hal_tim.c:1946:19:HAL_TIM_IC_Start_DMA	24	static
stm32f7xx_hal_tim.c:2060:19:HAL_TIM_IC_Stop_DMA	8	static
stm32f7xx_hal_tim.c:2245:13:HAL_TIM_OnePulse_MspInit	0	static
stm32f7xx_hal_tim.c:2148:19:HAL_TIM_OnePulse_Init	24	static
stm32f7xx_hal_tim.c:2261:13:HAL_TIM_OnePulse_MspDeInit	0	static
stm32f7xx_hal_tim.c:2208:19:HAL_TIM_OnePulse_DeInit	8	static
stm32f7xx_hal_tim.c:2281:19:HAL_TIM_OnePulse_Start	0	static
stm32f7xx_hal_tim.c:2318:19:HAL_TIM_OnePulse_Stop	0	static
stm32f7xx_hal_tim.c:2355:19:HAL_TIM_OnePulse_Start_IT	0	static
stm32f7xx_hal_tim.c:2398:19:HAL_TIM_OnePulse_Stop_IT	0	static
stm32f7xx_hal_tim.c:2604:13:HAL_TIM_Encoder_MspInit	0	static
stm32f7xx_hal_tim.c:2462:19:HAL_TIM_Encoder_Init	32	static
stm32f7xx_hal_tim.c:2620:13:HAL_TIM_Encoder_MspDeInit	0	static
stm32f7xx_hal_tim.c:2567:19:HAL_TIM_Encoder_DeInit	8	static
stm32f7xx_hal_tim.c:2641:19:HAL_TIM_Encoder_Start	0	static
stm32f7xx_hal_tim.c:2684:19:HAL_TIM_Encoder_Stop	0	static
stm32f7xx_hal_tim.c:2728:19:HAL_TIM_Encoder_Start_IT	0	static
stm32f7xx_hal_tim.c:2777:19:HAL_TIM_Encoder_Stop_IT	0	static
stm32f7xx_hal_tim.c:2832:19:HAL_TIM_Encoder_Start_DMA	32	static
stm32f7xx_hal_tim.c:2950:19:HAL_TIM_Encoder_Stop_DMA	0	static
stm32f7xx_hal_tim.c:3245:26:HAL_TIM_OC_ConfigChannel	16	static
stm32f7xx_hal_tim.c:3315:19:HAL_TIM_IC_ConfigChannel	16	static
stm32f7xx_hal_tim.c:3412:26:HAL_TIM_PWM_ConfigChannel	16	static
stm32f7xx_hal_tim.c:3513:19:HAL_TIM_OnePulse_ConfigChannel	36	static
stm32f7xx_hal_tim.c:3650:19:HAL_TIM_DMABurst_WriteStart	24	static
stm32f7xx_hal_tim.c:3782:19:HAL_TIM_DMABurst_WriteStop	16	static
stm32f7xx_hal_tim.c:3875:19:HAL_TIM_DMABurst_ReadStart	32	static
stm32f7xx_hal_tim.c:4008:19:HAL_TIM_DMABurst_ReadStop	16	static
stm32f7xx_hal_tim.c:4082:19:HAL_TIM_GenerateEvent	8	static
stm32f7xx_hal_tim.c:4120:26:HAL_TIM_ConfigOCrefClear	12	static
stm32f7xx_hal_tim.c:4224:19:HAL_TIM_ConfigClockSource	16	static
stm32f7xx_hal_tim.c:4380:19:HAL_TIM_ConfigTI1Input	0	static
stm32f7xx_hal_tim.c:4413:19:HAL_TIM_SlaveConfigSynchronization	12	static
stm32f7xx_hal_tim.c:4560:19:HAL_TIM_SlaveConfigSynchronization_IT	12	static
stm32f7xx_hal_tim.c:4599:10:HAL_TIM_ReadCapturedValue	0	static
stm32f7xx_hal_tim.c:4689:13:HAL_TIM_PeriodElapsedCallback	0	static
stm32f7xx_hal_tim.c:5396:13:TIM_DMAPeriodElapsedCplt	8	static
stm32f7xx_hal_tim.c:4705:13:HAL_TIM_OC_DelayElapsedCallback	0	static
stm32f7xx_hal_tim.c:4720:13:HAL_TIM_IC_CaptureCallback	0	static
stm32f7xx_hal_tim.c:5359:6:TIM_DMACaptureCplt	8	static
stm32f7xx_hal_tim.c:4736:13:HAL_TIM_PWM_PulseFinishedCallback	0	static
stm32f7xx_hal_tim.c:5323:6:TIM_DMADelayPulseCplt	8	static
stm32f7xx_hal_tim.c:4752:13:HAL_TIM_TriggerCallback	0	static
stm32f7xx_hal_tim.c:3013:6:HAL_TIM_IRQHandler	8	static
stm32f7xx_hal_tim.c:5414:13:TIM_DMATriggerCplt	8	static
stm32f7xx_hal_tim.c:4768:13:HAL_TIM_ErrorCallback	0	static
stm32f7xx_hal_tim.c:5305:6:TIM_DMAError	8	static
stm32f7xx_hal_tim.c:5235:22:HAL_TIM_Base_GetState	0	static
stm32f7xx_hal_tim.c:5246:22:HAL_TIM_OC_GetState	0	static
stm32f7xx_hal_tim.c:5257:22:HAL_TIM_PWM_GetState	0	static
stm32f7xx_hal_tim.c:5268:22:HAL_TIM_IC_GetState	0	static
stm32f7xx_hal_tim.c:5279:22:HAL_TIM_OnePulse_GetState	0	static
stm32f7xx_hal_tim.c:5290:22:HAL_TIM_Encoder_GetState	0	static
stm32f7xx_hal_tim.c:5432:6:TIM_Base_SetConfig	16	static
stm32f7xx_hal_tim.c:5480:6:TIM_OC1_SetConfig	16	static
stm32f7xx_hal_tim.c:5545:6:TIM_OC2_SetConfig	16	static
stm32f7xx_hal_tim.c:5612:6:TIM_OC3_SetConfig	16	static
stm32f7xx_hal_tim.c:5678:6:TIM_OC4_SetConfig	16	static
stm32f7xx_hal_tim.c:5881:6:TIM_TI1_SetConfig	12	static
stm32f7xx_hal_tim.c:6176:6:TIM_ETR_SetConfig	0	static
stm32f7xx_hal_tim.c:6206:6:TIM_CCxChannelCmd	4	static
