stm32f7xx_hal_dma2d.c:339:13:HAL_DMA2D_MspInit	0	static
stm32f7xx_hal_dma2d.c:200:19:HAL_DMA2D_Init	24	static
stm32f7xx_hal_dma2d.c:355:13:HAL_DMA2D_MspDeInit	0	static
stm32f7xx_hal_dma2d.c:261:19:HAL_DMA2D_DeInit	16	static
stm32f7xx_hal_dma2d.c:418:19:HAL_DMA2D_Start	12	static
stm32f7xx_hal_dma2d.c:452:19:HAL_DMA2D_Start_IT	12	static
stm32f7xx_hal_dma2d.c:487:19:HAL_DMA2D_BlendingStart	12	static
stm32f7xx_hal_dma2d.c:522:19:HAL_DMA2D_BlendingStart_IT	12	static
stm32f7xx_hal_dma2d.c:555:19:HAL_DMA2D_Abort	16	static
stm32f7xx_hal_dma2d.c:604:19:HAL_DMA2D_Suspend	16	static
stm32f7xx_hal_dma2d.c:654:19:HAL_DMA2D_Resume	0	static
stm32f7xx_hal_dma2d.c:682:19:HAL_DMA2D_EnableCLUT	4	static
stm32f7xx_hal_dma2d.c:720:19:HAL_DMA2D_CLUTLoad	24	static
stm32f7xx_hal_dma2d.c:774:19:HAL_DMA2D_CLUTLoad_IT	24	static
stm32f7xx_hal_dma2d.c:832:19:HAL_DMA2D_CLUTLoading_Abort	16	static
stm32f7xx_hal_dma2d.c:889:19:HAL_DMA2D_CLUTLoading_Suspend	16	static
stm32f7xx_hal_dma2d.c:946:19:HAL_DMA2D_CLUTLoading_Resume	0	static
stm32f7xx_hal_dma2d.c:985:19:HAL_DMA2D_PollForTransfer	24	static
stm32f7xx_hal_dma2d.c:1272:13:HAL_DMA2D_LineEventCallback	0	static
stm32f7xx_hal_dma2d.c:1288:13:HAL_DMA2D_CLUTLoadingCpltCallback	0	static
stm32f7xx_hal_dma2d.c:1111:6:HAL_DMA2D_IRQHandler	24	static
stm32f7xx_hal_dma2d.c:1331:19:HAL_DMA2D_ConfigLayer	16	static
stm32f7xx_hal_dma2d.c:1430:19:HAL_DMA2D_ConfigCLUT	24	static
stm32f7xx_hal_dma2d.c:1484:19:HAL_DMA2D_ProgramLineEvent	8	static
stm32f7xx_hal_dma2d.c:1522:19:HAL_DMA2D_EnableDeadTime	8	static
stm32f7xx_hal_dma2d.c:1545:19:HAL_DMA2D_DisableDeadTime	8	static
stm32f7xx_hal_dma2d.c:1571:19:HAL_DMA2D_ConfigDeadTime	12	static
stm32f7xx_hal_dma2d.c:1616:24:HAL_DMA2D_GetState	0	static
stm32f7xx_hal_dma2d.c:1627:10:HAL_DMA2D_GetError	0	static
