stm32f7xx_hal_sd.c:2184:13:SD_DMATransmitCplt	0	static
stm32f7xx_hal_sd.c:2770:17:SD_FindSCR	64	static
stm32f7xx_hal_sd.c:435:13:HAL_SD_MspInit	0	static
stm32f7xx_hal_sd.c:450:13:HAL_SD_MspDeInit	0	static
stm32f7xx_hal_sd.c:404:19:HAL_SD_DeInit	8	static
stm32f7xx_hal_sd.c:491:19:HAL_SD_ReadBlocks	56	static
stm32f7xx_hal_sd.c:677:19:HAL_SD_WriteBlocks	48	static
stm32f7xx_hal_sd.c:849:19:HAL_SD_ReadBlocks_IT	48	static
stm32f7xx_hal_sd.c:950:19:HAL_SD_WriteBlocks_IT	48	static
stm32f7xx_hal_sd.c:1052:19:HAL_SD_ReadBlocks_DMA	48	static
stm32f7xx_hal_sd.c:1165:19:HAL_SD_WriteBlocks_DMA	48	static
stm32f7xx_hal_sd.c:1275:19:HAL_SD_Erase	32	static
stm32f7xx_hal_sd.c:1521:21:HAL_SD_GetState	0	static
stm32f7xx_hal_sd.c:1532:10:HAL_SD_GetError	0	static
stm32f7xx_hal_sd.c:1542:14:HAL_SD_TxCpltCallback	0	static
stm32f7xx_hal_sd.c:1557:13:HAL_SD_RxCpltCallback	0	static
stm32f7xx_hal_sd.c:1572:13:HAL_SD_ErrorCallback	0	static
stm32f7xx_hal_sd.c:2197:13:SD_DMAReceiveCplt	16	static
stm32f7xx_hal_sd.c:2230:13:SD_DMAError	8	static
stm32f7xx_hal_sd.c:1587:13:HAL_SD_AbortCallback	0	static
stm32f7xx_hal_sd.c:2265:13:SD_DMATxAbort	16	static
stm32f7xx_hal_sd.c:2302:13:SD_DMARxAbort	16	static
stm32f7xx_hal_sd.c:1375:6:HAL_SD_IRQHandler	16	static
stm32f7xx_hal_sd.c:1625:19:HAL_SD_GetCardCID	16	static
stm32f7xx_hal_sd.c:1706:19:HAL_SD_GetCardCSD	20	static
stm32f7xx_hal_sd.c:350:19:HAL_SD_InitCard	112	static
stm32f7xx_hal_sd.c:301:19:HAL_SD_Init	8	static
stm32f7xx_hal_sd.c:1853:19:HAL_SD_GetCardStatus	120	static
stm32f7xx_hal_sd.c:1941:19:HAL_SD_GetCardInfo	8	static
stm32f7xx_hal_sd.c:1966:19:HAL_SD_ConfigWideBusOperation	64	static
stm32f7xx_hal_sd.c:2038:25:HAL_SD_GetCardState	8	static
stm32f7xx_hal_sd.c:2061:19:HAL_SD_Abort	8	static
stm32f7xx_hal_sd.c:2108:19:HAL_SD_Abort_IT	16	static
