stm32f7xx_hal_uart.c:623:13:HAL_UART_MspInit	0	static
stm32f7xx_hal_uart.c:638:13:HAL_UART_MspDeInit	0	static
stm32f7xx_hal_uart.c:585:19:HAL_UART_DeInit	16	static
stm32f7xx_hal_uart.c:716:19:HAL_UART_Transmit	32	static
stm32f7xx_hal_uart.c:785:19:HAL_UART_Receive	40	static
stm32f7xx_hal_uart.c:856:19:HAL_UART_Transmit_IT	12	static
stm32f7xx_hal_uart.c:897:19:HAL_UART_Receive_IT	4	static
stm32f7xx_hal_uart.c:944:19:HAL_UART_Transmit_DMA	24	static
stm32f7xx_hal_uart.c:1009:19:HAL_UART_Receive_DMA	24	static
stm32f7xx_hal_uart.c:1072:19:HAL_UART_DMAPause	0	static
stm32f7xx_hal_uart.c:1105:19:HAL_UART_DMAResume	0	static
stm32f7xx_hal_uart.c:1143:19:HAL_UART_DMAStop	8	static
stm32f7xx_hal_uart.c:1335:19:UART_WaitOnFlagUntilTimeout	32	static
stm32f7xx_hal_uart.c:1488:14:HAL_UART_TxCpltCallback	0	static
stm32f7xx_hal_uart.c:1366:13:UART_DMATransmitCplt	8	static
stm32f7xx_hal_uart.c:1503:14:HAL_UART_TxHalfCpltCallback	0	static
stm32f7xx_hal_uart.c:1394:13:UART_DMATxHalfCplt	8	static
stm32f7xx_hal_uart.c:1518:13:HAL_UART_RxCpltCallback	0	static
stm32f7xx_hal_uart.c:1406:13:UART_DMAReceiveCplt	8	static
stm32f7xx_hal_uart.c:1533:13:HAL_UART_RxHalfCpltCallback	0	static
stm32f7xx_hal_uart.c:1434:13:UART_DMARxHalfCplt	8	static
stm32f7xx_hal_uart.c:1548:14:HAL_UART_ErrorCallback	0	static
stm32f7xx_hal_uart.c:1446:13:UART_DMAError	8	static
stm32f7xx_hal_uart.c:1190:6:HAL_UART_IRQHandler	16	static
stm32f7xx_hal_uart.c:1474:13:UART_DMAAbortOnError	8	static
stm32f7xx_hal_uart.c:1746:19:HAL_MultiProcessor_EnableMuteMode	24	static
stm32f7xx_hal_uart.c:1767:19:HAL_MultiProcessor_DisableMuteMode	24	static
stm32f7xx_hal_uart.c:1788:6:HAL_MultiProcessor_EnterMuteMode	0	static
stm32f7xx_hal_uart.c:1800:23:HAL_UART_GetState	0	static
stm32f7xx_hal_uart.c:1815:10:HAL_UART_GetError	0	static
stm32f7xx_hal_uart.c:1825:19:UART_SetConfig	24	static
stm32f7xx_hal_uart.c:1936:6:UART_AdvFeatureConfig	4	static
stm32f7xx_hal_uart.c:241:19:HAL_UART_Init	24	static
stm32f7xx_hal_uart.c:304:19:HAL_HalfDuplex_Init	24	static
stm32f7xx_hal_uart.c:364:19:HAL_LIN_Init	24	static
stm32f7xx_hal_uart.c:438:19:HAL_MultiProcessor_Init	24	static
stm32f7xx_hal_uart.c:516:19:HAL_RS485Ex_Init	24	static
stm32f7xx_hal_uart.c:2011:19:UART_CheckIdleState	24	static
stm32f7xx_hal_uart.c:2048:19:HAL_HalfDuplex_EnableTransmitter	8	static
stm32f7xx_hal_uart.c:2071:19:HAL_HalfDuplex_EnableReceiver	8	static
stm32f7xx_hal_uart.c:2095:19:HAL_LIN_SendBreak	8	static
stm32f7xx_hal_uart.c:2129:19:HAL_MultiProcessorEx_AddressLength_Set	24	static
