stm32f7xx_hal_qspi.c:2041:13:QSPI_DMARxCplt	0	static
stm32f7xx_hal_qspi.c:2055:13:QSPI_DMATxCplt	0	static
stm32f7xx_hal_qspi.c:2189:13:QSPI_Config	28	static
stm32f7xx_hal_qspi.c:2093:13:QSPI_DMAError	8	static
stm32f7xx_hal_qspi.c:362:14:HAL_QSPI_MspInit	0	static
stm32f7xx_hal_qspi.c:249:19:HAL_QSPI_Init	24	static
stm32f7xx_hal_qspi.c:377:14:HAL_QSPI_MspDeInit	0	static
stm32f7xx_hal_qspi.c:328:19:HAL_QSPI_DeInit	8	static
stm32f7xx_hal_qspi.c:643:19:HAL_QSPI_Command	24	static
stm32f7xx_hal_qspi.c:733:19:HAL_QSPI_Command_IT	24	static
stm32f7xx_hal_qspi.c:1006:19:HAL_QSPI_Transmit_IT	12	static
stm32f7xx_hal_qspi.c:1066:19:HAL_QSPI_Receive_IT	16	static
stm32f7xx_hal_qspi.c:1134:19:HAL_QSPI_Transmit_DMA	24	static
stm32f7xx_hal_qspi.c:1268:19:HAL_QSPI_Receive_DMA	24	static
stm32f7xx_hal_qspi.c:1402:19:HAL_QSPI_AutoPolling	32	static
stm32f7xx_hal_qspi.c:1502:19:HAL_QSPI_AutoPolling_IT	32	static
stm32f7xx_hal_qspi.c:1606:19:HAL_QSPI_MemoryMapped	24	static
stm32f7xx_hal_qspi.c:1692:13:HAL_QSPI_ErrorCallback	0	static
stm32f7xx_hal_qspi.c:2117:13:QSPI_DMAAbortCplt	8	static
stm32f7xx_hal_qspi.c:1707:13:HAL_QSPI_AbortCpltCallback	0	static
stm32f7xx_hal_qspi.c:1722:13:HAL_QSPI_CmdCpltCallback	0	static
stm32f7xx_hal_qspi.c:1737:13:HAL_QSPI_RxCpltCallback	0	static
stm32f7xx_hal_qspi.c:1752:14:HAL_QSPI_TxCpltCallback	0	static
stm32f7xx_hal_qspi.c:1767:13:HAL_QSPI_RxHalfCpltCallback	0	static
stm32f7xx_hal_qspi.c:2069:13:QSPI_DMARxHalfCplt	8	static
stm32f7xx_hal_qspi.c:1782:14:HAL_QSPI_TxHalfCpltCallback	0	static
stm32f7xx_hal_qspi.c:2081:13:QSPI_DMATxHalfCplt	8	static
stm32f7xx_hal_qspi.c:1797:13:HAL_QSPI_FifoThresholdCallback	0	static
stm32f7xx_hal_qspi.c:1812:13:HAL_QSPI_StatusMatchCallback	0	static
stm32f7xx_hal_qspi.c:1827:13:HAL_QSPI_TimeOutCallback	0	static
stm32f7xx_hal_qspi.c:416:6:HAL_QSPI_IRQHandler	16	static
stm32f7xx_hal_qspi.c:1863:23:HAL_QSPI_GetState	0	static
stm32f7xx_hal_qspi.c:1874:10:HAL_QSPI_GetError	0	static
stm32f7xx_hal_qspi.c:1884:19:HAL_QSPI_Abort	16	static
stm32f7xx_hal_qspi.c:833:19:HAL_QSPI_Transmit	24	static
stm32f7xx_hal_qspi.c:919:19:HAL_QSPI_Receive	24	static
stm32f7xx_hal_qspi.c:1937:19:HAL_QSPI_Abort_IT	8	static
stm32f7xx_hal_qspi.c:1983:6:HAL_QSPI_SetTimeout	0	static
stm32f7xx_hal_qspi.c:1993:19:HAL_QSPI_SetFifoThreshold	8	static
stm32f7xx_hal_qspi.c:2025:10:HAL_QSPI_GetFifoThreshold	0	static
