stm32f7xx_hal_tim_ex.c:293:13:HAL_TIMEx_HallSensor_MspInit	0	static
stm32f7xx_hal_tim_ex.c:164:19:HAL_TIMEx_HallSensor_Init	56	static
stm32f7xx_hal_tim_ex.c:309:13:HAL_TIMEx_HallSensor_MspDeInit	0	static
stm32f7xx_hal_tim_ex.c:256:19:HAL_TIMEx_HallSensor_DeInit	8	static
stm32f7xx_hal_tim_ex.c:325:19:HAL_TIMEx_HallSensor_Start	8	static
stm32f7xx_hal_tim_ex.c:347:19:HAL_TIMEx_HallSensor_Stop	8	static
stm32f7xx_hal_tim_ex.c:369:19:HAL_TIMEx_HallSensor_Start_IT	16	static
stm32f7xx_hal_tim_ex.c:394:19:HAL_TIMEx_HallSensor_Stop_IT	8	static
stm32f7xx_hal_tim_ex.c:421:19:HAL_TIMEx_HallSensor_Start_DMA	24	static
stm32f7xx_hal_tim_ex.c:469:19:HAL_TIMEx_HallSensor_Stop_DMA	8	static
stm32f7xx_hal_tim_ex.c:525:19:HAL_TIMEx_OCN_Start	4	static
stm32f7xx_hal_tim_ex.c:555:19:HAL_TIMEx_OCN_Stop	4	static
stm32f7xx_hal_tim_ex.c:585:19:HAL_TIMEx_OCN_Start_IT	4	static
stm32f7xx_hal_tim_ex.c:652:19:HAL_TIMEx_OCN_Stop_IT	4	static
stm32f7xx_hal_tim_ex.c:727:19:HAL_TIMEx_OCN_Start_DMA	24	static
stm32f7xx_hal_tim_ex.c:842:19:HAL_TIMEx_OCN_Stop_DMA	8	static
stm32f7xx_hal_tim_ex.c:942:19:HAL_TIMEx_PWMN_Start	4	static
stm32f7xx_hal_tim_ex.c:971:19:HAL_TIMEx_PWMN_Stop	4	static
stm32f7xx_hal_tim_ex.c:1001:19:HAL_TIMEx_PWMN_Start_IT	4	static
stm32f7xx_hal_tim_ex.c:1068:19:HAL_TIMEx_PWMN_Stop_IT	4	static
stm32f7xx_hal_tim_ex.c:1143:19:HAL_TIMEx_PWMN_Start_DMA	24	static
stm32f7xx_hal_tim_ex.c:1258:19:HAL_TIMEx_PWMN_Stop_DMA	8	static
stm32f7xx_hal_tim_ex.c:1346:19:HAL_TIMEx_OnePulseN_Start	4	static
stm32f7xx_hal_tim_ex.c:1372:19:HAL_TIMEx_OnePulseN_Stop	4	static
stm32f7xx_hal_tim_ex.c:1402:19:HAL_TIMEx_OnePulseN_Start_IT	4	static
stm32f7xx_hal_tim_ex.c:1434:19:HAL_TIMEx_OnePulseN_Stop_IT	4	static
stm32f7xx_hal_tim_ex.c:1504:19:HAL_TIMEx_ConfigCommutationEvent	8	static
stm32f7xx_hal_tim_ex.c:1554:19:HAL_TIMEx_ConfigCommutationEvent_IT	8	static
stm32f7xx_hal_tim_ex.c:1608:19:HAL_TIMEx_ConfigCommutationEvent_DMA	12	static
stm32f7xx_hal_tim_ex.c:1653:19:HAL_TIMEx_MasterConfigSynchronization	12	static
stm32f7xx_hal_tim_ex.c:1714:19:HAL_TIMEx_ConfigBreakDeadTime	12	static
stm32f7xx_hal_tim_ex.c:1897:19:HAL_TIMEx_RemapConfig	4	static
stm32f7xx_hal_tim_ex.c:1926:19:HAL_TIMEx_GroupChannel5	12	static
stm32f7xx_hal_tim_ex.c:1975:13:HAL_TIMEx_CommutationCallback	0	static
stm32f7xx_hal_tim_ex.c:2041:6:TIMEx_DMACommutationCplt	8	static
stm32f7xx_hal_tim_ex.c:1991:13:HAL_TIMEx_BreakCallback	0	static
stm32f7xx_hal_tim_ex.c:2026:22:HAL_TIMEx_HallSensor_GetState	0	static
stm32f7xx_hal_tim_ex.c:2072:19:HAL_TIM_ConfigOCrefClear	16	static
stm32f7xx_hal_tim_ex.c:2227:19:HAL_TIM_OC_ConfigChannel	24	static
stm32f7xx_hal_tim_ex.c:2327:19:HAL_TIM_PWM_ConfigChannel	24	static
