stm32f7xx_hal_sai.c:563:13:HAL_SAI_MspInit	0	static
stm32f7xx_hal_sai.c:320:19:HAL_SAI_Init	24	static
stm32f7xx_hal_sai.c:281:19:HAL_SAI_InitProtocol	24	static
stm32f7xx_hal_sai.c:579:13:HAL_SAI_MspDeInit	0	static
stm32f7xx_hal_sai.c:522:19:HAL_SAI_DeInit	16	static
stm32f7xx_hal_sai.c:644:19:HAL_SAI_Transmit	24	static
stm32f7xx_hal_sai.c:744:19:HAL_SAI_Receive	24	static
stm32f7xx_hal_sai.c:841:19:HAL_SAI_Transmit_IT	12	static
stm32f7xx_hal_sai.c:903:19:HAL_SAI_Receive_IT	8	static
stm32f7xx_hal_sai.c:961:19:HAL_SAI_DMAPause	4	static
stm32f7xx_hal_sai.c:981:19:HAL_SAI_DMAResume	0	static
stm32f7xx_hal_sai.c:1008:19:HAL_SAI_DMAStop	16	static
stm32f7xx_hal_sai.c:1067:19:HAL_SAI_Abort	16	static
stm32f7xx_hal_sai.c:1135:19:HAL_SAI_Transmit_DMA	24	static
stm32f7xx_hal_sai.c:1204:19:HAL_SAI_Receive_DMA	24	static
stm32f7xx_hal_sai.c:1273:19:HAL_SAI_EnableTxMuteMode	0	static
stm32f7xx_hal_sai.c:1292:19:HAL_SAI_DisableTxMuteMode	0	static
stm32f7xx_hal_sai.c:1310:19:HAL_SAI_EnableRxMuteMode	8	static
stm32f7xx_hal_sai.c:1333:19:HAL_SAI_DisableRxMuteMode	4	static
stm32f7xx_hal_sai.c:1518:13:HAL_SAI_TxCpltCallback	0	static
stm32f7xx_hal_sai.c:1934:13:SAI_Transmit_IT16Bit	16	static
stm32f7xx_hal_sai.c:2063:13:SAI_DMATxCplt	16	static
stm32f7xx_hal_sai.c:1959:13:SAI_Transmit_IT32Bit	16	static
stm32f7xx_hal_sai.c:1910:13:SAI_Transmit_IT8Bit	16	static
stm32f7xx_hal_sai.c:1534:14:HAL_SAI_TxHalfCpltCallback	0	static
stm32f7xx_hal_sai.c:2088:13:SAI_DMATxHalfCplt	8	static
stm32f7xx_hal_sai.c:1550:13:HAL_SAI_RxCpltCallback	0	static
stm32f7xx_hal_sai.c:2036:13:SAI_Receive_IT32Bit	16	static
stm32f7xx_hal_sai.c:2010:13:SAI_Receive_IT16Bit	16	static
stm32f7xx_hal_sai.c:1984:13:SAI_Receive_IT8Bit	16	static
stm32f7xx_hal_sai.c:2101:13:SAI_DMARxCplt	16	static
stm32f7xx_hal_sai.c:1566:13:HAL_SAI_RxHalfCpltCallback	0	static
stm32f7xx_hal_sai.c:2124:13:SAI_DMARxHalfCplt	8	static
stm32f7xx_hal_sai.c:1582:13:HAL_SAI_ErrorCallback	0	static
stm32f7xx_hal_sai.c:2136:13:SAI_DMAError	8	static
stm32f7xx_hal_sai.c:1352:6:HAL_SAI_IRQHandler	24	static
stm32f7xx_hal_sai.c:2167:13:SAI_DMAAbort	8	static
stm32f7xx_hal_sai.c:1618:22:HAL_SAI_GetState	0	static
stm32f7xx_hal_sai.c:1629:10:HAL_SAI_GetError	0	static
