Archive member included to satisfy reference by file (symbol)

c:/st/stm32cubeide_1.5.0/stm32cubeide/plugins/com.st.stm32cube.ide.mcu.externaltools.gnu-tools-for-stm32.7-2018-q2-update.win32_1.5.0.202011040924/tools/bin/../lib/gcc/arm-none-eabi/7.3.1/../../../../arm-none-eabi/lib/thumb/v7e-m/fpv4-sp/hard\libstdc++.a(del_opv.o)
                              Src/JPEGDecoder.o (operator delete[](void*))
c:/st/stm32cubeide_1.5.0/stm32cubeide/plugins/com.st.stm32cube.ide.mcu.externaltools.gnu-tools-for-stm32.7-2018-q2-update.win32_1.5.0.202011040924/tools/bin/../lib/gcc/arm-none-eabi/7.3.1/../../../../arm-none-eabi/lib/thumb/v7e-m/fpv4-sp/hard\libstdc++.a(new_opv.o)
                              Src/JPEGDecoder.o (operator new[](unsigned int))
c:/st/stm32cubeide_1.5.0/stm32cubeide/plugins/com.st.stm32cube.ide.mcu.externaltools.gnu-tools-for-stm32.7-2018-q2-update.win32_1.5.0.202011040924/tools/bin/../lib/gcc/arm-none-eabi/7.3.1/../../../../arm-none-eabi/lib/thumb/v7e-m/fpv4-sp/hard\libstdc++.a(new_op.o)
                              c:/st/stm32cubeide_1.5.0/stm32cubeide/plugins/com.st.stm32cube.ide.mcu.externaltools.gnu-tools-for-stm32.7-2018-q2-update.win32_1.5.0.202011040924/tools/bin/../lib/gcc/arm-none-eabi/7.3.1/../../../../arm-none-eabi/lib/thumb/v7e-m/fpv4-sp/hard\libstdc++.a(new_opv.o) (operator new(unsigned int))
c:/st/stm32cubeide_1.5.0/stm32cubeide/plugins/com.st.stm32cube.ide.mcu.externaltools.gnu-tools-for-stm32.7-2018-q2-update.win32_1.5.0.202011040924/tools/bin/../lib/gcc/arm-none-eabi/7.3.1/../../../../arm-none-eabi/lib/thumb/v7e-m/fpv4-sp/hard\libstdc++.a(new_handler.o)
                              c:/st/stm32cubeide_1.5.0/stm32cubeide/plugins/com.st.stm32cube.ide.mcu.externaltools.gnu-tools-for-stm32.7-2018-q2-update.win32_1.5.0.202011040924/tools/bin/../lib/gcc/arm-none-eabi/7.3.1/../../../../arm-none-eabi/lib/thumb/v7e-m/fpv4-sp/hard\libstdc++.a(new_op.o) (std::get_new_handler())
c:/st/stm32cubeide_1.5.0/stm32cubeide/plugins/com.st.stm32cube.ide.mcu.externaltools.gnu-tools-for-stm32.7-2018-q2-update.win32_1.5.0.202011040924/tools/bin/../lib/gcc/arm-none-eabi/7.3.1/../../../../arm-none-eabi/lib/thumb/v7e-m/fpv4-sp/hard\libstdc++.a(del_op.o)
                              c:/st/stm32cubeide_1.5.0/stm32cubeide/plugins/com.st.stm32cube.ide.mcu.externaltools.gnu-tools-for-stm32.7-2018-q2-update.win32_1.5.0.202011040924/tools/bin/../lib/gcc/arm-none-eabi/7.3.1/../../../../arm-none-eabi/lib/thumb/v7e-m/fpv4-sp/hard\libstdc++.a(del_opv.o) (operator delete(void*))
c:/st/stm32cubeide_1.5.0/stm32cubeide/plugins/com.st.stm32cube.ide.mcu.externaltools.gnu-tools-for-stm32.7-2018-q2-update.win32_1.5.0.202011040924/tools/bin/../lib/gcc/arm-none-eabi/7.3.1/../../../../arm-none-eabi/lib/thumb/v7e-m/fpv4-sp/hard\libstdc++.a(eh_alloc.o)
                              c:/st/stm32cubeide_1.5.0/stm32cubeide/plugins/com.st.stm32cube.ide.mcu.externaltools.gnu-tools-for-stm32.7-2018-q2-update.win32_1.5.0.202011040924/tools/bin/../lib/gcc/arm-none-eabi/7.3.1/../../../../arm-none-eabi/lib/thumb/v7e-m/fpv4-sp/hard\libstdc++.a(new_op.o) (__cxa_allocate_exception)
c:/st/stm32cubeide_1.5.0/stm32cubeide/plugins/com.st.stm32cube.ide.mcu.externaltools.gnu-tools-for-stm32.7-2018-q2-update.win32_1.5.0.202011040924/tools/bin/../lib/gcc/arm-none-eabi/7.3.1/../../../../arm-none-eabi/lib/thumb/v7e-m/fpv4-sp/hard\libstdc++.a(bad_alloc.o)
                              c:/st/stm32cubeide_1.5.0/stm32cubeide/plugins/com.st.stm32cube.ide.mcu.externaltools.gnu-tools-for-stm32.7-2018-q2-update.win32_1.5.0.202011040924/tools/bin/../lib/gcc/arm-none-eabi/7.3.1/../../../../arm-none-eabi/lib/thumb/v7e-m/fpv4-sp/hard\libstdc++.a(new_op.o) (std::bad_alloc::~bad_alloc())
c:/st/stm32cubeide_1.5.0/stm32cubeide/plugins/com.st.stm32cube.ide.mcu.externaltools.gnu-tools-for-stm32.7-2018-q2-update.win32_1.5.0.202011040924/tools/bin/../lib/gcc/arm-none-eabi/7.3.1/../../../../arm-none-eabi/lib/thumb/v7e-m/fpv4-sp/hard\libstdc++.a(del_ops.o)
                              c:/st/stm32cubeide_1.5.0/stm32cubeide/plugins/com.st.stm32cube.ide.mcu.externaltools.gnu-tools-for-stm32.7-2018-q2-update.win32_1.5.0.202011040924/tools/bin/../lib/gcc/arm-none-eabi/7.3.1/../../../../arm-none-eabi/lib/thumb/v7e-m/fpv4-sp/hard\libstdc++.a(bad_alloc.o) (operator delete(void*, unsigned int))
c:/st/stm32cubeide_1.5.0/stm32cubeide/plugins/com.st.stm32cube.ide.mcu.externaltools.gnu-tools-for-stm32.7-2018-q2-update.win32_1.5.0.202011040924/tools/bin/../lib/gcc/arm-none-eabi/7.3.1/../../../../arm-none-eabi/lib/thumb/v7e-m/fpv4-sp/hard\libstdc++.a(eh_throw.o)
                              c:/st/stm32cubeide_1.5.0/stm32cubeide/plugins/com.st.stm32cube.ide.mcu.externaltools.gnu-tools-for-stm32.7-2018-q2-update.win32_1.5.0.202011040924/tools/bin/../lib/gcc/arm-none-eabi/7.3.1/../../../../arm-none-eabi/lib/thumb/v7e-m/fpv4-sp/hard\libstdc++.a(new_op.o) (__cxa_throw)
[...]
Memory Configuration

Name             Origin             Length             Attributes
RAM              0x0000000020000000 0x0000000000050000 xrw
FLASH            0x0000000008000000 0x0000000000100000 xr
DTCMRAM          0x0000000000000000 0xffffffffffffffff
*default*        0x0000000000000000 0xffffffffffffffff

Linker script and memory map

LOAD c:/st/stm32cubeide_1.5.0/stm32cubeide/plugins/com.st.stm32cube.ide.mcu.externaltools.gnu-tools-for-stm32.7-2018-q2-update.win32_1.5.0.202011040924/tools/bin/../lib/gcc/arm-none-eabi/7.3.1/thumb/v7e-m/fpv4-sp/hard/crti.o
LOAD c:/st/stm32cubeide_1.5.0/stm32cubeide/plugins/com.st.stm32cube.ide.mcu.externaltools.gnu-tools-for-stm32.7-2018-q2-update.win32_1.5.0.202011040924/tools/bin/../lib/gcc/arm-none-eabi/7.3.1/thumb/v7e-m/fpv4-sp/hard/crtbegin.o
LOAD c:/st/stm32cubeide_1.5.0/stm32cubeide/plugins/com.st.stm32cube.ide.mcu.externaltools.gnu-tools-for-stm32.7-2018-q2-update.win32_1.5.0.202011040924/tools/bin/../lib/gcc/arm-none-eabi/7.3.1/../../../../arm-none-eabi/lib/thumb/v7e-m/fpv4-sp/hard/crt0.o
LOAD Drivers/BSP/Components/exc7200/exc7200.o
LOAD Drivers/BSP/Components/ft5336/ft5336.o
LOAD Drivers/BSP/Components/mfxstm32l152/mfxstm32l152.o
LOAD Drivers/BSP/Components/ov9655/ov9655.o
LOAD Drivers/BSP/Components/s5k5cag/s5k5cag.o
LOAD Drivers/BSP/Components/stmpe811/stmpe811.o
LOAD Drivers/BSP/Components/ts3510/ts3510.o
LOAD Drivers/BSP/Components/wm8994/wm8994.o
LOAD Drivers/BSP/STM32746G-Discovery/stm32746g_discovery.o
LOAD Drivers/BSP/STM32746G-Discovery/stm32746g_discovery_audio.o
LOAD Drivers/BSP/STM32746G-Discovery/stm32746g_discovery_eeprom.o
LOAD Drivers/BSP/STM32746G-Discovery/stm32746g_discovery_lcd.o
LOAD Drivers/BSP/STM32746G-Discovery/stm32746g_discovery_qspi.o
LOAD Drivers/BSP/STM32746G-Discovery/stm32746g_discovery_sd.o
LOAD Drivers/BSP/STM32746G-Discovery/stm32746g_discovery_sdram.o
LOAD Drivers/BSP/STM32746G-Discovery/stm32746g_discovery_ts.o
LOAD Drivers/STM32F7xx_HAL_Driver/Src/stm32f7xx_hal.o
LOAD Drivers/STM32F7xx_HAL_Driver/Src/stm32f7xx_hal_adc.o
LOAD Drivers/STM32F7xx_HAL_Driver/Src/stm32f7xx_hal_adc_ex.o
LOAD Drivers/STM32F7xx_HAL_Driver/Src/stm32f7xx_hal_cortex.o
LOAD Drivers/STM32F7xx_HAL_Driver/Src/stm32f7xx_hal_dcmi.o
LOAD Drivers/STM32F7xx_HAL_Driver/Src/stm32f7xx_hal_dcmi_ex.o
LOAD Drivers/STM32F7xx_HAL_Driver/Src/stm32f7xx_hal_dma.o
LOAD Drivers/STM32F7xx_HAL_Driver/Src/stm32f7xx_hal_dma2d.o
LOAD Drivers/STM32F7xx_HAL_Driver/Src/stm32f7xx_hal_dma_ex.o
LOAD Drivers/STM32F7xx_HAL_Driver/Src/stm32f7xx_hal_dsi.o
LOAD Drivers/STM32F7xx_HAL_Driver/Src/stm32f7xx_hal_flash.o
LOAD Drivers/STM32F7xx_HAL_Driver/Src/stm32f7xx_hal_flash_ex.o
LOAD Drivers/STM32F7xx_HAL_Driver/Src/stm32f7xx_hal_gpio.o
LOAD Drivers/STM32F7xx_HAL_Driver/Src/stm32f7xx_hal_i2c.o
LOAD Drivers/STM32F7xx_HAL_Driver/Src/stm32f7xx_hal_i2c_ex.o
LOAD Drivers/STM32F7xx_HAL_Driver/Src/stm32f7xx_hal_ltdc.o
LOAD Drivers/STM32F7xx_HAL_Driver/Src/stm32f7xx_hal_ltdc_ex.o
LOAD Drivers/STM32F7xx_HAL_Driver/Src/stm32f7xx_hal_pwr.o
LOAD Drivers/STM32F7xx_HAL_Driver/Src/stm32f7xx_hal_pwr_ex.o
LOAD Drivers/STM32F7xx_HAL_Driver/Src/stm32f7xx_hal_qspi.o
LOAD Drivers/STM32F7xx_HAL_Driver/Src/stm32f7xx_hal_rcc.o
LOAD Drivers/STM32F7xx_HAL_Driver/Src/stm32f7xx_hal_rcc_ex.o
LOAD Drivers/STM32F7xx_HAL_Driver/Src/stm32f7xx_hal_rtc.o
LOAD Drivers/STM32F7xx_HAL_Driver/Src/stm32f7xx_hal_rtc_ex.o
LOAD Drivers/STM32F7xx_HAL_Driver/Src/stm32f7xx_hal_sai.o
LOAD Drivers/STM32F7xx_HAL_Driver/Src/stm32f7xx_hal_sai_ex.o
LOAD Drivers/STM32F7xx_HAL_Driver/Src/stm32f7xx_hal_sd.o
LOAD Drivers/STM32F7xx_HAL_Driver/Src/stm32f7xx_hal_sdram.o
LOAD Drivers/STM32F7xx_HAL_Driver/Src/stm32f7xx_hal_spi.o
LOAD Drivers/STM32F7xx_HAL_Driver/Src/stm32f7xx_hal_tim.o
LOAD Drivers/STM32F7xx_HAL_Driver/Src/stm32f7xx_hal_tim_ex.o
LOAD Drivers/STM32F7xx_HAL_Driver/Src/stm32f7xx_hal_uart.o
LOAD Drivers/STM32F7xx_HAL_Driver/Src/stm32f7xx_ll_fmc.o
LOAD Drivers/STM32F7xx_HAL_Driver/Src/stm32f7xx_ll_sdmmc.o
LOAD Src/GAP9MHSA/src/MHSA.o
LOAD Src/GAP9MHSA/src/dory.o
LOAD Src/GAP9MHSA/src/iSoftmax.o
LOAD Src/GAP9MHSA/src/linearO_4x2_H.o
LOAD Src/GAP9MHSA/src/linearQK_4x2_H.o
LOAD Src/GAP9MHSA/src/linearV_4x2_H.o
LOAD Src/GAP9MHSA/src/matmulSoftmax_4x2_S.o
LOAD Src/GAP9MHSA/src/matmul_4x2_S.o
LOAD Src/JPEGDecoder.o
LOAD Src/camera.o
LOAD Src/camera_i2c.o
LOAD Src/camera_spi.o
LOAD Src/lcd.o
LOAD Src/main.o
LOAD Src/picojpeg.o
LOAD Src/startup_stm32f746xx.o
LOAD Src/stm32f7xx_hal_msp.o
LOAD Src/stm32f7xx_it.o
LOAD Src/system_stm32f7xx.o
LOAD Src/TinyEngine/codegen/Source/depthwise_kernel3x3_stride1_inplace_CHW_fpreq.o
LOAD Src/TinyEngine/codegen/Source/depthwise_kernel3x3_stride1_inplace_CHW_fpreq_bitmask.o
LOAD Src/TinyEngine/codegen/Source/depthwise_kernel3x3_stride1_inplace_CHW_fpreq_mask.o
LOAD Src/TinyEngine/codegen/Source/depthwise_kernel3x3_stride2_inplace_CHW_fpreq.o
LOAD Src/TinyEngine/codegen/Source/depthwise_kernel3x3_stride2_inplace_CHW_fpreq_bitmask.o
LOAD Src/TinyEngine/codegen/Source/depthwise_kernel3x3_stride2_inplace_CHW_fpreq_mask.o
LOAD Src/TinyEngine/codegen/Source/depthwise_kernel5x5_stride1_inplace_CHW_fpreq.o
LOAD Src/TinyEngine/codegen/Source/depthwise_kernel5x5_stride1_inplace_CHW_fpreq_bitmask.o
LOAD Src/TinyEngine/codegen/Source/depthwise_kernel5x5_stride1_inplace_CHW_fpreq_mask.o
LOAD Src/TinyEngine/codegen/Source/depthwise_kernel5x5_stride2_inplace_CHW_fpreq.o
LOAD Src/TinyEngine/codegen/Source/depthwise_kernel5x5_stride2_inplace_CHW_fpreq_bitmask.o
LOAD Src/TinyEngine/codegen/Source/depthwise_kernel5x5_stride2_inplace_CHW_fpreq_mask.o
LOAD Src/TinyEngine/codegen/Source/depthwise_kernel7x7_stride1_inplace_CHW_fpreq.o
LOAD Src/TinyEngine/codegen/Source/depthwise_kernel7x7_stride1_inplace_CHW_fpreq_bitmask.o
LOAD Src/TinyEngine/codegen/Source/depthwise_kernel7x7_stride1_inplace_CHW_fpreq_mask.o
LOAD Src/TinyEngine/codegen/Source/depthwise_kernel7x7_stride2_inplace_CHW_fpreq.o
LOAD Src/TinyEngine/codegen/Source/depthwise_kernel7x7_stride2_inplace_CHW_fpreq_bitmask.o
LOAD Src/TinyEngine/codegen/Source/depthwise_kernel7x7_stride2_inplace_CHW_fpreq_mask.o
LOAD Src/TinyEngine/codegen/Source/genModel.o
LOAD Src/TinyEngine/src/kernels/fp_backward_op/add_fp.o
LOAD Src/TinyEngine/src/kernels/fp_backward_op/div_fp.o
LOAD Src/TinyEngine/src/kernels/fp_backward_op/group_conv_fp_kernel4_stride1_pad0.o
LOAD Src/TinyEngine/src/kernels/fp_backward_op/group_conv_fp_kernel8_stride1_pad0.o
LOAD Src/TinyEngine/src/kernels/fp_backward_op/group_pointwise_conv_fp.o
LOAD Src/TinyEngine/src/kernels/fp_backward_op/less_fp.o
LOAD Src/TinyEngine/src/kernels/fp_backward_op/log_softmax_fp.o
LOAD Src/TinyEngine/src/kernels/fp_backward_op/mul_fp.o
LOAD Src/TinyEngine/src/kernels/fp_backward_op/negative_fp.o
LOAD Src/TinyEngine/src/kernels/fp_backward_op/nll_loss_fp.o
LOAD Src/TinyEngine/src/kernels/fp_backward_op/pointwise_conv_fp.o
LOAD Src/TinyEngine/src/kernels/fp_backward_op/strided_slice_3Dto3D_fp.o
LOAD Src/TinyEngine/src/kernels/fp_backward_op/strided_slice_4Dto4D_fp.o
LOAD Src/TinyEngine/src/kernels/fp_backward_op/sub_fp.o
LOAD Src/TinyEngine/src/kernels/fp_backward_op/sum_2D_fp.o
LOAD Src/TinyEngine/src/kernels/fp_backward_op/sum_3D_fp.o
LOAD Src/TinyEngine/src/kernels/fp_backward_op/sum_4D_exclude_fp.o
LOAD Src/TinyEngine/src/kernels/fp_backward_op/transpose_depthwise_conv_fp_kernel3_stride1_inpad1_outpad0.o
LOAD Src/TinyEngine/src/kernels/fp_backward_op/transpose_depthwise_conv_fp_kernel3_stride2_inpad1_outpad1.o
LOAD Src/TinyEngine/src/kernels/fp_backward_op/transpose_depthwise_conv_fp_kernel5_stride1_inpad2_outpad0.o
LOAD Src/TinyEngine/src/kernels/fp_backward_op/transpose_depthwise_conv_fp_kernel5_stride2_inpad2_outpad1.o
LOAD Src/TinyEngine/src/kernels/fp_backward_op/transpose_depthwise_conv_fp_kernel7_stride1_inpad3_outpad0.o
LOAD Src/TinyEngine/src/kernels/fp_backward_op/transpose_depthwise_conv_fp_kernel7_stride2_inpad3_outpad1.o
LOAD Src/TinyEngine/src/kernels/fp_backward_op/tte_exp_fp.o
LOAD Src/TinyEngine/src/kernels/fp_backward_op/where_fp.o
LOAD Src/TinyEngine/src/kernels/fp_requantize_op/add_fpreq.o
LOAD Src/TinyEngine/src/kernels/fp_requantize_op/convolve_1x1_s8_ch16_fpreq.o
LOAD Src/TinyEngine/src/kernels/fp_requantize_op/convolve_1x1_s8_ch24_fpreq.o
LOAD Src/TinyEngine/src/kernels/fp_requantize_op/convolve_1x1_s8_ch48_fpreq.o
LOAD Src/TinyEngine/src/kernels/fp_requantize_op/convolve_1x1_s8_ch8_fpreq.o
LOAD Src/TinyEngine/src/kernels/fp_requantize_op/convolve_1x1_s8_fpreq.o
LOAD Src/TinyEngine/src/kernels/fp_requantize_op/convolve_1x1_s8_fpreq_mask.o
LOAD Src/TinyEngine/src/kernels/fp_requantize_op/convolve_1x1_s8_fpreq_mask_partialCH.o
LOAD Src/TinyEngine/src/kernels/fp_requantize_op/convolve_s8_kernel3_inputch3_stride2_pad1_fpreq.o
LOAD Src/TinyEngine/src/kernels/fp_requantize_op/mat_mul_kernels_fpreq.o
LOAD Src/TinyEngine/src/kernels/int_forward_op/add.o
LOAD Src/TinyEngine/src/kernels/int_forward_op/arm_convolve_s8_4col.o
LOAD Src/TinyEngine/src/kernels/int_forward_op/arm_nn_mat_mult_kernel3_input3_s8_s16.o
LOAD Src/TinyEngine/src/kernels/int_forward_op/arm_nn_mat_mult_kernel_s8_s16_reordered_8mul.o
LOAD Src/TinyEngine/src/kernels/int_forward_op/arm_nn_mat_mult_kernel_s8_s16_reordered_oddch.o
LOAD Src/TinyEngine/src/kernels/int_forward_op/avgpooling.o
LOAD Src/TinyEngine/src/kernels/int_forward_op/concat_ch.o
LOAD Src/TinyEngine/src/kernels/int_forward_op/convolve_1x1_s8.o
LOAD Src/TinyEngine/src/kernels/int_forward_op/convolve_1x1_s8_SRAM.o
LOAD Src/TinyEngine/src/kernels/int_forward_op/convolve_1x1_s8_ch16.o
LOAD Src/TinyEngine/src/kernels/int_forward_op/convolve_1x1_s8_ch24.o
LOAD Src/TinyEngine/src/kernels/int_forward_op/convolve_1x1_s8_ch48.o
LOAD Src/TinyEngine/src/kernels/int_forward_op/convolve_1x1_s8_ch8.o
LOAD Src/TinyEngine/src/kernels/int_forward_op/convolve_1x1_s8_kbuf.o
LOAD Src/TinyEngine/src/kernels/int_forward_op/convolve_1x1_s8_oddch.o
LOAD Src/TinyEngine/src/kernels/int_forward_op/convolve_1x1_s8_skip_pad.o
LOAD Src/TinyEngine/src/kernels/int_forward_op/convolve_s8_kernel2x3_inputch3_stride2_pad1.o
LOAD Src/TinyEngine/src/kernels/int_forward_op/convolve_s8_kernel3_inputch3_stride2_pad1.o
LOAD Src/TinyEngine/src/kernels/int_forward_op/convolve_s8_kernel3_stride1_pad1.o
LOAD Src/TinyEngine/src/kernels/int_forward_op/convolve_s8_kernel3x2_inputch3_stride2_pad1.o
LOAD Src/TinyEngine/src/kernels/int_forward_op/convolve_u8_kernel3_inputch3_stride1_pad1.o
LOAD Src/TinyEngine/src/kernels/int_forward_op/convolve_u8_kernel3_inputch3_stride2_pad1.o
LOAD Src/TinyEngine/src/kernels/int_forward_op/element_mult.o
LOAD Src/TinyEngine/src/kernels/int_forward_op/fully_connected.o
LOAD Src/TinyEngine/src/kernels/int_forward_op/mat_mul_fp.o
LOAD Src/TinyEngine/src/kernels/int_forward_op/mat_mult_kernels.o
LOAD Src/TinyEngine/src/kernels/int_forward_op/maxpooling.o
LOAD Src/TinyEngine/src/kernels/int_forward_op/patchpadding_convolve_s8_kernel3_inputch3_stride2.o
LOAD Src/TinyEngine/src/kernels/int_forward_op/patchpadding_depthwise_kernel3x3_stride1_inplace_CHW.o
LOAD Src/TinyEngine/src/kernels/int_forward_op/patchpadding_depthwise_kernel3x3_stride2_inplace_CHW.o
LOAD Src/TinyEngine/src/kernels/int_forward_op/patchpadding_kbuf_convolve_s8_kernel3_inputch3_stride2.o
LOAD Src/TinyEngine/src/kernels/int_forward_op/stable_softmax.o
LOAD Src/TinyEngine/src/kernels/int_forward_op/upsample_byte.o
LOAD Src/TinyEngine/src/yoloOutput.o
LOAD Src/ViT_00/vit.o
LOAD Src/sys/_io.o
LOAD Src/sys/stubs.o
LOAD Utilities/Fonts/font12.o
LOAD Utilities/Fonts/font16.o
LOAD Utilities/Fonts/font20.o
LOAD Utilities/Fonts/font24.o
LOAD Utilities/Fonts/font8.o
START GROUP
LOAD c:/st/stm32cubeide_1.5.0/stm32cubeide/plugins/com.st.stm32cube.ide.mcu.externaltools.gnu-tools-for-stm32.7-2018-q2-update.win32_1.5.0.202011040924/tools/bin/../lib/gcc/arm-none-eabi/7.3.1/../../../../arm-none-eabi/lib/thumb/v7e-m/fpv4-sp/hard\libstdc++.a
LOAD c:/st/stm32cubeide_1.5.0/stm32cubeide/plugins/com.st.stm32cube.ide.mcu.externaltools.gnu-tools-for-stm32.7-2018-q2-update.win32_1.5.0.202011040924/tools/bin/../lib/gcc/arm-none-eabi/7.3.1/../../../../arm-none-eabi/lib/thumb/v7e-m/fpv4-sp/hard\libsupc++.a
END GROUP
LOAD c:/st/stm32cubeide_1.5.0/stm32cubeide/plugins/com.st.stm32cube.ide.mcu.externaltools.gnu-tools-for-stm32.7-2018-q2-update.win32_1.5.0.202011040924/tools/bin/../lib/gcc/arm-none-eabi/7.3.1/../../../../arm-none-eabi/lib/thumb/v7e-m/fpv4-sp/hard\libstdc++.a
LOAD c:/st/stm32cubeide_1.5.0/stm32cubeide/plugins/com.st.stm32cube.ide.mcu.externaltools.gnu-tools-for-stm32.7-2018-q2-update.win32_1.5.0.202011040924/tools/bin/../lib/gcc/arm-none-eabi/7.3.1/../../../../arm-none-eabi/lib/thumb/v7e-m/fpv4-sp/hard\libm.a
LOAD c:/st/stm32cubeide_1.5.0/stm32cubeide/plugins/com.st.stm32cube.ide.mcu.externaltools.gnu-tools-for-stm32.7-2018-q2-update.win32_1.5.0.202011040924/tools/bin/../lib/gcc/arm-none-eabi/7.3.1/../../../../arm-none-eabi/lib/thumb/v7e-m/fpv4-sp/hard\libc.a
START GROUP
LOAD c:/st/stm32cubeide_1.5.0/stm32cubeide/plugins/com.st.stm32cube.ide.mcu.externaltools.gnu-tools-for-stm32.7-2018-q2-update.win32_1.5.0.202011040924/tools/bin/../lib/gcc/arm-none-eabi/7.3.1/thumb/v7e-m/fpv4-sp/hard\libgcc.a
LOAD c:/st/stm32cubeide_1.5.0/stm32cubeide/plugins/com.st.stm32cube.ide.mcu.externaltools.gnu-tools-for-stm32.7-2018-q2-update.win32_1.5.0.202011040924/tools/bin/../lib/gcc/arm-none-eabi/7.3.1/../../../../arm-none-eabi/lib/thumb/v7e-m/fpv4-sp/hard\libc.a
END GROUP
START GROUP
LOAD c:/st/stm32cubeide_1.5.0/stm32cubeide/plugins/com.st.stm32cube.ide.mcu.externaltools.gnu-tools-for-stm32.7-2018-q2-update.win32_1.5.0.202011040924/tools/bin/../lib/gcc/arm-none-eabi/7.3.1/thumb/v7e-m/fpv4-sp/hard\libgcc.a
LOAD c:/st/stm32cubeide_1.5.0/stm32cubeide/plugins/com.st.stm32cube.ide.mcu.externaltools.gnu-tools-for-stm32.7-2018-q2-update.win32_1.5.0.202011040924/tools/bin/../lib/gcc/arm-none-eabi/7.3.1/../../../../arm-none-eabi/lib/thumb/v7e-m/fpv4-sp/hard\libc.a
LOAD c:/st/stm32cubeide_1.5.0/stm32cubeide/plugins/com.st.stm32cube.ide.mcu.externaltools.gnu-tools-for-stm32.7-2018-q2-update.win32_1.5.0.202011040924/tools/bin/../lib/gcc/arm-none-eabi/7.3.1/../../../../arm-none-eabi/lib/thumb/v7e-m/fpv4-sp/hard\libnosys.a
END GROUP
LOAD c:/st/stm32cubeide_1.5.0/stm32cubeide/plugins/com.st.stm32cube.ide.mcu.externaltools.gnu-tools-for-stm32.7-2018-q2-update.win32_1.5.0.202011040924/tools/bin/../lib/gcc/arm-none-eabi/7.3.1/thumb/v7e-m/fpv4-sp/hard/crtend.o
LOAD c:/st/stm32cubeide_1.5.0/stm32cubeide/plugins/com.st.stm32cube.ide.mcu.externaltools.gnu-tools-for-stm32.7-2018-q2-update.win32_1.5.0.202011040924/tools/bin/../lib/gcc/arm-none-eabi/7.3.1/thumb/v7e-m/fpv4-sp/hard/crtn.o
                0x000000002004ffff                _estack = 0x2004ffff
                0x0000000000000600                _Min_Heap_Size = 0x600
                0x0000000000000400                _Min_Stack_Size = 0x400

.isr_vector     0x0000000008000000      0x1c8
                0x0000000008000000                . = ALIGN (0x4)
 *(.isr_vector)
 .isr_vector    0x0000000008000000      0x1c8 Src/startup_stm32f746xx.o
                0x0000000008000000                g_pfnVectors
                0x00000000080001c8                . = ALIGN (0x4)

.text           0x00000000080001d0    0x115c0
                0x00000000080001d0                . = ALIGN (0x4)
 *(.text)
 .text          0x00000000080001d0       0x40 c:/st/stm32cubeide_1.5.0/stm32cubeide/plugins/com.st.stm32cube.ide.mcu.externaltools.gnu-tools-for-stm32.7-2018-q2-update.win32_1.5.0.202011040924/tools/bin/../lib/gcc/arm-none-eabi/7.3.1/thumb/v7e-m/fpv4-sp/hard/crtbegin.o
 .text          0x0000000008000210     0x6adc c:/st/stm32cubeide_1.5.0/stm32cubeide/plugins/com.st.stm32cube.ide.mcu.externaltools.gnu-tools-for-stm32.7-2018-q2-update.win32_1.5.0.202011040924/tools/bin/../lib/gcc/arm-none-eabi/7.3.1/../../../../arm-none-eabi/lib/thumb/v7e-m/fpv4-sp/hard\libstdc++.a(cp-demangle.o)
                0x0000000008006c00                __cxa_demangle
                0x0000000008006cc8                __gcclibcxx_demangle_callback
 *fill*         0x0000000008006cec        0x4 
 .text          0x0000000008006cf0       0xa0 c:/st/stm32cubeide_1.5.0/stm32cubeide/plugins/com.st.stm32cube.ide.mcu.externaltools.gnu-tools-for-stm32.7-2018-q2-update.win32_1.5.0.202011040924/tools/bin/../lib/gcc/arm-none-eabi/7.3.1/../../../../arm-none-eabi/lib/thumb/v7e-m/fpv4-sp/hard\libc.a(lib_a-memchr.o)
                0x0000000008006cf0                memchr
 .text          0x0000000008006d90       0x14 c:/st/stm32cubeide_1.5.0/stm32cubeide/plugins/com.st.stm32cube.ide.mcu.externaltools.gnu-tools-for-stm32.7-2018-q2-update.win32_1.5.0.202011040924/tools/bin/../lib/gcc/arm-none-eabi/7.3.1/../../../../arm-none-eabi/lib/thumb/v7e-m/fpv4-sp/hard\libc.a(lib_a-strcmp.o)
                0x0000000008006d90                strcmp
 .text          0x0000000008006da4       0x10 c:/st/stm32cubeide_1.5.0/stm32cubeide/plugins/com.st.stm32cube.ide.mcu.externaltools.gnu-tools-for-stm32.7-2018-q2-update.win32_1.5.0.202011040924/tools/bin/../lib/gcc/arm-none-eabi/7.3.1/../../../../arm-none-eabi/lib/thumb/v7e-m/fpv4-sp/hard\libc.a(lib_a-strlen.o)
                0x0000000008006da4                strlen
 .text          0x0000000008006db4      0x378 c:/st/stm32cubeide_1.5.0/stm32cubeide/plugins/com.st.stm32cube.ide.mcu.externaltools.gnu-tools-for-stm32.7-2018-q2-update.win32_1.5.0.202011040924/tools/bin/../lib/gcc/arm-none-eabi/7.3.1/thumb/v7e-m/fpv4-sp/hard\libgcc.a(_arm_addsubdf3.o)
                0x0000000008006db4                __aeabi_drsub
                0x0000000008006dbc                __aeabi_dsub
                0x0000000008006dbc                __subdf3
                0x0000000008006dc0                __aeabi_dadd
                0x0000000008006dc0                __adddf3
                0x0000000008007038                __floatunsidf
                0x0000000008007038                __aeabi_ui2d
                0x0000000008007058                __floatsidf
                0x0000000008007058                __aeabi_i2d
                0x000000000800707c                __aeabi_f2d
                0x000000000800707c                __extendsfdf2
                0x00000000080070c0                __floatundidf
                0x00000000080070c0                __aeabi_ul2d
                0x00000000080070d0                __floatdidf
                0x00000000080070d0                __aeabi_l2d
 .text          0x000000000800712c      0x424 c:/st/stm32cubeide_1.5.0/stm32cubeide/plugins/com.st.stm32cube.ide.mcu.externaltools.gnu-tools-for-stm32.7-2018-q2-update.win32_1.5.0.202011040924/tools/bin/../lib/gcc/arm-none-eabi/7.3.1/thumb/v7e-m/fpv4-sp/hard\libgcc.a(_arm_muldivdf3.o)
                0x000000000800712c                __aeabi_dmul
                0x000000000800712c                __muldf3
                0x0000000008007380                __divdf3
                0x0000000008007380                __aeabi_ddiv
 .text          0x0000000008007550      0x110 c:/st/stm32cubeide_1.5.0/stm32cubeide/plugins/com.st.stm32cube.ide.mcu.externaltools.gnu-tools-for-stm32.7-2018-q2-update.win32_1.5.0.202011040924/tools/bin/../lib/gcc/arm-none-eabi/7.3.1/thumb/v7e-m/fpv4-sp/hard\libgcc.a(_arm_cmpdf2.o)
                0x0000000008007550                __gtdf2
                0x0000000008007550                __gedf2
                0x0000000008007558                __ltdf2
                0x0000000008007558                __ledf2
                0x0000000008007560                __nedf2
                0x0000000008007560                __eqdf2
                0x0000000008007560                __cmpdf2
                0x00000000080075dc                __aeabi_cdrcmple
                0x00000000080075ec                __aeabi_cdcmpeq
                0x00000000080075ec                __aeabi_cdcmple
                0x00000000080075fc                __aeabi_dcmpeq
                0x0000000008007610                __aeabi_dcmplt
                0x0000000008007624                __aeabi_dcmple
                0x0000000008007638                __aeabi_dcmpge
                0x000000000800764c                __aeabi_dcmpgt
 .text          0x0000000008007660       0x2c c:/st/stm32cubeide_1.5.0/stm32cubeide/plugins/com.st.stm32cube.ide.mcu.externaltools.gnu-tools-for-stm32.7-2018-q2-update.win32_1.5.0.202011040924/tools/bin/../lib/gcc/arm-none-eabi/7.3.1/thumb/v7e-m/fpv4-sp/hard\libgcc.a(_arm_unorddf2.o)
                0x0000000008007660                __unorddf2
                0x0000000008007660                __aeabi_dcmpun
 .text          0x000000000800768c       0x50 c:/st/stm32cubeide_1.5.0/stm32cubeide/plugins/com.st.stm32cube.ide.mcu.externaltools.gnu-tools-for-stm32.7-2018-q2-update.win32_1.5.0.202011040924/tools/bin/../lib/gcc/arm-none-eabi/7.3.1/thumb/v7e-m/fpv4-sp/hard\libgcc.a(_arm_fixdfsi.o)
                0x000000000800768c                __aeabi_d2iz
                0x000000000800768c                __fixdfsi
 .text          0x00000000080076dc       0xa0 c:/st/stm32cubeide_1.5.0/stm32cubeide/plugins/com.st.stm32cube.ide.mcu.externaltools.gnu-tools-for-stm32.7-2018-q2-update.win32_1.5.0.202011040924/tools/bin/../lib/gcc/arm-none-eabi/7.3.1/thumb/v7e-m/fpv4-sp/hard\libgcc.a(_arm_truncdfsf2.o)
                0x00000000080076dc                __truncdfsf2
                0x00000000080076dc                __aeabi_d2f
 .text          0x000000000800777c       0x30 c:/st/stm32cubeide_1.5.0/stm32cubeide/plugins/com.st.stm32cube.ide.mcu.externaltools.gnu-tools-for-stm32.7-2018-q2-update.win32_1.5.0.202011040924/tools/bin/../lib/gcc/arm-none-eabi/7.3.1/thumb/v7e-m/fpv4-sp/hard\libgcc.a(_aeabi_uldivmod.o)
                0x000000000800777c                __aeabi_uldivmod
 .text          0x00000000080077ac      0x2cc c:/st/stm32cubeide_1.5.0/stm32cubeide/plugins/com.st.stm32cube.ide.mcu.externaltools.gnu-tools-for-stm32.7-2018-q2-update.win32_1.5.0.202011040924/tools/bin/../lib/gcc/arm-none-eabi/7.3.1/thumb/v7e-m/fpv4-sp/hard\libgcc.a(_udivmoddi4.o)
                0x00000000080077ac                __udivmoddi4
 .text          0x0000000008007a78      0x9ec c:/st/stm32cubeide_1.5.0/stm32cubeide/plugins/com.st.stm32cube.ide.mcu.externaltools.gnu-tools-for-stm32.7-2018-q2-update.win32_1.5.0.202011040924/tools/bin/../lib/gcc/arm-none-eabi/7.3.1/thumb/v7e-m/fpv4-sp/hard\libgcc.a(unwind-arm.o)
                0x0000000008007d2c                _Unwind_GetCFA
                0x0000000008007d30                __gnu_Unwind_RaiseException
                0x0000000008007d90                __gnu_Unwind_ForcedUnwind
                0x0000000008007da4                __gnu_Unwind_Resume
                0x0000000008007de8                __gnu_Unwind_Resume_or_Rethrow
                0x0000000008007df8                _Unwind_Complete
                0x0000000008007dfc                _Unwind_DeleteException
                0x0000000008007e08                _Unwind_VRS_Get
                0x0000000008007e4c                _Unwind_VRS_Set
                0x0000000008007e94                __gnu_Unwind_Backtrace
                0x00000000080081d8                __aeabi_unwind_cpp_pr0
                0x00000000080081dc                __aeabi_unwind_cpp_pr1
                0x00000000080081e0                __aeabi_unwind_cpp_pr2
                0x00000000080081e4                _Unwind_VRS_Pop
 .text          0x0000000008008464      0x1ac c:/st/stm32cubeide_1.5.0/stm32cubeide/plugins/com.st.stm32cube.ide.mcu.externaltools.gnu-tools-for-stm32.7-2018-q2-update.win32_1.5.0.202011040924/tools/bin/../lib/gcc/arm-none-eabi/7.3.1/thumb/v7e-m/fpv4-sp/hard\libgcc.a(libunwind.o)
                0x0000000008008464                __restore_core_regs
                0x0000000008008464                restore_core_regs
                0x000000000800847c                __gnu_Unwind_Restore_VFP
                0x0000000008008484                __gnu_Unwind_Save_VFP
                0x000000000800848c                __gnu_Unwind_Restore_VFP_D
                0x0000000008008494                __gnu_Unwind_Save_VFP_D
                0x000000000800849c                __gnu_Unwind_Restore_VFP_D_16_to_31
                0x00000000080084a4                __gnu_Unwind_Save_VFP_D_16_to_31
                0x00000000080084ac                __gnu_Unwind_Restore_WMMXD
                0x00000000080084f0                __gnu_Unwind_Save_WMMXD
                0x0000000008008534                __gnu_Unwind_Restore_WMMXC
                0x0000000008008548                __gnu_Unwind_Save_WMMXC
                0x000000000800855c                ___Unwind_RaiseException
                0x000000000800855c                _Unwind_RaiseException
                0x0000000008008580                _Unwind_Resume
                0x0000000008008580                ___Unwind_Resume
                0x00000000080085a4                _Unwind_Resume_or_Rethrow
                0x00000000080085a4                ___Unwind_Resume_or_Rethrow
                0x00000000080085c8                _Unwind_ForcedUnwind
                0x00000000080085c8                ___Unwind_ForcedUnwind
                0x00000000080085ec                ___Unwind_Backtrace
                0x00000000080085ec                _Unwind_Backtrace
 .text          0x0000000008008610      0x374 c:/st/stm32cubeide_1.5.0/stm32cubeide/plugins/com.st.stm32cube.ide.mcu.externaltools.gnu-tools-for-stm32.7-2018-q2-update.win32_1.5.0.202011040924/tools/bin/../lib/gcc/arm-none-eabi/7.3.1/thumb/v7e-m/fpv4-sp/hard\libgcc.a(pr-support.o)
                0x0000000008008668                __gnu_unwind_execute
                0x000000000800892c                __gnu_unwind_frame
                0x0000000008008954                _Unwind_GetRegionStart
                0x0000000008008960                _Unwind_GetLanguageSpecificData
                0x0000000008008974                _Unwind_GetDataRelBase
                0x000000000800897c                _Unwind_GetTextRelBase
 .text          0x0000000008008984        0x4 c:/st/stm32cubeide_1.5.0/stm32cubeide/plugins/com.st.stm32cube.ide.mcu.externaltools.gnu-tools-for-stm32.7-2018-q2-update.win32_1.5.0.202011040924/tools/bin/../lib/gcc/arm-none-eabi/7.3.1/thumb/v7e-m/fpv4-sp/hard\libgcc.a(_dvmd_tls.o)
                0x0000000008008984                __aeabi_idiv0
                0x0000000008008984                __aeabi_ldiv0
 *(.text*)
 .text.BSP_PB_Init
                0x0000000008008988       0xb0 Drivers/BSP/STM32746G-Discovery/stm32746g_discovery.o
                0x0000000008008988                BSP_PB_Init
 .text.BSP_LCD_GetXSize
                0x0000000008008a38       0x18 Drivers/BSP/STM32746G-Discovery/stm32746g_discovery_lcd.o
                0x0000000008008a38                BSP_LCD_GetXSize
 .text.BSP_LCD_GetYSize
                0x0000000008008a50       0x18 Drivers/BSP/STM32746G-Discovery/stm32746g_discovery_lcd.o
                0x0000000008008a50                BSP_LCD_GetYSize
 .text.BSP_LCD_LayerRgb565Init
                0x0000000008008a68       0x80 Drivers/BSP/STM32746G-Discovery/stm32746g_discovery_lcd.o
                0x0000000008008a68                BSP_LCD_LayerRgb565Init
 .text.BSP_LCD_SelectLayer
                0x0000000008008ae8        0xc Drivers/BSP/STM32746G-Discovery/stm32746g_discovery_lcd.o
                0x0000000008008ae8                BSP_LCD_SelectLayer
 .text.BSP_LCD_SetTransparency
                0x0000000008008af4        0xc Drivers/BSP/STM32746G-Discovery/stm32746g_discovery_lcd.o
                0x0000000008008af4                BSP_LCD_SetTransparency
 .text.BSP_LCD_SetTextColor
                0x0000000008008b00       0x18 Drivers/BSP/STM32746G-Discovery/stm32746g_discovery_lcd.o
                0x0000000008008b00                BSP_LCD_SetTextColor
 .text.BSP_LCD_Clear
                0x0000000008008b18       0x80 Drivers/BSP/STM32746G-Discovery/stm32746g_discovery_lcd.o
                0x0000000008008b18                BSP_LCD_Clear
 .text.BSP_LCD_DisplayChar
                0x0000000008008b98      0x100 Drivers/BSP/STM32746G-Discovery/stm32746g_discovery_lcd.o
                0x0000000008008b98                BSP_LCD_DisplayChar
 .text.BSP_LCD_DisplayStringAt
                0x0000000008008c98       0xb8 Drivers/BSP/STM32746G-Discovery/stm32746g_discovery_lcd.o
                0x0000000008008c98                BSP_LCD_DisplayStringAt
 .text.BSP_LCD_DrawPixel
                0x0000000008008d50       0x38 Drivers/BSP/STM32746G-Discovery/stm32746g_discovery_lcd.o
                0x0000000008008d50                BSP_LCD_DrawPixel
 .text.BSP_LCD_DisplayOn
                0x0000000008008d88       0x34 Drivers/BSP/STM32746G-Discovery/stm32746g_discovery_lcd.o
                0x0000000008008d88                BSP_LCD_DisplayOn
 .text.BSP_LCD_MspInit
                0x0000000008008dbc      0x154 Drivers/BSP/STM32746G-Discovery/stm32746g_discovery_lcd.o
                0x0000000008008dbc                BSP_LCD_MspInit
 .text.BSP_LCD_ClockConfig
                0x0000000008008f10       0x24 Drivers/BSP/STM32746G-Discovery/stm32746g_discovery_lcd.o
                0x0000000008008f10                BSP_LCD_ClockConfig
 .text.BSP_LCD_Init
                0x0000000008008f34       0xb8 Drivers/BSP/STM32746G-Discovery/stm32746g_discovery_lcd.o
                0x0000000008008f34                BSP_LCD_Init
 .text.BSP_SDRAM_MspInit
                0x0000000008008fec      0x174 Drivers/BSP/STM32746G-Discovery/stm32746g_discovery_sdram.o
                0x0000000008008fec                BSP_SDRAM_MspInit
 .text.BSP_SDRAM_Init
                0x0000000008009160      0x110 Drivers/BSP/STM32746G-Discovery/stm32746g_discovery_sdram.o
                0x0000000008009160                BSP_SDRAM_Init
 .text.HAL_MspInit
                0x0000000008009270        0x4 Drivers/STM32F7xx_HAL_Driver/Src/stm32f7xx_hal.o
                0x0000000008009270                HAL_MspInit
 .text.HAL_InitTick
                0x0000000008009274       0x48 Drivers/STM32F7xx_HAL_Driver/Src/stm32f7xx_hal.o
                0x0000000008009274                HAL_InitTick
 .text.HAL_Init
                0x00000000080092bc       0x2c Drivers/STM32F7xx_HAL_Driver/Src/stm32f7xx_hal.o
                0x00000000080092bc                HAL_Init
 .text.HAL_IncTick
                0x00000000080092e8       0x18 Drivers/STM32F7xx_HAL_Driver/Src/stm32f7xx_hal.o
                0x00000000080092e8                HAL_IncTick
 .text.HAL_GetTick
                0x0000000008009300        0xc Drivers/STM32F7xx_HAL_Driver/Src/stm32f7xx_hal.o
                0x0000000008009300                HAL_GetTick
 .text.HAL_Delay
                0x000000000800930c       0x24 Drivers/STM32F7xx_HAL_Driver/Src/stm32f7xx_hal.o
                0x000000000800930c                HAL_Delay
 .text.HAL_NVIC_SetPriorityGrouping
                0x0000000008009330       0x28 Drivers/STM32F7xx_HAL_Driver/Src/stm32f7xx_hal_cortex.o
                0x0000000008009330                HAL_NVIC_SetPriorityGrouping
 .text.HAL_NVIC_SetPriority
                0x0000000008009358       0x6c Drivers/STM32F7xx_HAL_Driver/Src/stm32f7xx_hal_cortex.o
                0x0000000008009358                HAL_NVIC_SetPriority
 .text.HAL_NVIC_EnableIRQ
                0x00000000080093c4       0x1c Drivers/STM32F7xx_HAL_Driver/Src/stm32f7xx_hal_cortex.o
                0x00000000080093c4                HAL_NVIC_EnableIRQ
 .text.HAL_SYSTICK_Config
                0x00000000080093e0       0x30 Drivers/STM32F7xx_HAL_Driver/Src/stm32f7xx_hal_cortex.o
                0x00000000080093e0                HAL_SYSTICK_Config
 .text.HAL_DMA_Init
                0x0000000008009410      0x138 Drivers/STM32F7xx_HAL_Driver/Src/stm32f7xx_hal_dma.o
                0x0000000008009410                HAL_DMA_Init
 .text.HAL_DMA_DeInit
                0x0000000008009548       0x84 Drivers/STM32F7xx_HAL_Driver/Src/stm32f7xx_hal_dma.o
                0x0000000008009548                HAL_DMA_DeInit
 .text.HAL_DMA2D_MspInit
                0x00000000080095cc        0x4 Drivers/STM32F7xx_HAL_Driver/Src/stm32f7xx_hal_dma2d.o
                0x00000000080095cc                HAL_DMA2D_MspInit
 .text.HAL_DMA2D_Init
                0x00000000080095d0       0x5c Drivers/STM32F7xx_HAL_Driver/Src/stm32f7xx_hal_dma2d.o
                0x00000000080095d0                HAL_DMA2D_Init
 .text.HAL_DMA2D_Start
                0x000000000800962c       0xac Drivers/STM32F7xx_HAL_Driver/Src/stm32f7xx_hal_dma2d.o
                0x000000000800962c                HAL_DMA2D_Start
 .text.HAL_DMA2D_PollForTransfer
                0x00000000080096d8      0x12c Drivers/STM32F7xx_HAL_Driver/Src/stm32f7xx_hal_dma2d.o
                0x00000000080096d8                HAL_DMA2D_PollForTransfer
 .text.HAL_DMA2D_ConfigLayer
                0x0000000008009804       0xa4 Drivers/STM32F7xx_HAL_Driver/Src/stm32f7xx_hal_dma2d.o
                0x0000000008009804                HAL_DMA2D_ConfigLayer
 .text.HAL_GPIO_Init
                0x00000000080098a8      0x23c Drivers/STM32F7xx_HAL_Driver/Src/stm32f7xx_hal_gpio.o
                0x00000000080098a8                HAL_GPIO_Init
 .text.HAL_GPIO_WritePin
                0x0000000008009ae4        0x8 Drivers/STM32F7xx_HAL_Driver/Src/stm32f7xx_hal_gpio.o
                0x0000000008009ae4                HAL_GPIO_WritePin
 .text.HAL_LTDC_Init
                0x0000000008009aec       0xf0 Drivers/STM32F7xx_HAL_Driver/Src/stm32f7xx_hal_ltdc.o
                0x0000000008009aec                HAL_LTDC_Init
 .text.HAL_LTDC_ConfigLayer
                0x0000000008009bdc      0x190 Drivers/STM32F7xx_HAL_Driver/Src/stm32f7xx_hal_ltdc.o
                0x0000000008009bdc                HAL_LTDC_ConfigLayer
 .text.HAL_LTDC_SetAlpha
                0x0000000008009d6c      0x198 Drivers/STM32F7xx_HAL_Driver/Src/stm32f7xx_hal_ltdc.o
                0x0000000008009d6c                HAL_LTDC_SetAlpha
 .text.HAL_LTDC_GetState
                0x0000000008009f04        0x8 Drivers/STM32F7xx_HAL_Driver/Src/stm32f7xx_hal_ltdc.o
                0x0000000008009f04                HAL_LTDC_GetState
 .text.HAL_PWREx_EnableOverDrive
                0x0000000008009f0c       0x78 Drivers/STM32F7xx_HAL_Driver/Src/stm32f7xx_hal_pwr_ex.o
                0x0000000008009f0c                HAL_PWREx_EnableOverDrive
 .text.HAL_RCC_OscConfig
                0x0000000008009f84      0x398 Drivers/STM32F7xx_HAL_Driver/Src/stm32f7xx_hal_rcc.o
                0x0000000008009f84                HAL_RCC_OscConfig
 .text.HAL_RCC_ClockConfig
                0x000000000800a31c      0x194 Drivers/STM32F7xx_HAL_Driver/Src/stm32f7xx_hal_rcc.o
                0x000000000800a31c                HAL_RCC_ClockConfig
 .text.HAL_RCC_GetSysClockFreq
                0x000000000800a4b0       0x68 Drivers/STM32F7xx_HAL_Driver/Src/stm32f7xx_hal_rcc.o
                0x000000000800a4b0                HAL_RCC_GetSysClockFreq
 .text.HAL_RCC_GetPCLK1Freq
                0x000000000800a518       0x20 Drivers/STM32F7xx_HAL_Driver/Src/stm32f7xx_hal_rcc.o
                0x000000000800a518                HAL_RCC_GetPCLK1Freq
 .text.HAL_RCC_GetPCLK2Freq
                0x000000000800a538       0x20 Drivers/STM32F7xx_HAL_Driver/Src/stm32f7xx_hal_rcc.o
                0x000000000800a538                HAL_RCC_GetPCLK2Freq
 .text.HAL_RCCEx_PeriphCLKConfig
                0x000000000800a558      0x540 Drivers/STM32F7xx_HAL_Driver/Src/stm32f7xx_hal_rcc_ex.o
                0x000000000800a558                HAL_RCCEx_PeriphCLKConfig
 .text.HAL_SDRAM_MspInit
                0x000000000800aa98        0x4 Drivers/STM32F7xx_HAL_Driver/Src/stm32f7xx_hal_sdram.o
                0x000000000800aa98                HAL_SDRAM_MspInit
 .text.HAL_SDRAM_Init
                0x000000000800aa9c       0x44 Drivers/STM32F7xx_HAL_Driver/Src/stm32f7xx_hal_sdram.o
                0x000000000800aa9c                HAL_SDRAM_Init
 .text.HAL_SDRAM_SendCommand
                0x000000000800aae0       0x34 Drivers/STM32F7xx_HAL_Driver/Src/stm32f7xx_hal_sdram.o
                0x000000000800aae0                HAL_SDRAM_SendCommand
 .text.HAL_SDRAM_ProgramRefreshRate
                0x000000000800ab14       0x28 Drivers/STM32F7xx_HAL_Driver/Src/stm32f7xx_hal_sdram.o
                0x000000000800ab14                HAL_SDRAM_ProgramRefreshRate
 .text.HAL_UART_Transmit
                0x000000000800ab3c      0x118 Drivers/STM32F7xx_HAL_Driver/Src/stm32f7xx_hal_uart.o
                0x000000000800ab3c                HAL_UART_Transmit
 .text.UART_AdvFeatureConfig
                0x000000000800ac54       0xb0 Drivers/STM32F7xx_HAL_Driver/Src/stm32f7xx_hal_uart.o
                0x000000000800ac54                UART_AdvFeatureConfig
 .text.HAL_UART_Init
                0x000000000800ad04      0x38c Drivers/STM32F7xx_HAL_Driver/Src/stm32f7xx_hal_uart.o
                0x000000000800ad04                HAL_UART_Init
 .text.FMC_SDRAM_Init
                0x000000000800b090       0x7c Drivers/STM32F7xx_HAL_Driver/Src/stm32f7xx_ll_fmc.o
                0x000000000800b090                FMC_SDRAM_Init
 .text.FMC_SDRAM_Timing_Init
                0x000000000800b10c       0xa4 Drivers/STM32F7xx_HAL_Driver/Src/stm32f7xx_ll_fmc.o
                0x000000000800b10c                FMC_SDRAM_Timing_Init
 .text.FMC_SDRAM_SendCommand
                0x000000000800b1b0       0x2c Drivers/STM32F7xx_HAL_Driver/Src/stm32f7xx_ll_fmc.o
                0x000000000800b1b0                FMC_SDRAM_SendCommand
 .text.FMC_SDRAM_ProgramRefreshRate
                0x000000000800b1dc       0x10 Drivers/STM32F7xx_HAL_Driver/Src/stm32f7xx_ll_fmc.o
                0x000000000800b1dc                FMC_SDRAM_ProgramRefreshRate
 .text.startup._GLOBAL__sub_I_JpegDec
                0x000000000800b1ec       0x18 Src/JPEGDecoder.o
 .text.exit._GLOBAL__sub_D_JpegDec
                0x000000000800b204       0x10 Src/JPEGDecoder.o
 .text._Z13loadRGB565LCDmmmmPth
                0x000000000800b214       0xbc Src/lcd.o
                0x000000000800b214                loadRGB565LCD(unsigned long, unsigned long, unsigned long, unsigned long, unsigned short*, unsigned char)
 .text._Z13displaystringPcii
                0x000000000800b2d0       0x14 Src/lcd.o
                0x000000000800b2d0                displaystring(char*, int, int)
 .text._Z14detectResponseifiii
                0x000000000800b2e4      0x348 Src/lcd.o
                0x000000000800b2e4                detectResponse(int, float, int, int, int)
 .text._Z8lcdsetupv
                0x000000000800b62c       0x84 Src/lcd.o
                0x000000000800b62c                lcdsetup()
 .text._Z8printLogPKc
                0x000000000800b6b0       0x58 Src/main.o
                0x000000000800b6b0                printLog(char const*)
 .text._Z23main_vision_transformerPt
                0x000000000800b708       0x28 Src/main.o
                0x000000000800b708                main_vision_transformer(unsigned short*)
 .text.startup.main
                0x000000000800b730      0x5bc Src/main.o
                0x000000000800b730                main
 .text.Reset_Handler
                0x000000000800bcec       0x50 Src/startup_stm32f746xx.o
                0x000000000800bcec                Reset_Handler
 .text.Default_Handler
                0x000000000800bd3c        0x2 Src/startup_stm32f746xx.o
                0x000000000800bd3c                RTC_Alarm_IRQHandler
                0x000000000800bd3c                EXTI2_IRQHandler
                0x000000000800bd3c                TIM8_CC_IRQHandler
                0x000000000800bd3c                UART8_IRQHandler
                0x000000000800bd3c                SPI4_IRQHandler
                0x000000000800bd3c                TIM1_CC_IRQHandler
                0x000000000800bd3c                DMA2_Stream5_IRQHandler
                0x000000000800bd3c                DMA1_Stream5_IRQHandler
                0x000000000800bd3c                PVD_IRQHandler
                0x000000000800bd3c                TAMP_STAMP_IRQHandler
                0x000000000800bd3c                CAN2_RX1_IRQHandler
                0x000000000800bd3c                EXTI3_IRQHandler
                0x000000000800bd3c                TIM8_TRG_COM_TIM14_IRQHandler
                0x000000000800bd3c                TIM1_UP_TIM10_IRQHandler
                0x000000000800bd3c                TIM8_UP_TIM13_IRQHandler
                0x000000000800bd3c                I2C3_ER_IRQHandler
                0x000000000800bd3c                EXTI0_IRQHandler
                0x000000000800bd3c                I2C2_EV_IRQHandler
                0x000000000800bd3c                DMA1_Stream2_IRQHandler
                0x000000000800bd3c                CAN1_RX0_IRQHandler
                0x000000000800bd3c                FPU_IRQHandler
                0x000000000800bd3c                OTG_HS_WKUP_IRQHandler
                0x000000000800bd3c                LTDC_ER_IRQHandler
                0x000000000800bd3c                CAN2_SCE_IRQHandler
                0x000000000800bd3c                DMA2_Stream2_IRQHandler
                0x000000000800bd3c                SPI1_IRQHandler
                0x000000000800bd3c                TIM6_DAC_IRQHandler
                0x000000000800bd3c                TIM1_BRK_TIM9_IRQHandler
                0x000000000800bd3c                DCMI_IRQHandler
                0x000000000800bd3c                CAN2_RX0_IRQHandler
                0x000000000800bd3c                DMA2_Stream3_IRQHandler
                0x000000000800bd3c                SAI2_IRQHandler
                0x000000000800bd3c                USART6_IRQHandler
                0x000000000800bd3c                USART3_IRQHandler
                0x000000000800bd3c                CAN1_RX1_IRQHandler
                0x000000000800bd3c                UART5_IRQHandler
                0x000000000800bd3c                DMA2_Stream0_IRQHandler
                0x000000000800bd3c                TIM4_IRQHandler
                0x000000000800bd3c                QUADSPI_IRQHandler
                0x000000000800bd3c                I2C1_EV_IRQHandler
                0x000000000800bd3c                DMA1_Stream6_IRQHandler
                0x000000000800bd3c                DMA1_Stream1_IRQHandler
                0x000000000800bd3c                UART4_IRQHandler
                0x000000000800bd3c                TIM3_IRQHandler
                0x000000000800bd3c                RCC_IRQHandler
                0x000000000800bd3c                TIM8_BRK_TIM12_IRQHandler
                0x000000000800bd3c                Default_Handler
                0x000000000800bd3c                CEC_IRQHandler
                0x000000000800bd3c                EXTI15_10_IRQHandler
                0x000000000800bd3c                ADC_IRQHandler
                0x000000000800bd3c                DMA1_Stream7_IRQHandler
                0x000000000800bd3c                SPI5_IRQHandler
                0x000000000800bd3c                TIM7_IRQHandler
                0x000000000800bd3c                SDMMC1_IRQHandler
                0x000000000800bd3c                CAN2_TX_IRQHandler
                0x000000000800bd3c                TIM5_IRQHandler
                0x000000000800bd3c                DMA2_Stream7_IRQHandler
                0x000000000800bd3c                I2C3_EV_IRQHandler
                0x000000000800bd3c                EXTI9_5_IRQHandler
                0x000000000800bd3c                RTC_WKUP_IRQHandler
                0x000000000800bd3c                LTDC_IRQHandler
                0x000000000800bd3c                ETH_WKUP_IRQHandler
                0x000000000800bd3c                SPDIF_RX_IRQHandler
                0x000000000800bd3c                SPI2_IRQHandler
                0x000000000800bd3c                OTG_HS_EP1_IN_IRQHandler
                0x000000000800bd3c                DMA1_Stream0_IRQHandler
                0x000000000800bd3c                CAN1_TX_IRQHandler
                0x000000000800bd3c                EXTI4_IRQHandler
                0x000000000800bd3c                RNG_IRQHandler
                0x000000000800bd3c                ETH_IRQHandler
                0x000000000800bd3c                OTG_HS_EP1_OUT_IRQHandler
                0x000000000800bd3c                WWDG_IRQHandler
                0x000000000800bd3c                SPI6_IRQHandler
                0x000000000800bd3c                I2C4_EV_IRQHandler
                0x000000000800bd3c                TIM2_IRQHandler
                0x000000000800bd3c                OTG_FS_WKUP_IRQHandler
                0x000000000800bd3c                TIM1_TRG_COM_TIM11_IRQHandler
                0x000000000800bd3c                OTG_HS_IRQHandler
                0x000000000800bd3c                DMA2D_IRQHandler
                0x000000000800bd3c                EXTI1_IRQHandler
                0x000000000800bd3c                UART7_IRQHandler
                0x000000000800bd3c                USART2_IRQHandler
                0x000000000800bd3c                I2C2_ER_IRQHandler
                0x000000000800bd3c                DMA2_Stream1_IRQHandler
                0x000000000800bd3c                CAN1_SCE_IRQHandler
                0x000000000800bd3c                FLASH_IRQHandler
                0x000000000800bd3c                DMA2_Stream4_IRQHandler
                0x000000000800bd3c                USART1_IRQHandler
                0x000000000800bd3c                OTG_FS_IRQHandler
                0x000000000800bd3c                SPI3_IRQHandler
                0x000000000800bd3c                DMA1_Stream4_IRQHandler
                0x000000000800bd3c                I2C1_ER_IRQHandler
                0x000000000800bd3c                FMC_IRQHandler
                0x000000000800bd3c                LPTIM1_IRQHandler
                0x000000000800bd3c                I2C4_ER_IRQHandler
                0x000000000800bd3c                DMA2_Stream6_IRQHandler
                0x000000000800bd3c                SAI1_IRQHandler
                0x000000000800bd3c                DMA1_Stream3_IRQHandler
 *fill*         0x000000000800bd3e        0x2 
 .text.HAL_UART_MspInit
                0x000000000800bd40       0xe0 Src/stm32f7xx_hal_msp.o
                0x000000000800bd40                HAL_UART_MspInit
 .text.HAL_LTDC_MspInit
                0x000000000800be20      0x128 Src/stm32f7xx_hal_msp.o
                0x000000000800be20                HAL_LTDC_MspInit
 .text.NMI_Handler
                0x000000000800bf48        0x4 Src/stm32f7xx_it.o
                0x000000000800bf48                NMI_Handler
 .text.HardFault_Handler
                0x000000000800bf4c        0x4 Src/stm32f7xx_it.o
                0x000000000800bf4c                HardFault_Handler
 .text.MemManage_Handler
                0x000000000800bf50        0x4 Src/stm32f7xx_it.o
                0x000000000800bf50                MemManage_Handler
 .text.BusFault_Handler
                0x000000000800bf54        0x4 Src/stm32f7xx_it.o
                0x000000000800bf54                BusFault_Handler
 .text.UsageFault_Handler
                0x000000000800bf58        0x4 Src/stm32f7xx_it.o
                0x000000000800bf58                UsageFault_Handler
 .text.SVC_Handler
                0x000000000800bf5c        0x4 Src/stm32f7xx_it.o
                0x000000000800bf5c                SVC_Handler
 .text.DebugMon_Handler
                0x000000000800bf60        0x4 Src/stm32f7xx_it.o
                0x000000000800bf60                DebugMon_Handler
 .text.PendSV_Handler
                0x000000000800bf64        0x4 Src/stm32f7xx_it.o
                0x000000000800bf64                PendSV_Handler
 .text.SysTick_Handler
                0x000000000800bf68        0x4 Src/stm32f7xx_it.o
                0x000000000800bf68                SysTick_Handler
 .text.SystemInit
                0x000000000800bf6c       0x50 Src/system_stm32f7xx.o
                0x000000000800bf6c                SystemInit
 .text._Z25multi_head_self_attentionPfS_
                0x000000000800bfbc       0xbc Src/ViT_00/vit.o
                0x000000000800bfbc                multi_head_self_attention(float*, float*)
 .text._Z18vision_transformerPf
                0x000000000800c078       0x90 Src/ViT_00/vit.o
                0x000000000800c078                vision_transformer(float*)
 .text.__io_putchar
                0x000000000800c108       0x28 Src/sys/_io.o
                0x000000000800c108                __io_putchar
 .text.__io_getchar
                0x000000000800c130       0x20 Src/sys/_io.o
                0x000000000800c130                __io_getchar
 .text._write   0x000000000800c150       0x1c Src/sys/stubs.o
                0x000000000800c150                _write
 .text._read    0x000000000800c16c       0x1c Src/sys/stubs.o
                0x000000000800c16c                _read
 .text._close   0x000000000800c188        0x8 Src/sys/stubs.o
                0x000000000800c188                _close
 .text._fstat   0x000000000800c190        0x8 Src/sys/stubs.o
                0x000000000800c190                _fstat
 .text._isatty  0x000000000800c198        0x8 Src/sys/stubs.o
                0x000000000800c198                _isatty
 .text._lseek   0x000000000800c1a0        0x8 Src/sys/stubs.o
                0x000000000800c1a0                _lseek
 .text._exit    0x000000000800c1a8        0x4 Src/sys/stubs.o
                0x000000000800c1a8                _exit
 .text._ZdaPv   0x000000000800c1ac        0x4 c:/st/stm32cubeide_1.5.0/stm32cubeide/plugins/com.st.stm32cube.ide.mcu.externaltools.gnu-tools-for-stm32.7-2018-q2-update.win32_1.5.0.202011040924/tools/bin/../lib/gcc/arm-none-eabi/7.3.1/../../../../arm-none-eabi/lib/thumb/v7e-m/fpv4-sp/hard\libstdc++.a(del_opv.o)
                0x000000000800c1ac                operator delete[](void*)
 .text._Znaj    0x000000000800c1b0        0x4 c:/st/stm32cubeide_1.5.0/stm32cubeide/plugins/com.st.stm32cube.ide.mcu.externaltools.gnu-tools-for-stm32.7-2018-q2-update.win32_1.5.0.202011040924/tools/bin/../lib/gcc/arm-none-eabi/7.3.1/../../../../arm-none-eabi/lib/thumb/v7e-m/fpv4-sp/hard\libstdc++.a(new_opv.o)
                0x000000000800c1b0                operator new[](unsigned int)
 .text._Znwj    0x000000000800c1b4       0x3c c:/st/stm32cubeide_1.5.0/stm32cubeide/plugins/com.st.stm32cube.ide.mcu.externaltools.gnu-tools-for-stm32.7-2018-q2-update.win32_1.5.0.202011040924/tools/bin/../lib/gcc/arm-none-eabi/7.3.1/../../../../arm-none-eabi/lib/thumb/v7e-m/fpv4-sp/hard\libstdc++.a(new_op.o)
                0x000000000800c1b4                operator new(unsigned int)
 .text._ZSt15get_new_handlerv
                0x000000000800c1f0       0x10 c:/st/stm32cubeide_1.5.0/stm32cubeide/plugins/com.st.stm32cube.ide.mcu.externaltools.gnu-tools-for-stm32.7-2018-q2-update.win32_1.5.0.202011040924/tools/bin/../lib/gcc/arm-none-eabi/7.3.1/../../../../arm-none-eabi/lib/thumb/v7e-m/fpv4-sp/hard\libstdc++.a(new_handler.o)
                0x000000000800c1f0                std::get_new_handler()
 .text._ZdlPv   0x000000000800c200        0x4 c:/st/stm32cubeide_1.5.0/stm32cubeide/plugins/com.st.stm32cube.ide.mcu.externaltools.gnu-tools-for-stm32.7-2018-q2-update.win32_1.5.0.202011040924/tools/bin/../lib/gcc/arm-none-eabi/7.3.1/../../../../arm-none-eabi/lib/thumb/v7e-m/fpv4-sp/hard\libstdc++.a(del_op.o)
                0x000000000800c200                operator delete(void*)
 .text._ZN12_GLOBAL__N_14pool4freeEPv.constprop.4
                0x000000000800c204       0x90 c:/st/stm32cubeide_1.5.0/stm32cubeide/plugins/com.st.stm32cube.ide.mcu.externaltools.gnu-tools-for-stm32.7-2018-q2-update.win32_1.5.0.202011040924/tools/bin/../lib/gcc/arm-none-eabi/7.3.1/../../../../arm-none-eabi/lib/thumb/v7e-m/fpv4-sp/hard\libstdc++.a(eh_alloc.o)
 .text._ZN12_GLOBAL__N_14pool8allocateEj.constprop.5
                0x000000000800c294       0x64 c:/st/stm32cubeide_1.5.0/stm32cubeide/plugins/com.st.stm32cube.ide.mcu.externaltools.gnu-tools-for-stm32.7-2018-q2-update.win32_1.5.0.202011040924/tools/bin/../lib/gcc/arm-none-eabi/7.3.1/../../../../arm-none-eabi/lib/thumb/v7e-m/fpv4-sp/hard\libstdc++.a(eh_alloc.o)
 .text.__cxa_allocate_exception
                0x000000000800c2f8       0x30 c:/st/stm32cubeide_1.5.0/stm32cubeide/plugins/com.st.stm32cube.ide.mcu.externaltools.gnu-tools-for-stm32.7-2018-q2-update.win32_1.5.0.202011040924/tools/bin/../lib/gcc/arm-none-eabi/7.3.1/../../../../arm-none-eabi/lib/thumb/v7e-m/fpv4-sp/hard\libstdc++.a(eh_alloc.o)
                0x000000000800c2f8                __cxa_allocate_exception
 .text.__cxa_free_exception
                0x000000000800c328       0x20 c:/st/stm32cubeide_1.5.0/stm32cubeide/plugins/com.st.stm32cube.ide.mcu.externaltools.gnu-tools-for-stm32.7-2018-q2-update.win32_1.5.0.202011040924/tools/bin/../lib/gcc/arm-none-eabi/7.3.1/../../../../arm-none-eabi/lib/thumb/v7e-m/fpv4-sp/hard\libstdc++.a(eh_alloc.o)
                0x000000000800c328                __cxa_free_exception
 .text.startup._GLOBAL__sub_I__ZN9__gnu_cxx9__freeresEv
                0x000000000800c348       0x28 c:/st/stm32cubeide_1.5.0/stm32cubeide/plugins/com.st.stm32cube.ide.mcu.externaltools.gnu-tools-for-stm32.7-2018-q2-update.win32_1.5.0.202011040924/tools/bin/../lib/gcc/arm-none-eabi/7.3.1/../../../../arm-none-eabi/lib/thumb/v7e-m/fpv4-sp/hard\libstdc++.a(eh_alloc.o)
 .text._ZNKSt9bad_alloc4whatEv
                0x000000000800c370        0x8 c:/st/stm32cubeide_1.5.0/stm32cubeide/plugins/com.st.stm32cube.ide.mcu.externaltools.gnu-tools-for-stm32.7-2018-q2-update.win32_1.5.0.202011040924/tools/bin/../lib/gcc/arm-none-eabi/7.3.1/../../../../arm-none-eabi/lib/thumb/v7e-m/fpv4-sp/hard\libstdc++.a(bad_alloc.o)
                0x000000000800c370                std::bad_alloc::what() const
 .text._ZNSt9bad_allocD2Ev
                0x000000000800c378       0x14 c:/st/stm32cubeide_1.5.0/stm32cubeide/plugins/com.st.stm32cube.ide.mcu.externaltools.gnu-tools-for-stm32.7-2018-q2-update.win32_1.5.0.202011040924/tools/bin/../lib/gcc/arm-none-eabi/7.3.1/../../../../arm-none-eabi/lib/thumb/v7e-m/fpv4-sp/hard\libstdc++.a(bad_alloc.o)
                0x000000000800c378                std::bad_alloc::~bad_alloc()
                0x000000000800c378                std::bad_alloc::~bad_alloc()
 .text._ZNSt9bad_allocD0Ev
                0x000000000800c38c       0x1c c:/st/stm32cubeide_1.5.0/stm32cubeide/plugins/com.st.stm32cube.ide.mcu.externaltools.gnu-tools-for-stm32.7-2018-q2-update.win32_1.5.0.202011040924/tools/bin/../lib/gcc/arm-none-eabi/7.3.1/../../../../arm-none-eabi/lib/thumb/v7e-m/fpv4-sp/hard\libstdc++.a(bad_alloc.o)
                0x000000000800c38c                std::bad_alloc::~bad_alloc()
 .text._ZdlPvj  0x000000000800c3a8        0x4 c:/st/stm32cubeide_1.5.0/stm32cubeide/plugins/com.st.stm32cube.ide.mcu.externaltools.gnu-tools-for-stm32.7-2018-q2-update.win32_1.5.0.202011040924/tools/bin/../lib/gcc/arm-none-eabi/7.3.1/../../../../arm-none-eabi/lib/thumb/v7e-m/fpv4-sp/hard\libstdc++.a(del_ops.o)
                0x000000000800c3a8                operator delete(void*, unsigned int)
 .text._ZL23__gxx_exception_cleanup19_Unwind_Reason_CodeP21_Unwind_Control_Block
                0x000000000800c3ac       0x44 c:/st/stm32cubeide_1.5.0/stm32cubeide/plugins/com.st.stm32cube.ide.mcu.externaltools.gnu-tools-for-stm32.7-2018-q2-update.win32_1.5.0.202011040924/tools/bin/../lib/gcc/arm-none-eabi/7.3.1/../../../../arm-none-eabi/lib/thumb/v7e-m/fpv4-sp/hard\libstdc++.a(eh_throw.o)
 .text.__cxa_init_primary_exception
                0x000000000800c3f0       0x58 c:/st/stm32cubeide_1.5.0/stm32cubeide/plugins/com.st.stm32cube.ide.mcu.externaltools.gnu-tools-for-stm32.7-2018-q2-update.win32_1.5.0.202011040924/tools/bin/../lib/gcc/arm-none-eabi/7.3.1/../../../../arm-none-eabi/lib/thumb/v7e-m/fpv4-sp/hard\libstdc++.a(eh_throw.o)
                0x000000000800c3f0                __cxa_init_primary_exception
 .text.__cxa_throw
                0x000000000800c448       0x38 c:/st/stm32cubeide_1.5.0/stm32cubeide/plugins/com.st.stm32cube.ide.mcu.externaltools.gnu-tools-for-stm32.7-2018-q2-update.win32_1.5.0.202011040924/tools/bin/../lib/gcc/arm-none-eabi/7.3.1/../../../../arm-none-eabi/lib/thumb/v7e-m/fpv4-sp/hard\libstdc++.a(eh_throw.o)
                0x000000000800c448                __cxa_throw
 .text.__cxa_rethrow
                0x000000000800c480       0x70 c:/st/stm32cubeide_1.5.0/stm32cubeide/plugins/com.st.stm32cube.ide.mcu.externaltools.gnu-tools-for-stm32.7-2018-q2-update.win32_1.5.0.202011040924/tools/bin/../lib/gcc/arm-none-eabi/7.3.1/../../../../arm-none-eabi/lib/thumb/v7e-m/fpv4-sp/hard\libstdc++.a(eh_throw.o)
                0x000000000800c480                __cxa_rethrow
 .text.__cxa_begin_catch
                0x000000000800c4f0       0x80 c:/st/stm32cubeide_1.5.0/stm32cubeide/plugins/com.st.stm32cube.ide.mcu.externaltools.gnu-tools-for-stm32.7-2018-q2-update.win32_1.5.0.202011040924/tools/bin/../lib/gcc/arm-none-eabi/7.3.1/../../../../arm-none-eabi/lib/thumb/v7e-m/fpv4-sp/hard\libstdc++.a(eh_catch.o)
                0x000000000800c4f0                __cxa_begin_catch
 .text.__cxa_end_catch
                0x000000000800c570       0x88 c:/st/stm32cubeide_1.5.0/stm32cubeide/plugins/com.st.stm32cube.ide.mcu.externaltools.gnu-tools-for-stm32.7-2018-q2-update.win32_1.5.0.202011040924/tools/bin/../lib/gcc/arm-none-eabi/7.3.1/../../../../arm-none-eabi/lib/thumb/v7e-m/fpv4-sp/hard\libstdc++.a(eh_catch.o)
                0x000000000800c570                __cxa_end_catch
 .text._ZN10__cxxabiv120__si_class_type_infoD2Ev
                0x000000000800c5f8       0x14 c:/st/stm32cubeide_1.5.0/stm32cubeide/plugins/com.st.stm32cube.ide.mcu.externaltools.gnu-tools-for-stm32.7-2018-q2-update.win32_1.5.0.202011040924/tools/bin/../lib/gcc/arm-none-eabi/7.3.1/../../../../arm-none-eabi/lib/thumb/v7e-m/fpv4-sp/hard\libstdc++.a(si_class_type_info.o)
                0x000000000800c5f8                __cxxabiv1::__si_class_type_info::~__si_class_type_info()
                0x000000000800c5f8                __cxxabiv1::__si_class_type_info::~__si_class_type_info()
 .text._ZN10__cxxabiv120__si_class_type_infoD0Ev
                0x000000000800c60c       0x1c c:/st/stm32cubeide_1.5.0/stm32cubeide/plugins/com.st.stm32cube.ide.mcu.externaltools.gnu-tools-for-stm32.7-2018-q2-update.win32_1.5.0.202011040924/tools/bin/../lib/gcc/arm-none-eabi/7.3.1/../../../../arm-none-eabi/lib/thumb/v7e-m/fpv4-sp/hard\libstdc++.a(si_class_type_info.o)
                0x000000000800c60c                __cxxabiv1::__si_class_type_info::~__si_class_type_info()
 .text._ZNK10__cxxabiv120__si_class_type_info20__do_find_public_srcEiPKvPKNS_17__class_type_infoES2_
                0x000000000800c628       0x3c c:/st/stm32cubeide_1.5.0/stm32cubeide/plugins/com.st.stm32cube.ide.mcu.externaltools.gnu-tools-for-stm32.7-2018-q2-update.win32_1.5.0.202011040924/tools/bin/../lib/gcc/arm-none-eabi/7.3.1/../../../../arm-none-eabi/lib/thumb/v7e-m/fpv4-sp/hard\libstdc++.a(si_class_type_info.o)
                0x000000000800c628                __cxxabiv1::__si_class_type_info::__do_find_public_src(int, void const*, __cxxabiv1::__class_type_info const*, void const*) const
 .text._ZNK10__cxxabiv120__si_class_type_info12__do_dyncastEiNS_17__class_type_info10__sub_kindEPKS1_PKvS4_S6_RNS1_16__dyncast_resultE
                0x000000000800c664       0x80 c:/st/stm32cubeide_1.5.0/stm32cubeide/plugins/com.st.stm32cube.ide.mcu.externaltools.gnu-tools-for-stm32.7-2018-q2-update.win32_1.5.0.202011040924/tools/bin/../lib/gcc/arm-none-eabi/7.3.1/../../../../arm-none-eabi/lib/thumb/v7e-m/fpv4-sp/hard\libstdc++.a(si_class_type_info.o)
                0x000000000800c664                __cxxabiv1::__si_class_type_info::__do_dyncast(int, __cxxabiv1::__class_type_info::__sub_kind, __cxxabiv1::__class_type_info const*, void const*, __cxxabiv1::__class_type_info const*, void const*, __cxxabiv1::__class_type_info::__dyncast_result&) const
 .text._ZNK10__cxxabiv120__si_class_type_info11__do_upcastEPKNS_17__class_type_infoEPKvRNS1_15__upcast_resultE
                0x000000000800c6e4       0x2c c:/st/stm32cubeide_1.5.0/stm32cubeide/plugins/com.st.stm32cube.ide.mcu.externaltools.gnu-tools-for-stm32.7-2018-q2-update.win32_1.5.0.202011040924/tools/bin/../lib/gcc/arm-none-eabi/7.3.1/../../../../arm-none-eabi/lib/thumb/v7e-m/fpv4-sp/hard\libstdc++.a(si_class_type_info.o)
                0x000000000800c6e4                __cxxabiv1::__si_class_type_info::__do_upcast(__cxxabiv1::__class_type_info const*, void const*, __cxxabiv1::__class_type_info::__upcast_result&) const
 .text._ZN10__cxxabiv111__terminateEPFvvE
                0x000000000800c710       0x28 c:/st/stm32cubeide_1.5.0/stm32cubeide/plugins/com.st.stm32cube.ide.mcu.externaltools.gnu-tools-for-stm32.7-2018-q2-update.win32_1.5.0.202011040924/tools/bin/../lib/gcc/arm-none-eabi/7.3.1/../../../../arm-none-eabi/lib/thumb/v7e-m/fpv4-sp/hard\libstdc++.a(eh_terminate.o)
                0x000000000800c710                __cxxabiv1::__terminate(void (*)())
 .text._ZSt9terminatev
                0x000000000800c738       0x14 c:/st/stm32cubeide_1.5.0/stm32cubeide/plugins/com.st.stm32cube.ide.mcu.externaltools.gnu-tools-for-stm32.7-2018-q2-update.win32_1.5.0.202011040924/tools/bin/../lib/gcc/arm-none-eabi/7.3.1/../../../../arm-none-eabi/lib/thumb/v7e-m/fpv4-sp/hard\libstdc++.a(eh_terminate.o)
                0x000000000800c738                std::terminate()
 .text._ZN10__cxxabiv112__unexpectedEPFvvE
                0x000000000800c74c        0x8 c:/st/stm32cubeide_1.5.0/stm32cubeide/plugins/com.st.stm32cube.ide.mcu.externaltools.gnu-tools-for-stm32.7-2018-q2-update.win32_1.5.0.202011040924/tools/bin/../lib/gcc/arm-none-eabi/7.3.1/../../../../arm-none-eabi/lib/thumb/v7e-m/fpv4-sp/hard\libstdc++.a(eh_terminate.o)
                0x000000000800c74c                __cxxabiv1::__unexpected(void (*)())
 .text._ZSt10unexpectedv
                0x000000000800c754       0x14 c:/st/stm32cubeide_1.5.0/stm32cubeide/plugins/com.st.stm32cube.ide.mcu.externaltools.gnu-tools-for-stm32.7-2018-q2-update.win32_1.5.0.202011040924/tools/bin/../lib/gcc/arm-none-eabi/7.3.1/../../../../arm-none-eabi/lib/thumb/v7e-m/fpv4-sp/hard\libstdc++.a(eh_terminate.o)
                0x000000000800c754                std::unexpected()
 .text._ZSt13get_terminatev
                0x000000000800c768       0x10 c:/st/stm32cubeide_1.5.0/stm32cubeide/plugins/com.st.stm32cube.ide.mcu.externaltools.gnu-tools-for-stm32.7-2018-q2-update.win32_1.5.0.202011040924/tools/bin/../lib/gcc/arm-none-eabi/7.3.1/../../../../arm-none-eabi/lib/thumb/v7e-m/fpv4-sp/hard\libstdc++.a(eh_terminate.o)
                0x000000000800c768                std::get_terminate()
 .text._ZSt14get_unexpectedv
                0x000000000800c778       0x10 c:/st/stm32cubeide_1.5.0/stm32cubeide/plugins/com.st.stm32cube.ide.mcu.externaltools.gnu-tools-for-stm32.7-2018-q2-update.win32_1.5.0.202011040924/tools/bin/../lib/gcc/arm-none-eabi/7.3.1/../../../../arm-none-eabi/lib/thumb/v7e-m/fpv4-sp/hard\libstdc++.a(eh_terminate.o)
                0x000000000800c778                std::get_unexpected()
 .text._ZNSt9exceptionD2Ev
                0x000000000800c788        0x4 c:/st/stm32cubeide_1.5.0/stm32cubeide/plugins/com.st.stm32cube.ide.mcu.externaltools.gnu-tools-for-stm32.7-2018-q2-update.win32_1.5.0.202011040924/tools/bin/../lib/gcc/arm-none-eabi/7.3.1/../../../../arm-none-eabi/lib/thumb/v7e-m/fpv4-sp/hard\libstdc++.a(eh_exception.o)
                0x000000000800c788                std::exception::~exception()
                0x000000000800c788                std::exception::~exception()
 .text._ZNSt13bad_exceptionD2Ev
                0x000000000800c78c        0x4 c:/st/stm32cubeide_1.5.0/stm32cubeide/plugins/com.st.stm32cube.ide.mcu.externaltools.gnu-tools-for-stm32.7-2018-q2-update.win32_1.5.0.202011040924/tools/bin/../lib/gcc/arm-none-eabi/7.3.1/../../../../arm-none-eabi/lib/thumb/v7e-m/fpv4-sp/hard\libstdc++.a(eh_exception.o)
                0x000000000800c78c                std::bad_exception::~bad_exception()
                0x000000000800c78c                std::bad_exception::~bad_exception()
 .text._ZNKSt13bad_exception4whatEv
                0x000000000800c790        0x8 c:/st/stm32cubeide_1.5.0/stm32cubeide/plugins/com.st.stm32cube.ide.mcu.externaltools.gnu-tools-for-stm32.7-2018-q2-update.win32_1.5.0.202011040924/tools/bin/../lib/gcc/arm-none-eabi/7.3.1/../../../../arm-none-eabi/lib/thumb/v7e-m/fpv4-sp/hard\libstdc++.a(eh_exception.o)
                0x000000000800c790                std::bad_exception::what() const
                0x000000000800c790                transaction clone for std::bad_exception::what() const
 .text._ZNSt13bad_exceptionD0Ev
                0x000000000800c798       0x10 c:/st/stm32cubeide_1.5.0/stm32cubeide/plugins/com.st.stm32cube.ide.mcu.externaltools.gnu-tools-for-stm32.7-2018-q2-update.win32_1.5.0.202011040924/tools/bin/../lib/gcc/arm-none-eabi/7.3.1/../../../../arm-none-eabi/lib/thumb/v7e-m/fpv4-sp/hard\libstdc++.a(eh_exception.o)
                0x000000000800c798                std::bad_exception::~bad_exception()
 .text._ZNSt9type_infoD2Ev
                0x000000000800c7a8        0x4 c:/st/stm32cubeide_1.5.0/stm32cubeide/plugins/com.st.stm32cube.ide.mcu.externaltools.gnu-tools-for-stm32.7-2018-q2-update.win32_1.5.0.202011040924/tools/bin/../lib/gcc/arm-none-eabi/7.3.1/../../../../arm-none-eabi/lib/thumb/v7e-m/fpv4-sp/hard\libstdc++.a(tinfo.o)
                0x000000000800c7a8                std::type_info::~type_info()
                0x000000000800c7a8                std::type_info::~type_info()
 .text._ZNKSt9type_info14__is_pointer_pEv
                0x000000000800c7ac        0x4 c:/st/stm32cubeide_1.5.0/stm32cubeide/plugins/com.st.stm32cube.ide.mcu.externaltools.gnu-tools-for-stm32.7-2018-q2-update.win32_1.5.0.202011040924/tools/bin/../lib/gcc/arm-none-eabi/7.3.1/../../../../arm-none-eabi/lib/thumb/v7e-m/fpv4-sp/hard\libstdc++.a(tinfo.o)
                0x000000000800c7ac                std::type_info::__is_pointer_p() const
                0x000000000800c7ac                std::type_info::__is_function_p() const
 .text._ZNKSt9type_infoeqERKS_
                0x000000000800c7b0       0x2c c:/st/stm32cubeide_1.5.0/stm32cubeide/plugins/com.st.stm32cube.ide.mcu.externaltools.gnu-tools-for-stm32.7-2018-q2-update.win32_1.5.0.202011040924/tools/bin/../lib/gcc/arm-none-eabi/7.3.1/../../../../arm-none-eabi/lib/thumb/v7e-m/fpv4-sp/hard\libstdc++.a(tinfo.o)
                0x000000000800c7b0                std::type_info::operator==(std::type_info const&) const
 .text._ZN10__cxxabiv1L24__is_gxx_exception_classEPc
                0x000000000800c7dc       0x3c c:/st/stm32cubeide_1.5.0/stm32cubeide/plugins/com.st.stm32cube.ide.mcu.externaltools.gnu-tools-for-stm32.7-2018-q2-update.win32_1.5.0.202011040924/tools/bin/../lib/gcc/arm-none-eabi/7.3.1/../../../../arm-none-eabi/lib/thumb/v7e-m/fpv4-sp/hard\libstdc++.a(eh_call.o)
 .text.__cxa_call_terminate
                0x000000000800c818       0x20 c:/st/stm32cubeide_1.5.0/stm32cubeide/plugins/com.st.stm32cube.ide.mcu.externaltools.gnu-tools-for-stm32.7-2018-q2-update.win32_1.5.0.202011040924/tools/bin/../lib/gcc/arm-none-eabi/7.3.1/../../../../arm-none-eabi/lib/thumb/v7e-m/fpv4-sp/hard\libstdc++.a(eh_call.o)
                0x000000000800c818                __cxa_call_terminate
 .text.__cxa_call_unexpected
                0x000000000800c838       0xdc c:/st/stm32cubeide_1.5.0/stm32cubeide/plugins/com.st.stm32cube.ide.mcu.externaltools.gnu-tools-for-stm32.7-2018-q2-update.win32_1.5.0.202011040924/tools/bin/../lib/gcc/arm-none-eabi/7.3.1/../../../../arm-none-eabi/lib/thumb/v7e-m/fpv4-sp/hard\libstdc++.a(eh_call.o)
                0x000000000800c838                __cxa_call_unexpected
 .text.__cxa_end_cleanup
                0x000000000800c914        0xc c:/st/stm32cubeide_1.5.0/stm32cubeide/plugins/com.st.stm32cube.ide.mcu.externaltools.gnu-tools-for-stm32.7-2018-q2-update.win32_1.5.0.202011040924/tools/bin/../lib/gcc/arm-none-eabi/7.3.1/../../../../arm-none-eabi/lib/thumb/v7e-m/fpv4-sp/hard\libstdc++.a(eh_arm.o)
                0x000000000800c914                __cxa_end_cleanup
 .text.__cxa_type_match
                0x000000000800c920       0xb0 c:/st/stm32cubeide_1.5.0/stm32cubeide/plugins/com.st.stm32cube.ide.mcu.externaltools.gnu-tools-for-stm32.7-2018-q2-update.win32_1.5.0.202011040924/tools/bin/../lib/gcc/arm-none-eabi/7.3.1/../../../../arm-none-eabi/lib/thumb/v7e-m/fpv4-sp/hard\libstdc++.a(eh_arm.o)
                0x000000000800c920                __cxa_type_match
 .text.__cxa_begin_cleanup
                0x000000000800c9d0       0x64 c:/st/stm32cubeide_1.5.0/stm32cubeide/plugins/com.st.stm32cube.ide.mcu.externaltools.gnu-tools-for-stm32.7-2018-q2-update.win32_1.5.0.202011040924/tools/bin/../lib/gcc/arm-none-eabi/7.3.1/../../../../arm-none-eabi/lib/thumb/v7e-m/fpv4-sp/hard\libstdc++.a(eh_arm.o)
                0x000000000800c9d0                __cxa_begin_cleanup
 .text.__gnu_end_cleanup
                0x000000000800ca34       0x70 c:/st/stm32cubeide_1.5.0/stm32cubeide/plugins/com.st.stm32cube.ide.mcu.externaltools.gnu-tools-for-stm32.7-2018-q2-update.win32_1.5.0.202011040924/tools/bin/../lib/gcc/arm-none-eabi/7.3.1/../../../../arm-none-eabi/lib/thumb/v7e-m/fpv4-sp/hard\libstdc++.a(eh_arm.o)
                0x000000000800ca34                __gnu_end_cleanup
 .text.__cxa_get_globals_fast
                0x000000000800caa4        0x8 c:/st/stm32cubeide_1.5.0/stm32cubeide/plugins/com.st.stm32cube.ide.mcu.externaltools.gnu-tools-for-stm32.7-2018-q2-update.win32_1.5.0.202011040924/tools/bin/../lib/gcc/arm-none-eabi/7.3.1/../../../../arm-none-eabi/lib/thumb/v7e-m/fpv4-sp/hard\libstdc++.a(eh_globals.o)
                0x000000000800caa4                __cxa_get_globals_fast
 .text.__cxa_get_globals
                0x000000000800caac        0x8 c:/st/stm32cubeide_1.5.0/stm32cubeide/plugins/com.st.stm32cube.ide.mcu.externaltools.gnu-tools-for-stm32.7-2018-q2-update.win32_1.5.0.202011040924/tools/bin/../lib/gcc/arm-none-eabi/7.3.1/../../../../arm-none-eabi/lib/thumb/v7e-m/fpv4-sp/hard\libstdc++.a(eh_globals.o)
                0x000000000800caac                __cxa_get_globals
 .text._ZL28read_encoded_value_with_basehjPKhPj
                0x000000000800cab4       0xc0 c:/st/stm32cubeide_1.5.0/stm32cubeide/plugins/com.st.stm32cube.ide.mcu.externaltools.gnu-tools-for-stm32.7-2018-q2-update.win32_1.5.0.202011040924/tools/bin/../lib/gcc/arm-none-eabi/7.3.1/../../../../arm-none-eabi/lib/thumb/v7e-m/fpv4-sp/hard\libstdc++.a(eh_personality.o)
 .text._ZL21base_of_encoded_valuehP15_Unwind_Context.part.3
                0x000000000800cb74       0x38 c:/st/stm32cubeide_1.5.0/stm32cubeide/plugins/com.st.stm32cube.ide.mcu.externaltools.gnu-tools-for-stm32.7-2018-q2-update.win32_1.5.0.202011040924/tools/bin/../lib/gcc/arm-none-eabi/7.3.1/../../../../arm-none-eabi/lib/thumb/v7e-m/fpv4-sp/hard\libstdc++.a(eh_personality.o)
 .text._ZL17parse_lsda_headerP15_Unwind_ContextPKhP16lsda_header_info
                0x000000000800cbac       0x94 c:/st/stm32cubeide_1.5.0/stm32cubeide/plugins/com.st.stm32cube.ide.mcu.externaltools.gnu-tools-for-stm32.7-2018-q2-update.win32_1.5.0.202011040924/tools/bin/../lib/gcc/arm-none-eabi/7.3.1/../../../../arm-none-eabi/lib/thumb/v7e-m/fpv4-sp/hard\libstdc++.a(eh_personality.o)
 .text.__gxx_personality_v0
                0x000000000800cc40      0x4e4 c:/st/stm32cubeide_1.5.0/stm32cubeide/plugins/com.st.stm32cube.ide.mcu.externaltools.gnu-tools-for-stm32.7-2018-q2-update.win32_1.5.0.202011040924/tools/bin/../lib/gcc/arm-none-eabi/7.3.1/../../../../arm-none-eabi/lib/thumb/v7e-m/fpv4-sp/hard\libstdc++.a(eh_personality.o)
                0x000000000800cc40                __gxx_personality_v0
 .text._ZNK10__cxxabiv117__class_type_info11__do_upcastEPKS0_PPv
                0x000000000800d124       0x38 c:/st/stm32cubeide_1.5.0/stm32cubeide/plugins/com.st.stm32cube.ide.mcu.externaltools.gnu-tools-for-stm32.7-2018-q2-update.win32_1.5.0.202011040924/tools/bin/../lib/gcc/arm-none-eabi/7.3.1/../../../../arm-none-eabi/lib/thumb/v7e-m/fpv4-sp/hard\libstdc++.a(class_type_info.o)
                0x000000000800d124                __cxxabiv1::__class_type_info::__do_upcast(__cxxabiv1::__class_type_info const*, void**) const
 .text._ZNK10__cxxabiv117__class_type_info20__do_find_public_srcEiPKvPKS0_S2_
                0x000000000800d15c        0xc c:/st/stm32cubeide_1.5.0/stm32cubeide/plugins/com.st.stm32cube.ide.mcu.externaltools.gnu-tools-for-stm32.7-2018-q2-update.win32_1.5.0.202011040924/tools/bin/../lib/gcc/arm-none-eabi/7.3.1/../../../../arm-none-eabi/lib/thumb/v7e-m/fpv4-sp/hard\libstdc++.a(class_type_info.o)
                0x000000000800d15c                __cxxabiv1::__class_type_info::__do_find_public_src(int, void const*, __cxxabiv1::__class_type_info const*, void const*) const
 .text._ZN10__cxxabiv117__class_type_infoD2Ev
                0x000000000800d168       0x14 c:/st/stm32cubeide_1.5.0/stm32cubeide/plugins/com.st.stm32cube.ide.mcu.externaltools.gnu-tools-for-stm32.7-2018-q2-update.win32_1.5.0.202011040924/tools/bin/../lib/gcc/arm-none-eabi/7.3.1/../../../../arm-none-eabi/lib/thumb/v7e-m/fpv4-sp/hard\libstdc++.a(class_type_info.o)
                0x000000000800d168                __cxxabiv1::__class_type_info::~__class_type_info()
                0x000000000800d168                __cxxabiv1::__class_type_info::~__class_type_info()
 .text._ZN10__cxxabiv117__class_type_infoD0Ev
                0x000000000800d17c       0x1c c:/st/stm32cubeide_1.5.0/stm32cubeide/plugins/com.st.stm32cube.ide.mcu.externaltools.gnu-tools-for-stm32.7-2018-q2-update.win32_1.5.0.202011040924/tools/bin/../lib/gcc/arm-none-eabi/7.3.1/../../../../arm-none-eabi/lib/thumb/v7e-m/fpv4-sp/hard\libstdc++.a(class_type_info.o)
                0x000000000800d17c                __cxxabiv1::__class_type_info::~__class_type_info()
 .text._ZNK10__cxxabiv117__class_type_info12__do_dyncastEiNS0_10__sub_kindEPKS0_PKvS3_S5_RNS0_16__dyncast_resultE
                0x000000000800d198       0x44 c:/st/stm32cubeide_1.5.0/stm32cubeide/plugins/com.st.stm32cube.ide.mcu.externaltools.gnu-tools-for-stm32.7-2018-q2-update.win32_1.5.0.202011040924/tools/bin/../lib/gcc/arm-none-eabi/7.3.1/../../../../arm-none-eabi/lib/thumb/v7e-m/fpv4-sp/hard\libstdc++.a(class_type_info.o)
                0x000000000800d198                __cxxabiv1::__class_type_info::__do_dyncast(int, __cxxabiv1::__class_type_info::__sub_kind, __cxxabiv1::__class_type_info const*, void const*, __cxxabiv1::__class_type_info const*, void const*, __cxxabiv1::__class_type_info::__dyncast_result&) const
 .text._ZNK10__cxxabiv117__class_type_info11__do_upcastEPKS0_PKvRNS0_15__upcast_resultE
                0x000000000800d1dc       0x18 c:/st/stm32cubeide_1.5.0/stm32cubeide/plugins/com.st.stm32cube.ide.mcu.externaltools.gnu-tools-for-stm32.7-2018-q2-update.win32_1.5.0.202011040924/tools/bin/../lib/gcc/arm-none-eabi/7.3.1/../../../../arm-none-eabi/lib/thumb/v7e-m/fpv4-sp/hard\libstdc++.a(class_type_info.o)
                0x000000000800d1dc                __cxxabiv1::__class_type_info::__do_upcast(__cxxabiv1::__class_type_info const*, void const*, __cxxabiv1::__class_type_info::__upcast_result&) const
 .text._ZNK10__cxxabiv117__class_type_info10__do_catchEPKSt9type_infoPPvj
                0x000000000800d1f4       0x2c c:/st/stm32cubeide_1.5.0/stm32cubeide/plugins/com.st.stm32cube.ide.mcu.externaltools.gnu-tools-for-stm32.7-2018-q2-update.win32_1.5.0.202011040924/tools/bin/../lib/gcc/arm-none-eabi/7.3.1/../../../../arm-none-eabi/lib/thumb/v7e-m/fpv4-sp/hard\libstdc++.a(class_type_info.o)
                0x000000000800d1f4                __cxxabiv1::__class_type_info::__do_catch(std::type_info const*, void**, unsigned int) const
 .text._ZN9__gnu_cxx27__verbose_terminate_handlerEv
                0x000000000800d220      0x110 c:/st/stm32cubeide_1.5.0/stm32cubeide/plugins/com.st.stm32cube.ide.mcu.externaltools.gnu-tools-for-stm32.7-2018-q2-update.win32_1.5.0.202011040924/tools/bin/../lib/gcc/arm-none-eabi/7.3.1/../../../../arm-none-eabi/lib/thumb/v7e-m/fpv4-sp/hard\libstdc++.a(vterminate.o)
                0x000000000800d220                __gnu_cxx::__verbose_terminate_handler()
 .text.__cxa_current_exception_type
                0x000000000800d330       0x1c c:/st/stm32cubeide_1.5.0/stm32cubeide/plugins/com.st.stm32cube.ide.mcu.externaltools.gnu-tools-for-stm32.7-2018-q2-update.win32_1.5.0.202011040924/tools/bin/../lib/gcc/arm-none-eabi/7.3.1/../../../../arm-none-eabi/lib/thumb/v7e-m/fpv4-sp/hard\libstdc++.a(eh_type.o)
                0x000000000800d330                __cxa_current_exception_type
 .text.expf     0x000000000800d34c       0xf4 c:/st/stm32cubeide_1.5.0/stm32cubeide/plugins/com.st.stm32cube.ide.mcu.externaltools.gnu-tools-for-stm32.7-2018-q2-update.win32_1.5.0.202011040924/tools/bin/../lib/gcc/arm-none-eabi/7.3.1/../../../../arm-none-eabi/lib/thumb/v7e-m/fpv4-sp/hard\libm.a(lib_a-wf_exp.o)
                0x000000000800d34c                expf
 .text.__ieee754_expf
                0x000000000800d440      0x1a8 c:/st/stm32cubeide_1.5.0/stm32cubeide/plugins/com.st.stm32cube.ide.mcu.externaltools.gnu-tools-for-stm32.7-2018-q2-update.win32_1.5.0.202011040924/tools/bin/../lib/gcc/arm-none-eabi/7.3.1/../../../../arm-none-eabi/lib/thumb/v7e-m/fpv4-sp/hard\libm.a(lib_a-ef_exp.o)
                0x000000000800d440                __ieee754_expf
 .text.matherr  0x000000000800d5e8        0x4 c:/st/stm32cubeide_1.5.0/stm32cubeide/plugins/com.st.stm32cube.ide.mcu.externaltools.gnu-tools-for-stm32.7-2018-q2-update.win32_1.5.0.202011040924/tools/bin/../lib/gcc/arm-none-eabi/7.3.1/../../../../arm-none-eabi/lib/thumb/v7e-m/fpv4-sp/hard\libm.a(lib_a-s_matherr.o)
                0x000000000800d5e8                matherr
 .text.finitef  0x000000000800d5ec       0x14 c:/st/stm32cubeide_1.5.0/stm32cubeide/plugins/com.st.stm32cube.ide.mcu.externaltools.gnu-tools-for-stm32.7-2018-q2-update.win32_1.5.0.202011040924/tools/bin/../lib/gcc/arm-none-eabi/7.3.1/../../../../arm-none-eabi/lib/thumb/v7e-m/fpv4-sp/hard\libm.a(lib_a-sf_finite.o)
                0x000000000800d5ec                finitef
 .text.abort    0x000000000800d600        0xe c:/st/stm32cubeide_1.5.0/stm32cubeide/plugins/com.st.stm32cube.ide.mcu.externaltools.gnu-tools-for-stm32.7-2018-q2-update.win32_1.5.0.202011040924/tools/bin/../lib/gcc/arm-none-eabi/7.3.1/../../../../arm-none-eabi/lib/thumb/v7e-m/fpv4-sp/hard\libc.a(lib_a-abort.o)
                0x000000000800d600                abort
 *fill*         0x000000000800d60e        0x2 
 .text.__errno  0x000000000800d610        0xc c:/st/stm32cubeide_1.5.0/stm32cubeide/plugins/com.st.stm32cube.ide.mcu.externaltools.gnu-tools-for-stm32.7-2018-q2-update.win32_1.5.0.202011040924/tools/bin/../lib/gcc/arm-none-eabi/7.3.1/../../../../arm-none-eabi/lib/thumb/v7e-m/fpv4-sp/hard\libc.a(lib_a-errno.o)
                0x000000000800d610                __errno
 .text._fputc_r
                0x000000000800d61c       0x46 c:/st/stm32cubeide_1.5.0/stm32cubeide/plugins/com.st.stm32cube.ide.mcu.externaltools.gnu-tools-for-stm32.7-2018-q2-update.win32_1.5.0.202011040924/tools/bin/../lib/gcc/arm-none-eabi/7.3.1/../../../../arm-none-eabi/lib/thumb/v7e-m/fpv4-sp/hard\libc.a(lib_a-fputc.o)
                0x000000000800d61c                _fputc_r
 *fill*         0x000000000800d662        0x2 
 .text.fputc    0x000000000800d664       0x10 c:/st/stm32cubeide_1.5.0/stm32cubeide/plugins/com.st.stm32cube.ide.mcu.externaltools.gnu-tools-for-stm32.7-2018-q2-update.win32_1.5.0.202011040924/tools/bin/../lib/gcc/arm-none-eabi/7.3.1/../../../../arm-none-eabi/lib/thumb/v7e-m/fpv4-sp/hard\libc.a(lib_a-fputc.o)
                0x000000000800d664                fputc
 .text._fputs_r
                0x000000000800d674       0x74 c:/st/stm32cubeide_1.5.0/stm32cubeide/plugins/com.st.stm32cube.ide.mcu.externaltools.gnu-tools-for-stm32.7-2018-q2-update.win32_1.5.0.202011040924/tools/bin/../lib/gcc/arm-none-eabi/7.3.1/../../../../arm-none-eabi/lib/thumb/v7e-m/fpv4-sp/hard\libc.a(lib_a-fputs.o)
                0x000000000800d674                _fputs_r
 .text.fputs    0x000000000800d6e8       0x10 c:/st/stm32cubeide_1.5.0/stm32cubeide/plugins/com.st.stm32cube.ide.mcu.externaltools.gnu-tools-for-stm32.7-2018-q2-update.win32_1.5.0.202011040924/tools/bin/../lib/gcc/arm-none-eabi/7.3.1/../../../../arm-none-eabi/lib/thumb/v7e-m/fpv4-sp/hard\libc.a(lib_a-fputs.o)
                0x000000000800d6e8                fputs
 .text.__sfvwrite_r
                0x000000000800d6f8      0x29c c:/st/stm32cubeide_1.5.0/stm32cubeide/plugins/com.st.stm32cube.ide.mcu.externaltools.gnu-tools-for-stm32.7-2018-q2-update.win32_1.5.0.202011040924/tools/bin/../lib/gcc/arm-none-eabi/7.3.1/../../../../arm-none-eabi/lib/thumb/v7e-m/fpv4-sp/hard\libc.a(lib_a-fvwrite.o)
                0x000000000800d6f8                __sfvwrite_r
 .text._fwrite_r
                0x000000000800d994       0x92 c:/st/stm32cubeide_1.5.0/stm32cubeide/plugins/com.st.stm32cube.ide.mcu.externaltools.gnu-tools-for-stm32.7-2018-q2-update.win32_1.5.0.202011040924/tools/bin/../lib/gcc/arm-none-eabi/7.3.1/../../../../arm-none-eabi/lib/thumb/v7e-m/fpv4-sp/hard\libc.a(lib_a-fwrite.o)
                0x000000000800d994                _fwrite_r
 *fill*         0x000000000800da26        0x2 
 .text.fwrite   0x000000000800da28       0x1c c:/st/stm32cubeide_1.5.0/stm32cubeide/plugins/com.st.stm32cube.ide.mcu.externaltools.gnu-tools-for-stm32.7-2018-q2-update.win32_1.5.0.202011040924/tools/bin/../lib/gcc/arm-none-eabi/7.3.1/../../../../arm-none-eabi/lib/thumb/v7e-m/fpv4-sp/hard\libc.a(lib_a-fwrite.o)
                0x000000000800da28                fwrite
 .text.__libc_init_array
                0x000000000800da44       0x48 c:/st/stm32cubeide_1.5.0/stm32cubeide/plugins/com.st.stm32cube.ide.mcu.externaltools.gnu-tools-for-stm32.7-2018-q2-update.win32_1.5.0.202011040924/tools/bin/../lib/gcc/arm-none-eabi/7.3.1/../../../../arm-none-eabi/lib/thumb/v7e-m/fpv4-sp/hard\libc.a(lib_a-init.o)
                0x000000000800da44                __libc_init_array
 .text.__retarget_lock_init_recursive
                0x000000000800da8c        0x2 c:/st/stm32cubeide_1.5.0/stm32cubeide/plugins/com.st.stm32cube.ide.mcu.externaltools.gnu-tools-for-stm32.7-2018-q2-update.win32_1.5.0.202011040924/tools/bin/../lib/gcc/arm-none-eabi/7.3.1/../../../../arm-none-eabi/lib/thumb/v7e-m/fpv4-sp/hard\libc.a(lib_a-lock.o)
                0x000000000800da8c                __retarget_lock_init_recursive
 .text.__retarget_lock_close_recursive
                0x000000000800da8e        0x2 c:/st/stm32cubeide_1.5.0/stm32cubeide/plugins/com.st.stm32cube.ide.mcu.externaltools.gnu-tools-for-stm32.7-2018-q2-update.win32_1.5.0.202011040924/tools/bin/../lib/gcc/arm-none-eabi/7.3.1/../../../../arm-none-eabi/lib/thumb/v7e-m/fpv4-sp/hard\libc.a(lib_a-lock.o)
                0x000000000800da8e                __retarget_lock_close_recursive
 .text.__retarget_lock_acquire_recursive
                0x000000000800da90        0x2 c:/st/stm32cubeide_1.5.0/stm32cubeide/plugins/com.st.stm32cube.ide.mcu.externaltools.gnu-tools-for-stm32.7-2018-q2-update.win32_1.5.0.202011040924/tools/bin/../lib/gcc/arm-none-eabi/7.3.1/../../../../arm-none-eabi/lib/thumb/v7e-m/fpv4-sp/hard\libc.a(lib_a-lock.o)
                0x000000000800da90                __retarget_lock_acquire_recursive
 .text.__retarget_lock_release_recursive
                0x000000000800da92        0x2 c:/st/stm32cubeide_1.5.0/stm32cubeide/plugins/com.st.stm32cube.ide.mcu.externaltools.gnu-tools-for-stm32.7-2018-q2-update.win32_1.5.0.202011040924/tools/bin/../lib/gcc/arm-none-eabi/7.3.1/../../../../arm-none-eabi/lib/thumb/v7e-m/fpv4-sp/hard\libc.a(lib_a-lock.o)
                0x000000000800da92                __retarget_lock_release_recursive
 .text.malloc   0x000000000800da94       0x10 c:/st/stm32cubeide_1.5.0/stm32cubeide/plugins/com.st.stm32cube.ide.mcu.externaltools.gnu-tools-for-stm32.7-2018-q2-update.win32_1.5.0.202011040924/tools/bin/../lib/gcc/arm-none-eabi/7.3.1/../../../../arm-none-eabi/lib/thumb/v7e-m/fpv4-sp/hard\libc.a(lib_a-malloc.o)
                0x000000000800da94                malloc
 .text.free     0x000000000800daa4       0x10 c:/st/stm32cubeide_1.5.0/stm32cubeide/plugins/com.st.stm32cube.ide.mcu.externaltools.gnu-tools-for-stm32.7-2018-q2-update.win32_1.5.0.202011040924/tools/bin/../lib/gcc/arm-none-eabi/7.3.1/../../../../arm-none-eabi/lib/thumb/v7e-m/fpv4-sp/hard\libc.a(lib_a-malloc.o)
                0x000000000800daa4                free
 .text._malloc_r
                0x000000000800dab4      0x46c c:/st/stm32cubeide_1.5.0/stm32cubeide/plugins/com.st.stm32cube.ide.mcu.externaltools.gnu-tools-for-stm32.7-2018-q2-update.win32_1.5.0.202011040924/tools/bin/../lib/gcc/arm-none-eabi/7.3.1/../../../../arm-none-eabi/lib/thumb/v7e-m/fpv4-sp/hard\libc.a(lib_a-mallocr.o)
                0x000000000800dab4                _malloc_r
 .text.memcmp   0x000000000800df20       0x1e c:/st/stm32cubeide_1.5.0/stm32cubeide/plugins/com.st.stm32cube.ide.mcu.externaltools.gnu-tools-for-stm32.7-2018-q2-update.win32_1.5.0.202011040924/tools/bin/../lib/gcc/arm-none-eabi/7.3.1/../../../../arm-none-eabi/lib/thumb/v7e-m/fpv4-sp/hard\libc.a(lib_a-memcmp.o)
                0x000000000800df20                memcmp
 .text.memcpy   0x000000000800df3e       0x16 c:/st/stm32cubeide_1.5.0/stm32cubeide/plugins/com.st.stm32cube.ide.mcu.externaltools.gnu-tools-for-stm32.7-2018-q2-update.win32_1.5.0.202011040924/tools/bin/../lib/gcc/arm-none-eabi/7.3.1/../../../../arm-none-eabi/lib/thumb/v7e-m/fpv4-sp/hard\libc.a(lib_a-memcpy-stub.o)
                0x000000000800df3e                memcpy
 .text.memmove  0x000000000800df54       0x32 c:/st/stm32cubeide_1.5.0/stm32cubeide/plugins/com.st.stm32cube.ide.mcu.externaltools.gnu-tools-for-stm32.7-2018-q2-update.win32_1.5.0.202011040924/tools/bin/../lib/gcc/arm-none-eabi/7.3.1/../../../../arm-none-eabi/lib/thumb/v7e-m/fpv4-sp/hard\libc.a(lib_a-memmove.o)
                0x000000000800df54                memmove
 .text.memset   0x000000000800df86       0x10 c:/st/stm32cubeide_1.5.0/stm32cubeide/plugins/com.st.stm32cube.ide.mcu.externaltools.gnu-tools-for-stm32.7-2018-q2-update.win32_1.5.0.202011040924/tools/bin/../lib/gcc/arm-none-eabi/7.3.1/../../../../arm-none-eabi/lib/thumb/v7e-m/fpv4-sp/hard\libc.a(lib_a-memset.o)
                0x000000000800df86                memset
 *fill*         0x000000000800df96        0x2 
 .text.__malloc_lock
                0x000000000800df98        0xc c:/st/stm32cubeide_1.5.0/stm32cubeide/plugins/com.st.stm32cube.ide.mcu.externaltools.gnu-tools-for-stm32.7-2018-q2-update.win32_1.5.0.202011040924/tools/bin/../lib/gcc/arm-none-eabi/7.3.1/../../../../arm-none-eabi/lib/thumb/v7e-m/fpv4-sp/hard\libc.a(lib_a-mlock.o)
                0x000000000800df98                __malloc_lock
 .text.__malloc_unlock
                0x000000000800dfa4        0xc c:/st/stm32cubeide_1.5.0/stm32cubeide/plugins/com.st.stm32cube.ide.mcu.externaltools.gnu-tools-for-stm32.7-2018-q2-update.win32_1.5.0.202011040924/tools/bin/../lib/gcc/arm-none-eabi/7.3.1/../../../../arm-none-eabi/lib/thumb/v7e-m/fpv4-sp/hard\libc.a(lib_a-mlock.o)
                0x000000000800dfa4                __malloc_unlock
 .text._putc_r  0x000000000800dfb0       0x68 c:/st/stm32cubeide_1.5.0/stm32cubeide/plugins/com.st.stm32cube.ide.mcu.externaltools.gnu-tools-for-stm32.7-2018-q2-update.win32_1.5.0.202011040924/tools/bin/../lib/gcc/arm-none-eabi/7.3.1/../../../../arm-none-eabi/lib/thumb/v7e-m/fpv4-sp/hard\libc.a(lib_a-putc.o)
                0x000000000800dfb0                _putc_r
 .text._puts_r  0x000000000800e018       0x8c c:/st/stm32cubeide_1.5.0/stm32cubeide/plugins/com.st.stm32cube.ide.mcu.externaltools.gnu-tools-for-stm32.7-2018-q2-update.win32_1.5.0.202011040924/tools/bin/../lib/gcc/arm-none-eabi/7.3.1/../../../../arm-none-eabi/lib/thumb/v7e-m/fpv4-sp/hard\libc.a(lib_a-puts.o)
                0x000000000800e018                _puts_r
 .text.puts     0x000000000800e0a4       0x10 c:/st/stm32cubeide_1.5.0/stm32cubeide/plugins/com.st.stm32cube.ide.mcu.externaltools.gnu-tools-for-stm32.7-2018-q2-update.win32_1.5.0.202011040924/tools/bin/../lib/gcc/arm-none-eabi/7.3.1/../../../../arm-none-eabi/lib/thumb/v7e-m/fpv4-sp/hard\libc.a(lib_a-puts.o)
                0x000000000800e0a4                puts
 .text.realloc  0x000000000800e0b4       0x10 c:/st/stm32cubeide_1.5.0/stm32cubeide/plugins/com.st.stm32cube.ide.mcu.externaltools.gnu-tools-for-stm32.7-2018-q2-update.win32_1.5.0.202011040924/tools/bin/../lib/gcc/arm-none-eabi/7.3.1/../../../../arm-none-eabi/lib/thumb/v7e-m/fpv4-sp/hard\libc.a(lib_a-realloc.o)
                0x000000000800e0b4                realloc
 .text._realloc_r
                0x000000000800e0c4      0x350 c:/st/stm32cubeide_1.5.0/stm32cubeide/plugins/com.st.stm32cube.ide.mcu.externaltools.gnu-tools-for-stm32.7-2018-q2-update.win32_1.5.0.202011040924/tools/bin/../lib/gcc/arm-none-eabi/7.3.1/../../../../arm-none-eabi/lib/thumb/v7e-m/fpv4-sp/hard\libc.a(lib_a-reallocr.o)
                0x000000000800e0c4                _realloc_r
 .text._sbrk_r  0x000000000800e414       0x20 c:/st/stm32cubeide_1.5.0/stm32cubeide/plugins/com.st.stm32cube.ide.mcu.externaltools.gnu-tools-for-stm32.7-2018-q2-update.win32_1.5.0.202011040924/tools/bin/../lib/gcc/arm-none-eabi/7.3.1/../../../../arm-none-eabi/lib/thumb/v7e-m/fpv4-sp/hard\libc.a(lib_a-sbrkr.o)
                0x000000000800e414                _sbrk_r
 .text._raise_r
                0x000000000800e434       0x52 c:/st/stm32cubeide_1.5.0/stm32cubeide/plugins/com.st.stm32cube.ide.mcu.externaltools.gnu-tools-for-stm32.7-2018-q2-update.win32_1.5.0.202011040924/tools/bin/../lib/gcc/arm-none-eabi/7.3.1/../../../../arm-none-eabi/lib/thumb/v7e-m/fpv4-sp/hard\libc.a(lib_a-signal.o)
                0x000000000800e434                _raise_r
 *fill*         0x000000000800e486        0x2 
 .text.raise    0x000000000800e488       0x10 c:/st/stm32cubeide_1.5.0/stm32cubeide/plugins/com.st.stm32cube.ide.mcu.externaltools.gnu-tools-for-stm32.7-2018-q2-update.win32_1.5.0.202011040924/tools/bin/../lib/gcc/arm-none-eabi/7.3.1/../../../../arm-none-eabi/lib/thumb/v7e-m/fpv4-sp/hard\libc.a(lib_a-signal.o)
                0x000000000800e488                raise
 .text._kill_r  0x000000000800e498       0x24 c:/st/stm32cubeide_1.5.0/stm32cubeide/plugins/com.st.stm32cube.ide.mcu.externaltools.gnu-tools-for-stm32.7-2018-q2-update.win32_1.5.0.202011040924/tools/bin/../lib/gcc/arm-none-eabi/7.3.1/../../../../arm-none-eabi/lib/thumb/v7e-m/fpv4-sp/hard\libc.a(lib_a-signalr.o)
                0x000000000800e498                _kill_r
 .text._getpid_r
                0x000000000800e4bc        0x4 c:/st/stm32cubeide_1.5.0/stm32cubeide/plugins/com.st.stm32cube.ide.mcu.externaltools.gnu-tools-for-stm32.7-2018-q2-update.win32_1.5.0.202011040924/tools/bin/../lib/gcc/arm-none-eabi/7.3.1/../../../../arm-none-eabi/lib/thumb/v7e-m/fpv4-sp/hard\libc.a(lib_a-signalr.o)
                0x000000000800e4bc                _getpid_r
 .text.sprintf  0x000000000800e4c0       0x40 c:/st/stm32cubeide_1.5.0/stm32cubeide/plugins/com.st.stm32cube.ide.mcu.externaltools.gnu-tools-for-stm32.7-2018-q2-update.win32_1.5.0.202011040924/tools/bin/../lib/gcc/arm-none-eabi/7.3.1/../../../../arm-none-eabi/lib/thumb/v7e-m/fpv4-sp/hard\libc.a(lib_a-sprintf.o)
                0x000000000800e4c0                sprintf
 .text.strncmp  0x000000000800e500       0x24 c:/st/stm32cubeide_1.5.0/stm32cubeide/plugins/com.st.stm32cube.ide.mcu.externaltools.gnu-tools-for-stm32.7-2018-q2-update.win32_1.5.0.202011040924/tools/bin/../lib/gcc/arm-none-eabi/7.3.1/../../../../arm-none-eabi/lib/thumb/v7e-m/fpv4-sp/hard\libc.a(lib_a-strncmp.o)
                0x000000000800e500                strncmp
 *fill*         0x000000000800e524        0x4 
 .text._svfprintf_r
                0x000000000800e528     0x143c c:/st/stm32cubeide_1.5.0/stm32cubeide/plugins/com.st.stm32cube.ide.mcu.externaltools.gnu-tools-for-stm32.7-2018-q2-update.win32_1.5.0.202011040924/tools/bin/../lib/gcc/arm-none-eabi/7.3.1/../../../../arm-none-eabi/lib/thumb/v7e-m/fpv4-sp/hard\libc.a(lib_a-svfprintf.o)
                0x000000000800e528                _svfprintf_r
 .text.sysconf  0x000000000800f964       0x1a c:/st/stm32cubeide_1.5.0/stm32cubeide/plugins/com.st.stm32cube.ide.mcu.externaltools.gnu-tools-for-stm32.7-2018-q2-update.win32_1.5.0.202011040924/tools/bin/../lib/gcc/arm-none-eabi/7.3.1/../../../../arm-none-eabi/lib/thumb/v7e-m/fpv4-sp/hard\libc.a(lib_a-sysconf.o)
                0x000000000800f964                sysconf
 .text.__swbuf_r
                0x000000000800f97e       0x92 c:/st/stm32cubeide_1.5.0/stm32cubeide/plugins/com.st.stm32cube.ide.mcu.externaltools.gnu-tools-for-stm32.7-2018-q2-update.win32_1.5.0.202011040924/tools/bin/../lib/gcc/arm-none-eabi/7.3.1/../../../../arm-none-eabi/lib/thumb/v7e-m/fpv4-sp/hard\libc.a(lib_a-wbuf.o)
                0x000000000800f97e                __swbuf_r
 .text._write_r
                0x000000000800fa10       0x24 c:/st/stm32cubeide_1.5.0/stm32cubeide/plugins/com.st.stm32cube.ide.mcu.externaltools.gnu-tools-for-stm32.7-2018-q2-update.win32_1.5.0.202011040924/tools/bin/../lib/gcc/arm-none-eabi/7.3.1/../../../../arm-none-eabi/lib/thumb/v7e-m/fpv4-sp/hard\libc.a(lib_a-writer.o)
                0x000000000800fa10                _write_r
 .text.__swsetup_r
                0x000000000800fa34       0xb0 c:/st/stm32cubeide_1.5.0/stm32cubeide/plugins/com.st.stm32cube.ide.mcu.externaltools.gnu-tools-for-stm32.7-2018-q2-update.win32_1.5.0.202011040924/tools/bin/../lib/gcc/arm-none-eabi/7.3.1/../../../../arm-none-eabi/lib/thumb/v7e-m/fpv4-sp/hard\libc.a(lib_a-wsetup.o)
                0x000000000800fa34                __swsetup_r
 .text.startup.register_fini
                0x000000000800fae4       0x14 c:/st/stm32cubeide_1.5.0/stm32cubeide/plugins/com.st.stm32cube.ide.mcu.externaltools.gnu-tools-for-stm32.7-2018-q2-update.win32_1.5.0.202011040924/tools/bin/../lib/gcc/arm-none-eabi/7.3.1/../../../../arm-none-eabi/lib/thumb/v7e-m/fpv4-sp/hard\libc.a(lib_a-__call_atexit.o)
 .text.atexit   0x000000000800faf8        0xc c:/st/stm32cubeide_1.5.0/stm32cubeide/plugins/com.st.stm32cube.ide.mcu.externaltools.gnu-tools-for-stm32.7-2018-q2-update.win32_1.5.0.202011040924/tools/bin/../lib/gcc/arm-none-eabi/7.3.1/../../../../arm-none-eabi/lib/thumb/v7e-m/fpv4-sp/hard\libc.a(lib_a-atexit.o)
                0x000000000800faf8                atexit
 .text.quorem   0x000000000800fb04      0x118 c:/st/stm32cubeide_1.5.0/stm32cubeide/plugins/com.st.stm32cube.ide.mcu.externaltools.gnu-tools-for-stm32.7-2018-q2-update.win32_1.5.0.202011040924/tools/bin/../lib/gcc/arm-none-eabi/7.3.1/../../../../arm-none-eabi/lib/thumb/v7e-m/fpv4-sp/hard\libc.a(lib_a-dtoa.o)
 *fill*         0x000000000800fc1c        0x4 