stm32746g_discovery_lcd.c:1429:13:FillTriangle	112	static
stm32746g_discovery_lcd.c:231:10:BSP_LCD_GetXSize	0	static
stm32746g_discovery_lcd.c:240:10:BSP_LCD_GetYSize	0	static
stm32746g_discovery_lcd.c:250:6:BSP_LCD_SetXSize	0	static
stm32746g_discovery_lcd.c:260:6:BSP_LCD_SetYSize	0	static
stm32746g_discovery_lcd.c:271:6:BSP_LCD_LayerDefaultInit	80	static
stm32746g_discovery_lcd.c:305:6:BSP_LCD_LayerRgb565Init	80	static
stm32746g_discovery_lcd.c:338:6:BSP_LCD_SelectLayer	0	static
stm32746g_discovery_lcd.c:352:6:BSP_LCD_SetLayerVisible	0	static
stm32746g_discovery_lcd.c:372:6:BSP_LCD_SetTransparency	0	static
stm32746g_discovery_lcd.c:383:6:BSP_LCD_SetLayerAddress	0	static
stm32746g_discovery_lcd.c:397:6:BSP_LCD_SetLayerWindow	24	static
stm32746g_discovery_lcd.c:412:6:BSP_LCD_SetColorKeying	16	static
stm32746g_discovery_lcd.c:424:6:BSP_LCD_ResetColorKeying	0	static
stm32746g_discovery_lcd.c:435:6:BSP_LCD_SetTextColor	0	static
stm32746g_discovery_lcd.c:444:10:BSP_LCD_GetTextColor	0	static
stm32746g_discovery_lcd.c:454:6:BSP_LCD_SetBackColor	0	static
stm32746g_discovery_lcd.c:463:10:BSP_LCD_GetBackColor	0	static
stm32746g_discovery_lcd.c:473:6:BSP_LCD_SetFont	0	static
stm32746g_discovery_lcd.c:482:8:BSP_LCD_GetFont	0	static
stm32746g_discovery_lcd.c:493:10:BSP_LCD_ReadPixel	4	static
stm32746g_discovery_lcd.c:528:6:BSP_LCD_Clear	40	static
stm32746g_discovery_lcd.c:539:6:BSP_LCD_ClearStringLine	56	static
stm32746g_discovery_lcd.c:559:6:BSP_LCD_DisplayChar	64	static
stm32746g_discovery_lcd.c:577:6:BSP_LCD_DisplayStringAt	32	static
stm32746g_discovery_lcd.c:638:6:BSP_LCD_DisplayStringAtLine	32	static
stm32746g_discovery_lcd.c:650:6:BSP_LCD_DrawHLine	40	static
stm32746g_discovery_lcd.c:675:6:BSP_LCD_DrawVLine	40	static
stm32746g_discovery_lcd.c:701:6:BSP_LCD_DrawLine	56	static
stm32746g_discovery_lcd.c:776:6:BSP_LCD_DrawRect	64	static
stm32746g_discovery_lcd.c:794:6:BSP_LCD_DrawCircle	80	static
stm32746g_discovery_lcd.c:841:6:BSP_LCD_DrawPolygon	64	static
stm32746g_discovery_lcd.c:869:6:BSP_LCD_DrawEllipse	56	static
stm32746g_discovery_lcd.c:902:6:BSP_LCD_DrawPixel	8	static
stm32746g_discovery_lcd.c:922:6:BSP_LCD_DrawFixmap	56	static
stm32746g_discovery_lcd.c:961:6:BSP_LCD_DrawBitmap	64	static
stm32746g_discovery_lcd.c:1022:6:BSP_LCD_FillRect	40	static
stm32746g_discovery_lcd.c:1049:6:BSP_LCD_FillCircle	72	static
stm32746g_discovery_lcd.c:1097:6:BSP_LCD_FillPolygon	176	static
stm32746g_discovery_lcd.c:1165:6:BSP_LCD_FillEllipse	72	static
stm32746g_discovery_lcd.c:1195:6:BSP_LCD_DisplayOn	8	static
stm32746g_discovery_lcd.c:1207:6:BSP_LCD_DisplayOff	8	static
stm32746g_discovery_lcd.c:1221:13:BSP_LCD_MspInit	88	static
stm32746g_discovery_lcd.c:1293:13:BSP_LCD_MspDeInit	8	static
stm32746g_discovery_lcd.c:210:9:BSP_LCD_DeInit	8	static
stm32746g_discovery_lcd.c:1342:13:BSP_LCD_ClockConfig	8	static
stm32746g_discovery_lcd.c:148:9:BSP_LCD_Init	16	static
