stm32f7xx_hal_i2c.c:4355:13:I2C_DMASlaveTransmitCplt	0	static
stm32f7xx_hal_i2c.c:4313:13:I2C_DMAMasterTransmitCplt	8	static
stm32f7xx_hal_i2c.c:4370:13:I2C_DMAMasterReceiveCplt	8	static
stm32f7xx_hal_i2c.c:4580:26:I2C_WaitOnRXNEFlagUntilTimeout	24	static
stm32f7xx_hal_i2c.c:4412:13:I2C_DMASlaveReceiveCplt	0	static
stm32f7xx_hal_i2c.c:4509:26:I2C_WaitOnTXISFlagUntilTimeout	24	static
stm32f7xx_hal_i2c.c:4546:26:I2C_WaitOnSTOPFlagUntilTimeout	24	static
stm32f7xx_hal_i2c.c:533:13:HAL_I2C_MspInit	0	static
stm32f7xx_hal_i2c.c:410:19:HAL_I2C_Init	24	static
stm32f7xx_hal_i2c.c:549:13:HAL_I2C_MspDeInit	0	static
stm32f7xx_hal_i2c.c:497:19:HAL_I2C_DeInit	8	static
stm32f7xx_hal_i2c.c:633:19:HAL_I2C_Master_Transmit	32	static
stm32f7xx_hal_i2c.c:757:19:HAL_I2C_Master_Receive	32	static
stm32f7xx_hal_i2c.c:880:19:HAL_I2C_Slave_Transmit	40	static
stm32f7xx_hal_i2c.c:1020:19:HAL_I2C_Slave_Receive	32	static
stm32f7xx_hal_i2c.c:1152:19:HAL_I2C_Master_Transmit_IT	16	static
stm32f7xx_hal_i2c.c:1221:19:HAL_I2C_Master_Receive_IT	16	static
stm32f7xx_hal_i2c.c:1288:19:HAL_I2C_Slave_Transmit_IT	16	static
stm32f7xx_hal_i2c.c:1337:19:HAL_I2C_Slave_Receive_IT	16	static
stm32f7xx_hal_i2c.c:1388:19:HAL_I2C_Master_Transmit_DMA	32	static
stm32f7xx_hal_i2c.c:1496:19:HAL_I2C_Master_Receive_DMA	32	static
stm32f7xx_hal_i2c.c:1601:19:HAL_I2C_Slave_Transmit_DMA	24	static
stm32f7xx_hal_i2c.c:1667:19:HAL_I2C_Slave_Receive_DMA	24	static
stm32f7xx_hal_i2c.c:1737:19:HAL_I2C_Mem_Write	32	static
stm32f7xx_hal_i2c.c:1890:19:HAL_I2C_Mem_Read	32	static
stm32f7xx_hal_i2c.c:2034:19:HAL_I2C_Mem_Write_IT	40	static
stm32f7xx_hal_i2c.c:2133:19:HAL_I2C_Mem_Read_IT	40	static
stm32f7xx_hal_i2c.c:2231:19:HAL_I2C_Mem_Write_DMA	40	static
stm32f7xx_hal_i2c.c:2347:19:HAL_I2C_Mem_Read_DMA	40	static
stm32f7xx_hal_i2c.c:2461:19:HAL_I2C_IsDeviceReady	40	static
stm32f7xx_hal_i2c.c:2581:19:HAL_I2C_Master_Sequential_Transmit_IT	12	static
stm32f7xx_hal_i2c.c:2654:19:HAL_I2C_Master_Sequential_Receive_IT	12	static
stm32f7xx_hal_i2c.c:2725:19:HAL_I2C_Slave_Sequential_Transmit_IT	16	static
stm32f7xx_hal_i2c.c:2799:19:HAL_I2C_Slave_Sequential_Receive_IT	16	static
stm32f7xx_hal_i2c.c:2869:19:HAL_I2C_EnableListen_IT	4	static
stm32f7xx_hal_i2c.c:2893:19:HAL_I2C_DisableListen_IT	8	static
stm32f7xx_hal_i2c.c:2926:19:HAL_I2C_Master_Abort_IT	16	static
stm32f7xx_hal_i2c.c:2976:6:HAL_I2C_EV_IRQHandler	4	static
stm32f7xx_hal_i2c.c:3040:13:HAL_I2C_MasterTxCpltCallback	0	static
stm32f7xx_hal_i2c.c:3056:13:HAL_I2C_MasterRxCpltCallback	0	static
stm32f7xx_hal_i2c.c:3071:13:HAL_I2C_SlaveTxCpltCallback	0	static
stm32f7xx_hal_i2c.c:3087:13:HAL_I2C_SlaveRxCpltCallback	0	static
stm32f7xx_hal_i2c.c:3105:13:HAL_I2C_AddrCallback	0	static
stm32f7xx_hal_i2c.c:3123:13:HAL_I2C_ListenCpltCallback	0	static
stm32f7xx_hal_i2c.c:3139:13:HAL_I2C_MemTxCpltCallback	0	static
stm32f7xx_hal_i2c.c:3155:13:HAL_I2C_MemRxCpltCallback	0	static
stm32f7xx_hal_i2c.c:3171:13:HAL_I2C_ErrorCallback	0	static
stm32f7xx_hal_i2c.c:3187:13:HAL_I2C_AbortCpltCallback	0	static
stm32f7xx_hal_i2c.c:4190:13:I2C_ITError	16	static
stm32f7xx_hal_i2c.c:4040:13:I2C_ITSlaveCplt	16	static
stm32f7xx_hal_i2c.c:3391:26:I2C_Slave_ISR_IT	24	static
stm32f7xx_hal_i2c.c:3593:26:I2C_Slave_ISR_DMA	8	static
stm32f7xx_hal_i2c.c:4444:13:I2C_DMAAbort	16	static
stm32f7xx_hal_i2c.c:4427:13:I2C_DMAError	16	static
stm32f7xx_hal_i2c.c:3948:13:I2C_ITMasterCplt	16	static
stm32f7xx_hal_i2c.c:3270:26:I2C_Master_ISR_IT	24	static
stm32f7xx_hal_i2c.c:3504:26:I2C_Master_ISR_DMA	24	static
stm32f7xx_hal_i2c.c:2995:6:HAL_I2C_ER_IRQHandler	16	static
stm32f7xx_hal_i2c.c:3222:22:HAL_I2C_GetState	0	static
stm32f7xx_hal_i2c.c:3234:21:HAL_I2C_GetMode	0	static
stm32f7xx_hal_i2c.c:3245:10:HAL_I2C_GetError	0	static
