stm32f7xx_ll_sdmmc.c:1171:17:SDMMC_GetCmdResp1.part.2	16	static
stm32f7xx_ll_sdmmc.c:227:19:SDMMC_Init	12	static
stm32f7xx_ll_sdmmc.c:280:10:SDMMC_ReadFIFO	0	static
stm32f7xx_ll_sdmmc.c:292:19:SDMMC_WriteFIFO	0	static
stm32f7xx_ll_sdmmc.c:324:19:SDMMC_PowerState_ON	0	static
stm32f7xx_ll_sdmmc.c:337:19:SDMMC_PowerState_OFF	0	static
stm32f7xx_ll_sdmmc.c:354:10:SDMMC_GetPowerState	0	static
stm32f7xx_ll_sdmmc.c:367:19:SDMMC_SendCommand	12	static
stm32f7xx_ll_sdmmc.c:397:9:SDMMC_GetCommandResponse	0	static
stm32f7xx_ll_sdmmc.c:414:10:SDMMC_GetResponse	8	static
stm32f7xx_ll_sdmmc.c:435:19:SDMMC_ConfigData	8	static
stm32f7xx_ll_sdmmc.c:470:10:SDMMC_GetDataCounter	0	static
stm32f7xx_ll_sdmmc.c:480:10:SDMMC_GetFIFOCount	0	static
stm32f7xx_ll_sdmmc.c:494:19:SDMMC_SetSDMMCReadWaitMode	0	static
stm32f7xx_ll_sdmmc.c:529:10:SDMMC_CmdBlockLength	8	static
stm32f7xx_ll_sdmmc.c:553:10:SDMMC_CmdReadSingleBlock	8	static
stm32f7xx_ll_sdmmc.c:577:10:SDMMC_CmdReadMultiBlock	8	static
stm32f7xx_ll_sdmmc.c:601:10:SDMMC_CmdWriteSingleBlock	8	static
stm32f7xx_ll_sdmmc.c:625:10:SDMMC_CmdWriteMultiBlock	8	static
stm32f7xx_ll_sdmmc.c:649:10:SDMMC_CmdSDEraseStartAdd	8	static
stm32f7xx_ll_sdmmc.c:673:10:SDMMC_CmdSDEraseEndAdd	8	static
stm32f7xx_ll_sdmmc.c:697:10:SDMMC_CmdEraseStartAdd	8	static
stm32f7xx_ll_sdmmc.c:721:10:SDMMC_CmdEraseEndAdd	8	static
stm32f7xx_ll_sdmmc.c:745:10:SDMMC_CmdErase	8	static
stm32f7xx_ll_sdmmc.c:769:10:SDMMC_CmdStopTransfer	8	static
stm32f7xx_ll_sdmmc.c:794:10:SDMMC_CmdSelDesel	8	static
stm32f7xx_ll_sdmmc.c:818:10:SDMMC_CmdGoIdleState	4	static
stm32f7xx_ll_sdmmc.c:841:10:SDMMC_CmdOperCond	4	static
stm32f7xx_ll_sdmmc.c:871:10:SDMMC_CmdAppCommand	8	static
stm32f7xx_ll_sdmmc.c:898:10:SDMMC_CmdAppOperCommand	8	static
stm32f7xx_ll_sdmmc.c:921:10:SDMMC_CmdBusWidth	8	static
stm32f7xx_ll_sdmmc.c:944:10:SDMMC_CmdSendSCR	8	static
stm32f7xx_ll_sdmmc.c:968:10:SDMMC_CmdSendCID	8	static
stm32f7xx_ll_sdmmc.c:992:10:SDMMC_CmdSendCSD	8	static
stm32f7xx_ll_sdmmc.c:1016:10:SDMMC_CmdSetRelAdd	24	static
stm32f7xx_ll_sdmmc.c:1040:10:SDMMC_CmdSendStatus	8	static
stm32f7xx_ll_sdmmc.c:1063:10:SDMMC_CmdStatusRegister	8	static
stm32f7xx_ll_sdmmc.c:1088:10:SDMMC_CmdOpCondition	8	static
stm32f7xx_ll_sdmmc.c:1112:10:SDMMC_CmdSwitch	8	static
