stm32f7xx_hal_adc.c:381:13:HAL_ADC_MspInit	0	static
stm32f7xx_hal_adc.c:257:19:HAL_ADC_Init	24	static
stm32f7xx_hal_adc.c:396:13:HAL_ADC_MspDeInit	0	static
stm32f7xx_hal_adc.c:334:19:HAL_ADC_DeInit	16	static
stm32f7xx_hal_adc.c:435:19:HAL_ADC_Start	16	static
stm32f7xx_hal_adc.c:536:19:HAL_ADC_Stop	0	static
stm32f7xx_hal_adc.c:579:19:HAL_ADC_PollForConversion	16	static
stm32f7xx_hal_adc.c:664:19:HAL_ADC_PollForEvent	24	static
stm32f7xx_hal_adc.c:726:19:HAL_ADC_Start_IT	16	static
stm32f7xx_hal_adc.c:829:19:HAL_ADC_Stop_IT	4	static
stm32f7xx_hal_adc.c:1011:19:HAL_ADC_Start_DMA	32	static
stm32f7xx_hal_adc.c:1130:19:HAL_ADC_Stop_DMA	8	static
stm32f7xx_hal_adc.c:1176:10:HAL_ADC_GetValue	0	static
stm32f7xx_hal_adc.c:1188:13:HAL_ADC_ConvCpltCallback	0	static
stm32f7xx_hal_adc.c:1592:13:ADC_DMAConvCplt	8	static
stm32f7xx_hal_adc.c:1203:13:HAL_ADC_ConvHalfCpltCallback	0	static
stm32f7xx_hal_adc.c:1645:13:ADC_DMAHalfConvCplt	8	static
stm32f7xx_hal_adc.c:1218:13:HAL_ADC_LevelOutOfWindowCallback	0	static
stm32f7xx_hal_adc.c:1239:13:HAL_ADC_ErrorCallback	0	static
stm32f7xx_hal_adc.c:866:6:HAL_ADC_IRQHandler	16	static
stm32f7xx_hal_adc.c:1658:13:ADC_DMAError	8	static
stm32f7xx_hal_adc.c:1277:19:HAL_ADC_ConfigChannel	32	static
stm32f7xx_hal_adc.c:1391:19:HAL_ADC_AnalogWDGConfig	16	static
stm32f7xx_hal_adc.c:1473:10:HAL_ADC_GetState	0	static
stm32f7xx_hal_adc.c:1485:10:HAL_ADC_GetError	0	static
