stm32f7xx_hal_sdram.c:278:13:HAL_SDRAM_DMA_XferErrorCallback	0	static
stm32f7xx_hal_sdram.c:263:13:HAL_SDRAM_DMA_XferCpltCallback	0	static
stm32f7xx_hal_sdram.c:196:13:HAL_SDRAM_MspInit	0	static
stm32f7xx_hal_sdram.c:136:19:HAL_SDRAM_Init	16	static
stm32f7xx_hal_sdram.c:212:13:HAL_SDRAM_MspDeInit	0	static
stm32f7xx_hal_sdram.c:173:19:HAL_SDRAM_DeInit	8	static
stm32f7xx_hal_sdram.c:247:13:HAL_SDRAM_RefreshErrorCallback	0	static
stm32f7xx_hal_sdram.c:228:6:HAL_SDRAM_IRQHandler	8	static
stm32f7xx_hal_sdram.c:315:19:HAL_SDRAM_Read_8b	8	static
stm32f7xx_hal_sdram.c:356:19:HAL_SDRAM_Write_8b	8	static
stm32f7xx_hal_sdram.c:400:19:HAL_SDRAM_Read_16b	8	static
stm32f7xx_hal_sdram.c:440:19:HAL_SDRAM_Write_16b	8	static
stm32f7xx_hal_sdram.c:483:19:HAL_SDRAM_Read_32b	8	static
stm32f7xx_hal_sdram.c:523:19:HAL_SDRAM_Write_32b	8	static
stm32f7xx_hal_sdram.c:566:19:HAL_SDRAM_Read_DMA	16	static
stm32f7xx_hal_sdram.c:607:19:HAL_SDRAM_Write_DMA	16	static
stm32f7xx_hal_sdram.c:664:19:HAL_SDRAM_WriteProtection_Enable	8	static
stm32f7xx_hal_sdram.c:690:19:HAL_SDRAM_WriteProtection_Disable	8	static
stm32f7xx_hal_sdram.c:718:19:HAL_SDRAM_SendCommand	16	static
stm32f7xx_hal_sdram.c:752:19:HAL_SDRAM_ProgramRefreshRate	8	static
stm32f7xx_hal_sdram.c:779:19:HAL_SDRAM_SetAutoRefreshNumber	8	static
stm32f7xx_hal_sdram.c:805:10:HAL_SDRAM_GetModeStatus	0	static
stm32f7xx_hal_sdram.c:836:24:HAL_SDRAM_GetState	0	static
