stm32f7xx_hal_dcmi.c:806:13:DCMI_DMAXferCplt	8	static
stm32f7xx_hal_dcmi.c:239:13:HAL_DCMI_MspInit	0	static
stm32f7xx_hal_dcmi.c:143:19:HAL_DCMI_Init	24	static
stm32f7xx_hal_dcmi.c:255:13:HAL_DCMI_MspDeInit	0	static
stm32f7xx_hal_dcmi.c:216:19:HAL_DCMI_DeInit	8	static
stm32f7xx_hal_dcmi.c:294:19:HAL_DCMI_Start_DMA	40	static
stm32f7xx_hal_dcmi.c:377:19:HAL_DCMI_Stop	16	static
stm32f7xx_hal_dcmi.c:430:19:HAL_DCMI_Suspend	8	static
stm32f7xx_hal_dcmi.c:476:19:HAL_DCMI_Resume	0	static
stm32f7xx_hal_dcmi.c:587:13:HAL_DCMI_ErrorCallback	0	static
stm32f7xx_hal_dcmi.c:863:13:DCMI_DMAError	8	static
stm32f7xx_hal_dcmi.c:603:13:HAL_DCMI_LineEventCallback	0	static
stm32f7xx_hal_dcmi.c:616:13:HAL_DCMI_VsyncEventCallback	0	static
stm32f7xx_hal_dcmi.c:632:13:HAL_DCMI_FrameEventCallback	0	static
stm32f7xx_hal_dcmi.c:502:6:HAL_DCMI_IRQHandler	16	static
stm32f7xx_hal_dcmi.c:672:19:HAL_DCMI_ConfigCrop	12	static
stm32f7xx_hal_dcmi.c:705:19:HAL_DCMI_DisableCrop	8	static
stm32f7xx_hal_dcmi.c:731:19:HAL_DCMI_EnableCrop	8	static
stm32f7xx_hal_dcmi.c:777:23:HAL_DCMI_GetState	0	static
stm32f7xx_hal_dcmi.c:788:10:HAL_DCMI_GetError	0	static
