stm32f7xx_hal_rtc.c:383:13:HAL_RTC_MspInit	0	static
stm32f7xx_hal_rtc.c:202:19:HAL_RTC_Init	24	static
stm32f7xx_hal_rtc.c:399:13:HAL_RTC_MspDeInit	0	static
stm32f7xx_hal_rtc.c:278:19:HAL_RTC_DeInit	16	static
stm32f7xx_hal_rtc.c:438:19:HAL_RTC_SetTime	32	static
stm32f7xx_hal_rtc.c:573:19:HAL_RTC_GetTime	12	static
stm32f7xx_hal_rtc.c:618:19:HAL_RTC_SetDate	24	static
stm32f7xx_hal_rtc.c:728:19:HAL_RTC_GetDate	16	static
stm32f7xx_hal_rtc.c:783:19:HAL_RTC_SetAlarm	24	static
stm32f7xx_hal_rtc.c:972:19:HAL_RTC_SetAlarm_IT	32	static
stm32f7xx_hal_rtc.c:1158:19:HAL_RTC_DeactivateAlarm	16	static
stm32f7xx_hal_rtc.c:1255:19:HAL_RTC_GetAlarm	36	static
stm32f7xx_hal_rtc.c:1347:13:HAL_RTC_AlarmAEventCallback	0	static
stm32f7xx_hal_rtc.c:1306:6:HAL_RTC_AlarmIRQHandler	8	static
stm32f7xx_hal_rtc.c:1364:19:HAL_RTC_PollForAlarmAEvent	16	static
stm32f7xx_hal_rtc.c:1426:19:HAL_RTC_WaitForSynchro	16	static
stm32f7xx_hal_rtc.c:1472:21:HAL_RTC_GetState	0	static
stm32f7xx_hal_rtc.c:1489:19:RTC_EnterInitMode	16	static
stm32f7xx_hal_rtc.c:1521:9:RTC_ByteToBcd2	0	static
stm32f7xx_hal_rtc.c:1539:9:RTC_Bcd2ToByte	0	static
