stm32746g_discovery.c:461:13:I2Cx_MspInit.constprop	56	static
stm32746g_discovery.c:173:10:BSP_GetVersion	0	static
stm32746g_discovery.c:185:6:BSP_LED_Init	40	static
stm32746g_discovery.c:217:6:BSP_LED_DeInit	8	static
stm32746g_discovery.c:240:6:BSP_LED_On	0	static
stm32746g_discovery.c:258:6:BSP_LED_Off	0	static
stm32746g_discovery.c:276:6:BSP_LED_Toggle	0	static
stm32746g_discovery.c:304:6:BSP_PB_Init	48	static
stm32746g_discovery.c:358:6:BSP_PB_DeInit	16	static
stm32746g_discovery.c:380:10:BSP_PB_GetState	8	static
stm32746g_discovery.c:395:6:BSP_COM_Init	56	static
stm32746g_discovery.c:435:6:BSP_COM_DeInit	8	static
stm32746g_discovery.c:674:6:AUDIO_IO_Init	56	static
stm32746g_discovery.c:683:6:AUDIO_IO_DeInit	0	static
stm32746g_discovery.c:694:6:AUDIO_IO_Write	40	static
stm32746g_discovery.c:711:10:AUDIO_IO_Read	40	static
stm32746g_discovery.c:731:6:AUDIO_IO_Delay	0	static
stm32746g_discovery.c:742:6:CAMERA_IO_Init	56	static
stm32746g_discovery.c:754:6:CAMERA_IO_Write	80	static
stm32746g_discovery.c:765:9:CAMERA_IO_Read	72	static
stm32746g_discovery.c:779:6:CAMERA_Delay	0	static
stm32746g_discovery.c:790:6:EEPROM_IO_Init	56	static
stm32746g_discovery.c:803:19:EEPROM_IO_WriteData	72	static
stm32746g_discovery.c:816:19:EEPROM_IO_ReadData	72	static
stm32746g_discovery.c:828:19:EEPROM_IO_IsDeviceReady	0	static
stm32746g_discovery.c:839:6:TS_IO_Init	56	static
stm32746g_discovery.c:851:6:TS_IO_Write	40	static
stm32746g_discovery.c:862:9:TS_IO_Read	48	static
stm32746g_discovery.c:876:6:TS_IO_Delay	0	static
