mfxstm32l152.c:201:6:mfxstm32l152_DeInit	0	static
mfxstm32l152.c:903:6:mfxstm32l152_IO_ClearIT	16	static
mfxstm32l152.c:1123:6:mfxstm32l152_TS_ClearIT	0	static
mfxstm32l152.c:1329:6:mfxstm32l152_IDD_ClearIT	0	static
mfxstm32l152.c:1403:6:mfxstm32l152_Error_ClearIT	0	static
mfxstm32l152.c:221:6:mfxstm32l152_Reset	8	static
mfxstm32l152.c:235:7:mfxstm32l152_LowPower	8	static
mfxstm32l152.c:249:7:mfxstm32l152_WakeUp	8	static
mfxstm32l152.c:272:10:mfxstm32l152_ReadID	8	static
mfxstm32l152.c:472:6:mfxstm32l152_IO_Start	16	static
mfxstm32l152.c:1500:6:mfxstm32l152_reg24_setPinValue	48	static
mfxstm32l152.c:809:10:mfxstm32l152_IO_ReadPin	24	static
mfxstm32l152.c:881:10:mfxstm32l152_IO_ITStatus	24	static
mfxstm32l152.c:1138:6:mfxstm32l152_IDD_Start	8	static
mfxstm32l152.c:1158:6:mfxstm32l152_IDD_Config	40	static
mfxstm32l152.c:1367:9:mfxstm32l152_Error_ReadSrc	0	static
mfxstm32l152.c:1378:9:mfxstm32l152_Error_ReadMsg	0	static
mfxstm32l152.c:1112:9:mfxstm32l152_TS_ITStatus	8	static
mfxstm32l152.c:1340:9:mfxstm32l152_IDD_GetITStatus	8	static
mfxstm32l152.c:1414:9:mfxstm32l152_Error_GetITStatus	8	static
mfxstm32l152.c:1069:6:mfxstm32l152_TS_GetXY	32	static
mfxstm32l152.c:1290:6:mfxstm32l152_IDD_GetValue	16	static
mfxstm32l152.c:1043:9:mfxstm32l152_TS_DetectTouch	8	static
mfxstm32l152.c:993:6:mfxstm32l152_TS_Start	8	static
mfxstm32l152.c:168:6:mfxstm32l152_Init	8	static
mfxstm32l152.c:841:6:mfxstm32l152_IO_DisableIT	8	static
mfxstm32l152.c:1425:6:mfxstm32l152_Error_DisableIT	8	static
mfxstm32l152.c:1101:6:mfxstm32l152_TS_DisableIT	8	static
mfxstm32l152.c:1351:6:mfxstm32l152_IDD_DisableIT	8	static
mfxstm32l152.c:1316:6:mfxstm32l152_IDD_EnableIT	8	static
mfxstm32l152.c:1390:6:mfxstm32l152_Error_EnableIT	8	static
mfxstm32l152.c:1088:6:mfxstm32l152_TS_EnableIT	8	static
mfxstm32l152.c:828:6:mfxstm32l152_IO_EnableIT	8	static
mfxstm32l152.c:786:6:mfxstm32l152_IO_WritePin	24	static
mfxstm32l152.c:535:9:mfxstm32l152_IO_Config	32	static
mfxstm32l152.c:293:10:mfxstm32l152_ReadFwVersion	16	static
mfxstm32l152.c:317:6:mfxstm32l152_EnableITSource	16	static
mfxstm32l152.c:345:6:mfxstm32l152_DisableITSource	16	static
mfxstm32l152.c:374:9:mfxstm32l152_GlobalITStatus	8	static
mfxstm32l152.c:396:6:mfxstm32l152_ClearGlobalIT	0	static
mfxstm32l152.c:410:6:mfxstm32l152_SetIrqOutPinPolarity	16	static
mfxstm32l152.c:439:6:mfxstm32l152_SetIrqOutPinType	16	static
mfxstm32l152.c:737:6:mfxstm32l152_IO_InitPin	40	static
mfxstm32l152.c:753:6:mfxstm32l152_IO_SetIrqEvtMode	40	static
mfxstm32l152.c:771:6:mfxstm32l152_IO_SetIrqTypeMode	40	static
mfxstm32l152.c:855:6:mfxstm32l152_IO_EnablePinIT	24	static
mfxstm32l152.c:868:6:mfxstm32l152_IO_DisablePinIT	32	static
mfxstm32l152.c:935:6:mfxstm32l152_IO_EnableAF	8	static
mfxstm32l152.c:961:7:mfxstm32l152_IO_DisableAF	8	static
mfxstm32l152.c:1267:6:mfxstm32l152_IDD_ConfigShuntNbLimit	16	static
mfxstm32l152.c:1306:10:mfxstm32l152_IDD_GetShuntUsed	0	static
mfxstm32l152.c:1434:9:mfxstm32l152_ReadReg	0	static
mfxstm32l152.c:1440:6:mfxstm32l152_WriteReg	0	static
