Archive member included to satisfy reference by file (symbol)

/Applications/STM32CubeIDE.app/Contents/Eclipse/plugins/com.st.stm32cube.ide.mcu.externaltools.gnu-tools-for-stm32.10.3-2021.10.macos64_1.0.0.202111181127/tools/bin/../lib/gcc/arm-none-eabi/7.3.1/../../../../arm-none-eabi/lib/thumb/v7e-m/fpv4-sp/hard/libstdc++.a(del_opv.o)
                              ./Src/JPEGDecoder.o (operator delete[](void*))
/Applications/STM32CubeIDE.app/Contents/Eclipse/plugins/com.st.stm32cube.ide.mcu.externaltools.gnu-tools-for-stm32.10.3-2021.10.macos64_1.0.0.202111181127/tools/bin/../lib/gcc/arm-none-eabi/7.3.1/../../../../arm-none-eabi/lib/thumb/v7e-m/fpv4-sp/hard/libstdc++.a(new_opv.o)
                              ./Src/JPEGDecoder.o (operator new[](unsigned int))
/Applications/STM32CubeIDE.app/Contents/Eclipse/plugins/com.st.stm32cube.ide.mcu.externaltools.gnu-tools-for-stm32.10.3-2021.10.macos64_1.0.0.202111181127/tools/bin/../lib/gcc/arm-none-eabi/7.3.1/../../../../arm-none-eabi/lib/thumb/v7e-m/fpv4-sp/hard/libstdc++.a(del_op.o)
                              /Applications/STM32CubeIDE.app/Contents/Eclipse/plugins/com.st.stm32cube.ide.mcu.externaltools.gnu-tools-for-stm32.10.3-2021.10.macos64_1.0.0.202111181127/tools/bin/../lib/gcc/arm-none-eabi/7.3.1/../../../../arm-none-eabi/lib/thumb/v7e-m/fpv4-sp/hard/libstdc++.a(del_opv.o) (operator delete(void*))
/Applications/STM32CubeIDE.app/Contents/Eclipse/plugins/com.st.stm32cube.ide.mcu.externaltools.gnu-tools-for-stm32.10.3-2021.10.macos64_1.0.0.202111181127/tools/bin/../lib/gcc/arm-none-eabi/7.3.1/../../../../arm-none-eabi/lib/thumb/v7e-m/fpv4-sp/hard/libstdc++.a(new_op.o)
                              /Applications/STM32CubeIDE.app/Contents/Eclipse/plugins/com.st.stm32cube.ide.mcu.externaltools.gnu-tools-for-stm32.10.3-2021.10.macos64_1.0.0.202111181127/tools/bin/../lib/gcc/arm-none-eabi/7.3.1/../../../../arm-none-eabi/lib/thumb/v7e-m/fpv4-sp/hard/libstdc++.a(new_opv.o) (operator new(unsigned int))
/Applications/STM32CubeIDE.app/Contents/Eclipse/plugins/com.st.stm32cube.ide.mcu.externaltools.gnu-tools-for-stm32.10.3-2021.10.macos64_1.0.0.202111181127/tools/bin/../lib/gcc/arm-none-eabi/7.3.1/../../../../arm-none-eabi/lib/thumb/v7e-m/fpv4-sp/hard/libstdc++.a(bad_alloc.o)
                              /Applications/STM32CubeIDE.app/Contents/Eclipse/plugins/com.st.stm32cube.ide.mcu.externaltools.gnu-tools-for-stm32.10.3-2021.10.macos64_1.0.0.202111181127/tools/bin/../lib/gcc/arm-none-eabi/7.3.1/../../../../arm-none-eabi/lib/thumb/v7e-m/fpv4-sp/hard/libstdc++.a(new_op.o) (std::bad_alloc::~bad_alloc())
/Applications/STM32CubeIDE.app/Contents/Eclipse/plugins/com.st.stm32cube.ide.mcu.externaltools.gnu-tools-for-stm32.10.3-2021.10.macos64_1.0.0.202111181127/tools/bin/../lib/gcc/arm-none-eabi/7.3.1/../../../../arm-none-eabi/lib/thumb/v7e-m/fpv4-sp/hard/libstdc++.a(del_ops.o)
                              /Applications/STM32CubeIDE.app/Contents/Eclipse/plugins/com.st.stm32cube.ide.mcu.externaltools.gnu-tools-for-stm32.10.3-2021.10.macos64_1.0.0.202111181127/tools/bin/../lib/gcc/arm-none-eabi/7.3.1/../../../../arm-none-eabi/lib/thumb/v7e-m/fpv4-sp/hard/libstdc++.a(bad_alloc.o) (operator delete(void*, unsigned int))
/Applications/STM32CubeIDE.app/Contents/Eclipse/plugins/com.st.stm32cube.ide.mcu.externaltools.gnu-tools-for-stm32.10.3-2021.10.macos64_1.0.0.202111181127/tools/bin/../lib/gcc/arm-none-eabi/7.3.1/../../../../arm-none-eabi/lib/thumb/v7e-m/fpv4-sp/hard/libstdc++.a(eh_alloc.o)
                              /Applications/STM32CubeIDE.app/Contents/Eclipse/plugins/com.st.stm32cube.ide.mcu.externaltools.gnu-tools-for-stm32.10.3-2021.10.macos64_1.0.0.202111181127/tools/bin/../lib/gcc/arm-none-eabi/7.3.1/../../../../arm-none-eabi/lib/thumb/v7e-m/fpv4-sp/hard/libstdc++.a(new_op.o) (__cxa_allocate_exception)
/Applications/STM32CubeIDE.app/Contents/Eclipse/plugins/com.st.stm32cube.ide.mcu.externaltools.gnu-tools-for-stm32.10.3-2021.10.macos64_1.0.0.202111181127/tools/bin/../lib/gcc/arm-none-eabi/7.3.1/../../../../arm-none-eabi/lib/thumb/v7e-m/fpv4-sp/hard/libstdc++.a(eh_exception.o)
                              /Applications/STM32CubeIDE.app/Contents/Eclipse/plugins/com.st.stm32cube.ide.mcu.externaltools.gnu-tools-for-stm32.10.3-2021.10.macos64_1.0.0.202111181127/tools/bin/../lib/gcc/arm-none-eabi/7.3.1/../../../../arm-none-eabi/lib/thumb/v7e-m/fpv4-sp/hard/libstdc++.a(bad_alloc.o) (std::exception::~exception())
/Applications/STM32CubeIDE.app/Contents/Eclipse/plugins/com.st.stm32cube.ide.mcu.externaltools.gnu-tools-for-stm32.10.3-2021.10.macos64_1.0.0.202111181127/tools/bin/../lib/gcc/arm-none-eabi/7.3.1/../../../../arm-none-eabi/lib/thumb/v7e-m/fpv4-sp/hard/libstdc++.a(eh_terminate.o)
[...]
Memory Configuration

Name             Origin             Length             Attributes
RAM              0x0000000020000000 0x0000000000050000 xrw
FLASH            0x0000000008000000 0x0000000000100000 xr
DTCMRAM          0x0000000000000000 0xffffffffffffffff
*default*        0x0000000000000000 0xffffffffffffffff

Linker script and memory map

LOAD /Applications/STM32CubeIDE.app/Contents/Eclipse/plugins/com.st.stm32cube.ide.mcu.externaltools.gnu-tools-for-stm32.10.3-2021.10.macos64_1.0.0.202111181127/tools/bin/../lib/gcc/arm-none-eabi/7.3.1/thumb/v7e-m/fpv4-sp/hard/crti.o
LOAD /Applications/STM32CubeIDE.app/Contents/Eclipse/plugins/com.st.stm32cube.ide.mcu.externaltools.gnu-tools-for-stm32.10.3-2021.10.macos64_1.0.0.202111181127/tools/bin/../lib/gcc/arm-none-eabi/7.3.1/thumb/v7e-m/fpv4-sp/hard/crtbegin.o
LOAD /Applications/STM32CubeIDE.app/Contents/Eclipse/plugins/com.st.stm32cube.ide.mcu.externaltools.gnu-tools-for-stm32.10.3-2021.10.macos64_1.0.0.202111181127/tools/bin/../lib/gcc/arm-none-eabi/7.3.1/../../../../arm-none-eabi/lib/thumb/v7e-m/fpv4-sp/hard/crt0.o
LOAD ./Drivers/BSP/Components/exc7200/exc7200.o
LOAD ./Drivers/BSP/Components/ft5336/ft5336.o
LOAD ./Drivers/BSP/Components/mfxstm32l152/mfxstm32l152.o
LOAD ./Drivers/BSP/Components/ov9655/ov9655.o
LOAD ./Drivers/BSP/Components/s5k5cag/s5k5cag.o
LOAD ./Drivers/BSP/Components/stmpe811/stmpe811.o
LOAD ./Drivers/BSP/Components/ts3510/ts3510.o
LOAD ./Drivers/BSP/Components/wm8994/wm8994.o
LOAD ./Drivers/BSP/STM32746G-Discovery/stm32746g_discovery.o
LOAD ./Drivers/BSP/STM32746G-Discovery/stm32746g_discovery_audio.o
LOAD ./Drivers/BSP/STM32746G-Discovery/stm32746g_discovery_eeprom.o
LOAD ./Drivers/BSP/STM32746G-Discovery/stm32746g_discovery_lcd.o
LOAD ./Drivers/BSP/STM32746G-Discovery/stm32746g_discovery_qspi.o
LOAD ./Drivers/BSP/STM32746G-Discovery/stm32746g_discovery_sd.o
LOAD ./Drivers/BSP/STM32746G-Discovery/stm32746g_discovery_sdram.o
LOAD ./Drivers/BSP/STM32746G-Discovery/stm32746g_discovery_ts.o
LOAD ./Drivers/STM32F7xx_HAL_Driver/Src/stm32f7xx_hal.o
LOAD ./Drivers/STM32F7xx_HAL_Driver/Src/stm32f7xx_hal_adc.o
LOAD ./Drivers/STM32F7xx_HAL_Driver/Src/stm32f7xx_hal_adc_ex.o
LOAD ./Drivers/STM32F7xx_HAL_Driver/Src/stm32f7xx_hal_cortex.o
LOAD ./Drivers/STM32F7xx_HAL_Driver/Src/stm32f7xx_hal_dcmi.o
LOAD ./Drivers/STM32F7xx_HAL_Driver/Src/stm32f7xx_hal_dcmi_ex.o
LOAD ./Drivers/STM32F7xx_HAL_Driver/Src/stm32f7xx_hal_dma.o
LOAD ./Drivers/STM32F7xx_HAL_Driver/Src/stm32f7xx_hal_dma2d.o
LOAD ./Drivers/STM32F7xx_HAL_Driver/Src/stm32f7xx_hal_dma_ex.o
LOAD ./Drivers/STM32F7xx_HAL_Driver/Src/stm32f7xx_hal_dsi.o
LOAD ./Drivers/STM32F7xx_HAL_Driver/Src/stm32f7xx_hal_flash.o
LOAD ./Drivers/STM32F7xx_HAL_Driver/Src/stm32f7xx_hal_flash_ex.o
LOAD ./Drivers/STM32F7xx_HAL_Driver/Src/stm32f7xx_hal_gpio.o
LOAD ./Drivers/STM32F7xx_HAL_Driver/Src/stm32f7xx_hal_i2c.o
LOAD ./Drivers/STM32F7xx_HAL_Driver/Src/stm32f7xx_hal_i2c_ex.o
LOAD ./Drivers/STM32F7xx_HAL_Driver/Src/stm32f7xx_hal_ltdc.o
LOAD ./Drivers/STM32F7xx_HAL_Driver/Src/stm32f7xx_hal_ltdc_ex.o
LOAD ./Drivers/STM32F7xx_HAL_Driver/Src/stm32f7xx_hal_pwr.o
LOAD ./Drivers/STM32F7xx_HAL_Driver/Src/stm32f7xx_hal_pwr_ex.o
LOAD ./Drivers/STM32F7xx_HAL_Driver/Src/stm32f7xx_hal_qspi.o
LOAD ./Drivers/STM32F7xx_HAL_Driver/Src/stm32f7xx_hal_rcc.o
LOAD ./Drivers/STM32F7xx_HAL_Driver/Src/stm32f7xx_hal_rcc_ex.o
LOAD ./Drivers/STM32F7xx_HAL_Driver/Src/stm32f7xx_hal_rtc.o
LOAD ./Drivers/STM32F7xx_HAL_Driver/Src/stm32f7xx_hal_rtc_ex.o
LOAD ./Drivers/STM32F7xx_HAL_Driver/Src/stm32f7xx_hal_sai.o
LOAD ./Drivers/STM32F7xx_HAL_Driver/Src/stm32f7xx_hal_sai_ex.o
LOAD ./Drivers/STM32F7xx_HAL_Driver/Src/stm32f7xx_hal_sd.o
LOAD ./Drivers/STM32F7xx_HAL_Driver/Src/stm32f7xx_hal_sdram.o
LOAD ./Drivers/STM32F7xx_HAL_Driver/Src/stm32f7xx_hal_spi.o
LOAD ./Drivers/STM32F7xx_HAL_Driver/Src/stm32f7xx_hal_tim.o
LOAD ./Drivers/STM32F7xx_HAL_Driver/Src/stm32f7xx_hal_tim_ex.o
LOAD ./Drivers/STM32F7xx_HAL_Driver/Src/stm32f7xx_hal_uart.o
LOAD ./Drivers/STM32F7xx_HAL_Driver/Src/stm32f7xx_ll_fmc.o
LOAD ./Drivers/STM32F7xx_HAL_Driver/Src/stm32f7xx_ll_sdmmc.o
LOAD ./Src/JPEGDecoder.o
LOAD ./Src/camera.o
LOAD ./Src/camera_i2c.o
LOAD ./Src/camera_spi.o
LOAD ./Src/lcd.o
LOAD ./Src/main.o
LOAD ./Src/picojpeg.o
LOAD ./Src/startup_stm32f746xx.o
LOAD ./Src/stm32f7xx_hal_msp.o
LOAD ./Src/stm32f7xx_it.o
LOAD ./Src/system_stm32f7xx.o
LOAD ./Src/TinyEngine/codegen/Source/depthwise_kernel3x3_stride1_inplace_CHW_fpreq.o
LOAD ./Src/TinyEngine/codegen/Source/depthwise_kernel3x3_stride1_inplace_CHW_fpreq_bitmask.o
LOAD ./Src/TinyEngine/codegen/Source/depthwise_kernel3x3_stride1_inplace_CHW_fpreq_mask.o
LOAD ./Src/TinyEngine/codegen/Source/depthwise_kernel3x3_stride2_inplace_CHW_fpreq.o
LOAD ./Src/TinyEngine/codegen/Source/depthwise_kernel3x3_stride2_inplace_CHW_fpreq_bitmask.o
LOAD ./Src/TinyEngine/codegen/Source/depthwise_kernel3x3_stride2_inplace_CHW_fpreq_mask.o
LOAD ./Src/TinyEngine/codegen/Source/depthwise_kernel5x5_stride1_inplace_CHW_fpreq.o
LOAD ./Src/TinyEngine/codegen/Source/depthwise_kernel5x5_stride1_inplace_CHW_fpreq_bitmask.o
LOAD ./Src/TinyEngine/codegen/Source/depthwise_kernel5x5_stride1_inplace_CHW_fpreq_mask.o
LOAD ./Src/TinyEngine/codegen/Source/depthwise_kernel5x5_stride2_inplace_CHW_fpreq.o
LOAD ./Src/TinyEngine/codegen/Source/depthwise_kernel5x5_stride2_inplace_CHW_fpreq_bitmask.o
LOAD ./Src/TinyEngine/codegen/Source/depthwise_kernel5x5_stride2_inplace_CHW_fpreq_mask.o
LOAD ./Src/TinyEngine/codegen/Source/depthwise_kernel7x7_stride1_inplace_CHW_fpreq.o
LOAD ./Src/TinyEngine/codegen/Source/depthwise_kernel7x7_stride1_inplace_CHW_fpreq_bitmask.o
LOAD ./Src/TinyEngine/codegen/Source/depthwise_kernel7x7_stride1_inplace_CHW_fpreq_mask.o
LOAD ./Src/TinyEngine/codegen/Source/depthwise_kernel7x7_stride2_inplace_CHW_fpreq.o
LOAD ./Src/TinyEngine/codegen/Source/depthwise_kernel7x7_stride2_inplace_CHW_fpreq_bitmask.o
LOAD ./Src/TinyEngine/codegen/Source/depthwise_kernel7x7_stride2_inplace_CHW_fpreq_mask.o
LOAD ./Src/TinyEngine/codegen/Source/genModel.o
LOAD ./Src/TinyEngine/src/kernels/fp_backward_op/add_fp.o
LOAD ./Src/TinyEngine/src/kernels/fp_backward_op/div_fp.o
LOAD ./Src/TinyEngine/src/kernels/fp_backward_op/group_conv_fp_kernel4_stride1_pad0.o
LOAD ./Src/TinyEngine/src/kernels/fp_backward_op/group_conv_fp_kernel8_stride1_pad0.o
LOAD ./Src/TinyEngine/src/kernels/fp_backward_op/group_pointwise_conv_fp.o
LOAD ./Src/TinyEngine/src/kernels/fp_backward_op/less_fp.o
LOAD ./Src/TinyEngine/src/kernels/fp_backward_op/log_softmax_fp.o
LOAD ./Src/TinyEngine/src/kernels/fp_backward_op/mul_fp.o
LOAD ./Src/TinyEngine/src/kernels/fp_backward_op/negative_fp.o
LOAD ./Src/TinyEngine/src/kernels/fp_backward_op/nll_loss_fp.o
LOAD ./Src/TinyEngine/src/kernels/fp_backward_op/pointwise_conv_fp.o
LOAD ./Src/TinyEngine/src/kernels/fp_backward_op/strided_slice_3Dto3D_fp.o
LOAD ./Src/TinyEngine/src/kernels/fp_backward_op/strided_slice_4Dto4D_fp.o
LOAD ./Src/TinyEngine/src/kernels/fp_backward_op/sub_fp.o
LOAD ./Src/TinyEngine/src/kernels/fp_backward_op/sum_2D_fp.o
LOAD ./Src/TinyEngine/src/kernels/fp_backward_op/sum_3D_fp.o
LOAD ./Src/TinyEngine/src/kernels/fp_backward_op/sum_4D_exclude_fp.o
LOAD ./Src/TinyEngine/src/kernels/fp_backward_op/transpose_depthwise_conv_fp_kernel3_stride1_inpad1_outpad0.o
LOAD ./Src/TinyEngine/src/kernels/fp_backward_op/transpose_depthwise_conv_fp_kernel3_stride2_inpad1_outpad1.o
LOAD ./Src/TinyEngine/src/kernels/fp_backward_op/transpose_depthwise_conv_fp_kernel5_stride1_inpad2_outpad0.o
LOAD ./Src/TinyEngine/src/kernels/fp_backward_op/transpose_depthwise_conv_fp_kernel5_stride2_inpad2_outpad1.o
LOAD ./Src/TinyEngine/src/kernels/fp_backward_op/transpose_depthwise_conv_fp_kernel7_stride1_inpad3_outpad0.o
LOAD ./Src/TinyEngine/src/kernels/fp_backward_op/transpose_depthwise_conv_fp_kernel7_stride2_inpad3_outpad1.o
LOAD ./Src/TinyEngine/src/kernels/fp_backward_op/tte_exp_fp.o
LOAD ./Src/TinyEngine/src/kernels/fp_backward_op/where_fp.o
LOAD ./Src/TinyEngine/src/kernels/fp_requantize_op/add_fpreq.o
LOAD ./Src/TinyEngine/src/kernels/fp_requantize_op/convolve_1x1_s8_ch16_fpreq.o
LOAD ./Src/TinyEngine/src/kernels/fp_requantize_op/convolve_1x1_s8_ch24_fpreq.o
LOAD ./Src/TinyEngine/src/kernels/fp_requantize_op/convolve_1x1_s8_ch48_fpreq.o
LOAD ./Src/TinyEngine/src/kernels/fp_requantize_op/convolve_1x1_s8_ch8_fpreq.o
LOAD ./Src/TinyEngine/src/kernels/fp_requantize_op/convolve_1x1_s8_fpreq.o
LOAD ./Src/TinyEngine/src/kernels/fp_requantize_op/convolve_1x1_s8_fpreq_mask.o
LOAD ./Src/TinyEngine/src/kernels/fp_requantize_op/convolve_1x1_s8_fpreq_mask_partialCH.o
LOAD ./Src/TinyEngine/src/kernels/fp_requantize_op/convolve_s8_kernel3_inputch3_stride2_pad1_fpreq.o
LOAD ./Src/TinyEngine/src/kernels/fp_requantize_op/mat_mul_kernels_fpreq.o
LOAD ./Src/TinyEngine/src/kernels/int_forward_op/add.o
LOAD ./Src/TinyEngine/src/kernels/int_forward_op/arm_convolve_s8_4col.o
LOAD ./Src/TinyEngine/src/kernels/int_forward_op/arm_nn_mat_mult_kernel3_input3_s8_s16.o
LOAD ./Src/TinyEngine/src/kernels/int_forward_op/arm_nn_mat_mult_kernel_s8_s16_reordered_8mul.o
LOAD ./Src/TinyEngine/src/kernels/int_forward_op/arm_nn_mat_mult_kernel_s8_s16_reordered_oddch.o
LOAD ./Src/TinyEngine/src/kernels/int_forward_op/avgpooling.o
LOAD ./Src/TinyEngine/src/kernels/int_forward_op/concat_ch.o
LOAD ./Src/TinyEngine/src/kernels/int_forward_op/convolve_1x1_s8.o
LOAD ./Src/TinyEngine/src/kernels/int_forward_op/convolve_1x1_s8_SRAM.o
LOAD ./Src/TinyEngine/src/kernels/int_forward_op/convolve_1x1_s8_ch16.o
LOAD ./Src/TinyEngine/src/kernels/int_forward_op/convolve_1x1_s8_ch24.o
LOAD ./Src/TinyEngine/src/kernels/int_forward_op/convolve_1x1_s8_ch48.o
LOAD ./Src/TinyEngine/src/kernels/int_forward_op/convolve_1x1_s8_ch8.o
LOAD ./Src/TinyEngine/src/kernels/int_forward_op/convolve_1x1_s8_kbuf.o
LOAD ./Src/TinyEngine/src/kernels/int_forward_op/convolve_1x1_s8_oddch.o
LOAD ./Src/TinyEngine/src/kernels/int_forward_op/convolve_1x1_s8_skip_pad.o
LOAD ./Src/TinyEngine/src/kernels/int_forward_op/convolve_s8_kernel2x3_inputch3_stride2_pad1.o
LOAD ./Src/TinyEngine/src/kernels/int_forward_op/convolve_s8_kernel3_inputch3_stride2_pad1.o
LOAD ./Src/TinyEngine/src/kernels/int_forward_op/convolve_s8_kernel3_stride1_pad1.o
LOAD ./Src/TinyEngine/src/kernels/int_forward_op/convolve_s8_kernel3x2_inputch3_stride2_pad1.o
LOAD ./Src/TinyEngine/src/kernels/int_forward_op/convolve_u8_kernel3_inputch3_stride1_pad1.o
LOAD ./Src/TinyEngine/src/kernels/int_forward_op/convolve_u8_kernel3_inputch3_stride2_pad1.o
LOAD ./Src/TinyEngine/src/kernels/int_forward_op/element_mult.o
LOAD ./Src/TinyEngine/src/kernels/int_forward_op/fully_connected.o
LOAD ./Src/TinyEngine/src/kernels/int_forward_op/mat_mul_fp.o
LOAD ./Src/TinyEngine/src/kernels/int_forward_op/mat_mult_kernels.o
LOAD ./Src/TinyEngine/src/kernels/int_forward_op/maxpooling.o
LOAD ./Src/TinyEngine/src/kernels/int_forward_op/patchpadding_convolve_s8_kernel3_inputch3_stride2.o
LOAD ./Src/TinyEngine/src/kernels/int_forward_op/patchpadding_depthwise_kernel3x3_stride1_inplace_CHW.o
LOAD ./Src/TinyEngine/src/kernels/int_forward_op/patchpadding_depthwise_kernel3x3_stride2_inplace_CHW.o
LOAD ./Src/TinyEngine/src/kernels/int_forward_op/patchpadding_kbuf_convolve_s8_kernel3_inputch3_stride2.o
LOAD ./Src/TinyEngine/src/kernels/int_forward_op/stable_softmax.o
LOAD ./Src/TinyEngine/src/kernels/int_forward_op/upsample_byte.o
LOAD ./Src/TinyEngine/src/yoloOutput.o
LOAD ./Src/sys/_io.o
LOAD ./Src/sys/stubs.o
LOAD ./Utilities/Fonts/font12.o
LOAD ./Utilities/Fonts/font16.o
LOAD ./Utilities/Fonts/font20.o
LOAD ./Utilities/Fonts/font24.o
LOAD ./Utilities/Fonts/font8.o
START GROUP
LOAD /Applications/STM32CubeIDE.app/Contents/Eclipse/plugins/com.st.stm32cube.ide.mcu.externaltools.gnu-tools-for-stm32.10.3-2021.10.macos64_1.0.0.202111181127/tools/bin/../lib/gcc/arm-none-eabi/7.3.1/../../../../arm-none-eabi/lib/thumb/v7e-m/fpv4-sp/hard/libstdc++.a
LOAD /Applications/STM32CubeIDE.app/Contents/Eclipse/plugins/com.st.stm32cube.ide.mcu.externaltools.gnu-tools-for-stm32.10.3-2021.10.macos64_1.0.0.202111181127/tools/bin/../lib/gcc/arm-none-eabi/7.3.1/../../../../arm-none-eabi/lib/thumb/v7e-m/fpv4-sp/hard/libsupc++.a
END GROUP
LOAD /Applications/STM32CubeIDE.app/Contents/Eclipse/plugins/com.st.stm32cube.ide.mcu.externaltools.gnu-tools-for-stm32.10.3-2021.10.macos64_1.0.0.202111181127/tools/bin/../lib/gcc/arm-none-eabi/7.3.1/../../../../arm-none-eabi/lib/thumb/v7e-m/fpv4-sp/hard/libstdc++.a
LOAD /Applications/STM32CubeIDE.app/Contents/Eclipse/plugins/com.st.stm32cube.ide.mcu.externaltools.gnu-tools-for-stm32.10.3-2021.10.macos64_1.0.0.202111181127/tools/bin/../lib/gcc/arm-none-eabi/7.3.1/../../../../arm-none-eabi/lib/thumb/v7e-m/fpv4-sp/hard/libm.a
LOAD /Applications/STM32CubeIDE.app/Contents/Eclipse/plugins/com.st.stm32cube.ide.mcu.externaltools.gnu-tools-for-stm32.10.3-2021.10.macos64_1.0.0.202111181127/tools/bin/../lib/gcc/arm-none-eabi/7.3.1/../../../../arm-none-eabi/lib/thumb/v7e-m/fpv4-sp/hard/libc.a
START GROUP
LOAD /Applications/STM32CubeIDE.app/Contents/Eclipse/plugins/com.st.stm32cube.ide.mcu.externaltools.gnu-tools-for-stm32.10.3-2021.10.macos64_1.0.0.202111181127/tools/bin/../lib/gcc/arm-none-eabi/7.3.1/thumb/v7e-m/fpv4-sp/hard/libgcc.a
LOAD /Applications/STM32CubeIDE.app/Contents/Eclipse/plugins/com.st.stm32cube.ide.mcu.externaltools.gnu-tools-for-stm32.10.3-2021.10.macos64_1.0.0.202111181127/tools/bin/../lib/gcc/arm-none-eabi/7.3.1/../../../../arm-none-eabi/lib/thumb/v7e-m/fpv4-sp/hard/libc.a
END GROUP
START GROUP
LOAD /Applications/STM32CubeIDE.app/Contents/Eclipse/plugins/com.st.stm32cube.ide.mcu.externaltools.gnu-tools-for-stm32.10.3-2021.10.macos64_1.0.0.202111181127/tools/bin/../lib/gcc/arm-none-eabi/7.3.1/thumb/v7e-m/fpv4-sp/hard/libgcc.a
LOAD /Applications/STM32CubeIDE.app/Contents/Eclipse/plugins/com.st.stm32cube.ide.mcu.externaltools.gnu-tools-for-stm32.10.3-2021.10.macos64_1.0.0.202111181127/tools/bin/../lib/gcc/arm-none-eabi/7.3.1/../../../../arm-none-eabi/lib/thumb/v7e-m/fpv4-sp/hard/libc.a
LOAD /Applications/STM32CubeIDE.app/Contents/Eclipse/plugins/com.st.stm32cube.ide.mcu.externaltools.gnu-tools-for-stm32.10.3-2021.10.macos64_1.0.0.202111181127/tools/bin/../lib/gcc/arm-none-eabi/7.3.1/../../../../arm-none-eabi/lib/thumb/v7e-m/fpv4-sp/hard/libnosys.a
END GROUP
LOAD /Applications/STM32CubeIDE.app/Contents/Eclipse/plugins/com.st.stm32cube.ide.mcu.externaltools.gnu-tools-for-stm32.10.3-2021.10.macos64_1.0.0.202111181127/tools/bin/../lib/gcc/arm-none-eabi/7.3.1/thumb/v7e-m/fpv4-sp/hard/crtend.o
LOAD /Applications/STM32CubeIDE.app/Contents/Eclipse/plugins/com.st.stm32cube.ide.mcu.externaltools.gnu-tools-for-stm32.10.3-2021.10.macos64_1.0.0.202111181127/tools/bin/../lib/gcc/arm-none-eabi/7.3.1/thumb/v7e-m/fpv4-sp/hard/crtn.o
                0x000000002004ffff                _estack = 0x2004ffff
                0x0000000000000600                _Min_Heap_Size = 0x600
                0x0000000000000400                _Min_Stack_Size = 0x400

.isr_vector     0x0000000008000000      0x1c8
                0x0000000008000000                . = ALIGN (0x4)
 *(.isr_vector)
 .isr_vector    0x0000000008000000      0x1c8 ./Src/startup_stm32f746xx.o
                0x0000000008000000                g_pfnVectors
                0x00000000080001c8                . = ALIGN (0x4)

.text           0x00000000080001d0     0xcd8c
                0x00000000080001d0                . = ALIGN (0x4)
 *(.text)
 .text          0x00000000080001d0       0x40 /Applications/STM32CubeIDE.app/Contents/Eclipse/plugins/com.st.stm32cube.ide.mcu.externaltools.gnu-tools-for-stm32.10.3-2021.10.macos64_1.0.0.202111181127/tools/bin/../lib/gcc/arm-none-eabi/7.3.1/thumb/v7e-m/fpv4-sp/hard/crtbegin.o
 .text          0x0000000008000210       0xa0 /Applications/STM32CubeIDE.app/Contents/Eclipse/plugins/com.st.stm32cube.ide.mcu.externaltools.gnu-tools-for-stm32.10.3-2021.10.macos64_1.0.0.202111181127/tools/bin/../lib/gcc/arm-none-eabi/7.3.1/../../../../arm-none-eabi/lib/thumb/v7e-m/fpv4-sp/hard/libc.a(lib_a-memchr.o)
                0x0000000008000210                memchr
 .text          0x00000000080002b0       0x10 /Applications/STM32CubeIDE.app/Contents/Eclipse/plugins/com.st.stm32cube.ide.mcu.externaltools.gnu-tools-for-stm32.10.3-2021.10.macos64_1.0.0.202111181127/tools/bin/../lib/gcc/arm-none-eabi/7.3.1/../../../../arm-none-eabi/lib/thumb/v7e-m/fpv4-sp/hard/libc.a(lib_a-strlen.o)
                0x00000000080002b0                strlen
 .text          0x00000000080002c0      0x378 /Applications/STM32CubeIDE.app/Contents/Eclipse/plugins/com.st.stm32cube.ide.mcu.externaltools.gnu-tools-for-stm32.10.3-2021.10.macos64_1.0.0.202111181127/tools/bin/../lib/gcc/arm-none-eabi/7.3.1/thumb/v7e-m/fpv4-sp/hard/libgcc.a(_arm_addsubdf3.o)
                0x00000000080002c0                __aeabi_drsub
                0x00000000080002c8                __subdf3
                0x00000000080002c8                __aeabi_dsub
                0x00000000080002cc                __aeabi_dadd
                0x00000000080002cc                __adddf3
                0x0000000008000544                __aeabi_ui2d
                0x0000000008000544                __floatunsidf
                0x0000000008000564                __floatsidf
                0x0000000008000564                __aeabi_i2d
                0x0000000008000588                __extendsfdf2
                0x0000000008000588                __aeabi_f2d
                0x00000000080005cc                __aeabi_ul2d
                0x00000000080005cc                __floatundidf
                0x00000000080005dc                __aeabi_l2d
                0x00000000080005dc                __floatdidf
 .text          0x0000000008000638      0x424 /Applications/STM32CubeIDE.app/Contents/Eclipse/plugins/com.st.stm32cube.ide.mcu.externaltools.gnu-tools-for-stm32.10.3-2021.10.macos64_1.0.0.202111181127/tools/bin/../lib/gcc/arm-none-eabi/7.3.1/thumb/v7e-m/fpv4-sp/hard/libgcc.a(_arm_muldivdf3.o)
                0x0000000008000638                __aeabi_dmul
                0x0000000008000638                __muldf3
                0x000000000800088c                __aeabi_ddiv
                0x000000000800088c                __divdf3
 .text          0x0000000008000a5c      0x110 /Applications/STM32CubeIDE.app/Contents/Eclipse/plugins/com.st.stm32cube.ide.mcu.externaltools.gnu-tools-for-stm32.10.3-2021.10.macos64_1.0.0.202111181127/tools/bin/../lib/gcc/arm-none-eabi/7.3.1/thumb/v7e-m/fpv4-sp/hard/libgcc.a(_arm_cmpdf2.o)
                0x0000000008000a5c                __gedf2
                0x0000000008000a5c                __gtdf2
                0x0000000008000a64                __ledf2
                0x0000000008000a64                __ltdf2
                0x0000000008000a6c                __cmpdf2
                0x0000000008000a6c                __eqdf2
                0x0000000008000a6c                __nedf2
                0x0000000008000ae8                __aeabi_cdrcmple
                0x0000000008000af8                __aeabi_cdcmple
                0x0000000008000af8                __aeabi_cdcmpeq
                0x0000000008000b08                __aeabi_dcmpeq
                0x0000000008000b1c                __aeabi_dcmplt
                0x0000000008000b30                __aeabi_dcmple
                0x0000000008000b44                __aeabi_dcmpge
                0x0000000008000b58                __aeabi_dcmpgt
 .text          0x0000000008000b6c       0x2c /Applications/STM32CubeIDE.app/Contents/Eclipse/plugins/com.st.stm32cube.ide.mcu.externaltools.gnu-tools-for-stm32.10.3-2021.10.macos64_1.0.0.202111181127/tools/bin/../lib/gcc/arm-none-eabi/7.3.1/thumb/v7e-m/fpv4-sp/hard/libgcc.a(_arm_unorddf2.o)
                0x0000000008000b6c                __aeabi_dcmpun
                0x0000000008000b6c                __unorddf2
 .text          0x0000000008000b98       0x50 /Applications/STM32CubeIDE.app/Contents/Eclipse/plugins/com.st.stm32cube.ide.mcu.externaltools.gnu-tools-for-stm32.10.3-2021.10.macos64_1.0.0.202111181127/tools/bin/../lib/gcc/arm-none-eabi/7.3.1/thumb/v7e-m/fpv4-sp/hard/libgcc.a(_arm_fixdfsi.o)
                0x0000000008000b98                __fixdfsi
                0x0000000008000b98                __aeabi_d2iz
 .text          0x0000000008000be8       0x30 /Applications/STM32CubeIDE.app/Contents/Eclipse/plugins/com.st.stm32cube.ide.mcu.externaltools.gnu-tools-for-stm32.10.3-2021.10.macos64_1.0.0.202111181127/tools/bin/../lib/gcc/arm-none-eabi/7.3.1/thumb/v7e-m/fpv4-sp/hard/libgcc.a(_aeabi_uldivmod.o)
                0x0000000008000be8                __aeabi_uldivmod
 .text          0x0000000008000c18      0x2cc /Applications/STM32CubeIDE.app/Contents/Eclipse/plugins/com.st.stm32cube.ide.mcu.externaltools.gnu-tools-for-stm32.10.3-2021.10.macos64_1.0.0.202111181127/tools/bin/../lib/gcc/arm-none-eabi/7.3.1/thumb/v7e-m/fpv4-sp/hard/libgcc.a(_udivmoddi4.o)
                0x0000000008000c18                __udivmoddi4
 .text          0x0000000008000ee4        0x4 /Applications/STM32CubeIDE.app/Contents/Eclipse/plugins/com.st.stm32cube.ide.mcu.externaltools.gnu-tools-for-stm32.10.3-2021.10.macos64_1.0.0.202111181127/tools/bin/../lib/gcc/arm-none-eabi/7.3.1/thumb/v7e-m/fpv4-sp/hard/libgcc.a(_dvmd_tls.o)
                0x0000000008000ee4                __aeabi_ldiv0
                0x0000000008000ee4                __aeabi_idiv0
 *(.text*)
 .text.BSP_PB_Init
                0x0000000008000ee8       0xb0 ./Drivers/BSP/STM32746G-Discovery/stm32746g_discovery.o
                0x0000000008000ee8                BSP_PB_Init
 .text.BSP_LCD_GetXSize
                0x0000000008000f98       0x18 ./Drivers/BSP/STM32746G-Discovery/stm32746g_discovery_lcd.o
                0x0000000008000f98                BSP_LCD_GetXSize
 .text.BSP_LCD_GetYSize
                0x0000000008000fb0       0x18 ./Drivers/BSP/STM32746G-Discovery/stm32746g_discovery_lcd.o
                0x0000000008000fb0                BSP_LCD_GetYSize
 .text.BSP_LCD_LayerRgb565Init
                0x0000000008000fc8       0x80 ./Drivers/BSP/STM32746G-Discovery/stm32746g_discovery_lcd.o
                0x0000000008000fc8                BSP_LCD_LayerRgb565Init
 .text.BSP_LCD_SelectLayer
                0x0000000008001048        0xc ./Drivers/BSP/STM32746G-Discovery/stm32746g_discovery_lcd.o
                0x0000000008001048                BSP_LCD_SelectLayer
 .text.BSP_LCD_SetTransparency
                0x0000000008001054        0xc ./Drivers/BSP/STM32746G-Discovery/stm32746g_discovery_lcd.o
                0x0000000008001054                BSP_LCD_SetTransparency
 .text.BSP_LCD_SetTextColor
                0x0000000008001060       0x18 ./Drivers/BSP/STM32746G-Discovery/stm32746g_discovery_lcd.o
                0x0000000008001060                BSP_LCD_SetTextColor
 .text.BSP_LCD_Clear
                0x0000000008001078       0x80 ./Drivers/BSP/STM32746G-Discovery/stm32746g_discovery_lcd.o
                0x0000000008001078                BSP_LCD_Clear
 .text.BSP_LCD_DisplayChar
                0x00000000080010f8      0x100 ./Drivers/BSP/STM32746G-Discovery/stm32746g_discovery_lcd.o
                0x00000000080010f8                BSP_LCD_DisplayChar
 .text.BSP_LCD_DisplayStringAt
                0x00000000080011f8       0xb8 ./Drivers/BSP/STM32746G-Discovery/stm32746g_discovery_lcd.o
                0x00000000080011f8                BSP_LCD_DisplayStringAt
 .text.BSP_LCD_DrawPixel
                0x00000000080012b0       0x38 ./Drivers/BSP/STM32746G-Discovery/stm32746g_discovery_lcd.o
                0x00000000080012b0                BSP_LCD_DrawPixel
 .text.BSP_LCD_DisplayOn
                0x00000000080012e8       0x34 ./Drivers/BSP/STM32746G-Discovery/stm32746g_discovery_lcd.o
                0x00000000080012e8                BSP_LCD_DisplayOn
 .text.BSP_LCD_MspInit
                0x000000000800131c      0x154 ./Drivers/BSP/STM32746G-Discovery/stm32746g_discovery_lcd.o
                0x000000000800131c                BSP_LCD_MspInit
 .text.BSP_LCD_ClockConfig
                0x0000000008001470       0x24 ./Drivers/BSP/STM32746G-Discovery/stm32746g_discovery_lcd.o
                0x0000000008001470                BSP_LCD_ClockConfig
 .text.BSP_LCD_Init
                0x0000000008001494       0xb8 ./Drivers/BSP/STM32746G-Discovery/stm32746g_discovery_lcd.o
                0x0000000008001494                BSP_LCD_Init
 .text.BSP_SDRAM_MspInit
                0x000000000800154c      0x174 ./Drivers/BSP/STM32746G-Discovery/stm32746g_discovery_sdram.o
                0x000000000800154c                BSP_SDRAM_MspInit
 .text.BSP_SDRAM_Init
                0x00000000080016c0      0x110 ./Drivers/BSP/STM32746G-Discovery/stm32746g_discovery_sdram.o
                0x00000000080016c0                BSP_SDRAM_Init
 .text.HAL_MspInit
                0x00000000080017d0        0x4 ./Drivers/STM32F7xx_HAL_Driver/Src/stm32f7xx_hal.o
                0x00000000080017d0                HAL_MspInit
 .text.HAL_InitTick
                0x00000000080017d4       0x48 ./Drivers/STM32F7xx_HAL_Driver/Src/stm32f7xx_hal.o
                0x00000000080017d4                HAL_InitTick
 .text.HAL_Init
                0x000000000800181c       0x2c ./Drivers/STM32F7xx_HAL_Driver/Src/stm32f7xx_hal.o
                0x000000000800181c                HAL_Init
 .text.HAL_IncTick
                0x0000000008001848       0x18 ./Drivers/STM32F7xx_HAL_Driver/Src/stm32f7xx_hal.o
                0x0000000008001848                HAL_IncTick
 .text.HAL_GetTick
                0x0000000008001860        0xc ./Drivers/STM32F7xx_HAL_Driver/Src/stm32f7xx_hal.o
                0x0000000008001860                HAL_GetTick
 .text.HAL_Delay
                0x000000000800186c       0x24 ./Drivers/STM32F7xx_HAL_Driver/Src/stm32f7xx_hal.o
                0x000000000800186c                HAL_Delay
 .text.HAL_NVIC_SetPriorityGrouping
                0x0000000008001890       0x28 ./Drivers/STM32F7xx_HAL_Driver/Src/stm32f7xx_hal_cortex.o
                0x0000000008001890                HAL_NVIC_SetPriorityGrouping
 .text.HAL_NVIC_SetPriority
                0x00000000080018b8       0x6c ./Drivers/STM32F7xx_HAL_Driver/Src/stm32f7xx_hal_cortex.o
                0x00000000080018b8                HAL_NVIC_SetPriority
 .text.HAL_NVIC_EnableIRQ
                0x0000000008001924       0x1c ./Drivers/STM32F7xx_HAL_Driver/Src/stm32f7xx_hal_cortex.o
                0x0000000008001924                HAL_NVIC_EnableIRQ
 .text.HAL_SYSTICK_Config
                0x0000000008001940       0x30 ./Drivers/STM32F7xx_HAL_Driver/Src/stm32f7xx_hal_cortex.o
                0x0000000008001940                HAL_SYSTICK_Config
 .text.HAL_DMA_Init
                0x0000000008001970      0x138 ./Drivers/STM32F7xx_HAL_Driver/Src/stm32f7xx_hal_dma.o
                0x0000000008001970                HAL_DMA_Init
 .text.HAL_DMA_DeInit
                0x0000000008001aa8       0x84 ./Drivers/STM32F7xx_HAL_Driver/Src/stm32f7xx_hal_dma.o
                0x0000000008001aa8                HAL_DMA_DeInit
 .text.HAL_DMA2D_MspInit
                0x0000000008001b2c        0x4 ./Drivers/STM32F7xx_HAL_Driver/Src/stm32f7xx_hal_dma2d.o
                0x0000000008001b2c                HAL_DMA2D_MspInit
 .text.HAL_DMA2D_Init
                0x0000000008001b30       0x5c ./Drivers/STM32F7xx_HAL_Driver/Src/stm32f7xx_hal_dma2d.o
                0x0000000008001b30                HAL_DMA2D_Init
 .text.HAL_DMA2D_Start
                0x0000000008001b8c       0xac ./Drivers/STM32F7xx_HAL_Driver/Src/stm32f7xx_hal_dma2d.o
                0x0000000008001b8c                HAL_DMA2D_Start
 .text.HAL_DMA2D_PollForTransfer
                0x0000000008001c38      0x12c ./Drivers/STM32F7xx_HAL_Driver/Src/stm32f7xx_hal_dma2d.o
                0x0000000008001c38                HAL_DMA2D_PollForTransfer
 .text.HAL_DMA2D_ConfigLayer
                0x0000000008001d64       0xa4 ./Drivers/STM32F7xx_HAL_Driver/Src/stm32f7xx_hal_dma2d.o
                0x0000000008001d64                HAL_DMA2D_ConfigLayer
 .text.HAL_GPIO_Init
                0x0000000008001e08      0x23c ./Drivers/STM32F7xx_HAL_Driver/Src/stm32f7xx_hal_gpio.o
                0x0000000008001e08                HAL_GPIO_Init
 .text.HAL_GPIO_WritePin
                0x0000000008002044        0x8 ./Drivers/STM32F7xx_HAL_Driver/Src/stm32f7xx_hal_gpio.o
                0x0000000008002044                HAL_GPIO_WritePin
 .text.HAL_LTDC_Init
                0x000000000800204c       0xf0 ./Drivers/STM32F7xx_HAL_Driver/Src/stm32f7xx_hal_ltdc.o
                0x000000000800204c                HAL_LTDC_Init
 .text.HAL_LTDC_ConfigLayer
                0x000000000800213c      0x190 ./Drivers/STM32F7xx_HAL_Driver/Src/stm32f7xx_hal_ltdc.o
                0x000000000800213c                HAL_LTDC_ConfigLayer
 .text.HAL_LTDC_SetAlpha
                0x00000000080022cc      0x198 ./Drivers/STM32F7xx_HAL_Driver/Src/stm32f7xx_hal_ltdc.o
                0x00000000080022cc                HAL_LTDC_SetAlpha
 .text.HAL_LTDC_GetState
                0x0000000008002464        0x8 ./Drivers/STM32F7xx_HAL_Driver/Src/stm32f7xx_hal_ltdc.o
                0x0000000008002464                HAL_LTDC_GetState
 .text.HAL_PWREx_EnableOverDrive
                0x000000000800246c       0x78 ./Drivers/STM32F7xx_HAL_Driver/Src/stm32f7xx_hal_pwr_ex.o
                0x000000000800246c                HAL_PWREx_EnableOverDrive
 .text.HAL_RCC_OscConfig
                0x00000000080024e4      0x398 ./Drivers/STM32F7xx_HAL_Driver/Src/stm32f7xx_hal_rcc.o
                0x00000000080024e4                HAL_RCC_OscConfig
 .text.HAL_RCC_ClockConfig
                0x000000000800287c      0x194 ./Drivers/STM32F7xx_HAL_Driver/Src/stm32f7xx_hal_rcc.o
                0x000000000800287c                HAL_RCC_ClockConfig
 .text.HAL_RCCEx_PeriphCLKConfig
                0x0000000008002a10      0x540 ./Drivers/STM32F7xx_HAL_Driver/Src/stm32f7xx_hal_rcc_ex.o
                0x0000000008002a10                HAL_RCCEx_PeriphCLKConfig
 .text.HAL_SDRAM_MspInit
                0x0000000008002f50        0x4 ./Drivers/STM32F7xx_HAL_Driver/Src/stm32f7xx_hal_sdram.o
                0x0000000008002f50                HAL_SDRAM_MspInit
 .text.HAL_SDRAM_Init
                0x0000000008002f54       0x44 ./Drivers/STM32F7xx_HAL_Driver/Src/stm32f7xx_hal_sdram.o
                0x0000000008002f54                HAL_SDRAM_Init
 .text.HAL_SDRAM_SendCommand
                0x0000000008002f98       0x34 ./Drivers/STM32F7xx_HAL_Driver/Src/stm32f7xx_hal_sdram.o
                0x0000000008002f98                HAL_SDRAM_SendCommand
 .text.HAL_SDRAM_ProgramRefreshRate
                0x0000000008002fcc       0x28 ./Drivers/STM32F7xx_HAL_Driver/Src/stm32f7xx_hal_sdram.o
                0x0000000008002fcc                HAL_SDRAM_ProgramRefreshRate
 .text.FMC_SDRAM_Init
                0x0000000008002ff4       0x7c ./Drivers/STM32F7xx_HAL_Driver/Src/stm32f7xx_ll_fmc.o
                0x0000000008002ff4                FMC_SDRAM_Init
 .text.FMC_SDRAM_Timing_Init
                0x0000000008003070       0xa4 ./Drivers/STM32F7xx_HAL_Driver/Src/stm32f7xx_ll_fmc.o
                0x0000000008003070                FMC_SDRAM_Timing_Init
 .text.FMC_SDRAM_SendCommand
                0x0000000008003114       0x2c ./Drivers/STM32F7xx_HAL_Driver/Src/stm32f7xx_ll_fmc.o
                0x0000000008003114                FMC_SDRAM_SendCommand
 .text.FMC_SDRAM_ProgramRefreshRate
                0x0000000008003140       0x10 ./Drivers/STM32F7xx_HAL_Driver/Src/stm32f7xx_ll_fmc.o
                0x0000000008003140                FMC_SDRAM_ProgramRefreshRate
 .text.startup._GLOBAL__sub_I_JpegDec
                0x0000000008003150       0x18 ./Src/JPEGDecoder.o
 .text.exit._GLOBAL__sub_D_JpegDec
                0x0000000008003168       0x10 ./Src/JPEGDecoder.o
 .text._Z13loadRGB565LCDmmmmPth
                0x0000000008003178       0xbc ./Src/lcd.o
                0x0000000008003178                loadRGB565LCD(unsigned long, unsigned long, unsigned long, unsigned long, unsigned short*, unsigned char)
 .text._Z13displaystringPcii
                0x0000000008003234       0x14 ./Src/lcd.o
                0x0000000008003234                displaystring(char*, int, int)
 .text._Z14detectResponseifiii
                0x0000000008003248      0x348 ./Src/lcd.o
                0x0000000008003248                detectResponse(int, float, int, int, int)
 .text._Z8lcdsetupv
                0x0000000008003590       0x84 ./Src/lcd.o
                0x0000000008003590                lcdsetup()
 .text._Z27invoke_new_weights_givenimgPa
                0x0000000008003614       0x20 ./Src/main.o
                0x0000000008003614                invoke_new_weights_givenimg(signed char*)
 .text.startup.main
                0x0000000008003634      0x5a8 ./Src/main.o
                0x0000000008003634                main
 .text.Reset_Handler
                0x0000000008003bdc       0x50 ./Src/startup_stm32f746xx.o
                0x0000000008003bdc                Reset_Handler
 .text.Default_Handler
                0x0000000008003c2c        0x2 ./Src/startup_stm32f746xx.o
                0x0000000008003c2c                DMA1_Stream3_IRQHandler
                0x0000000008003c2c                EXTI2_IRQHandler
                0x0000000008003c2c                TIM8_CC_IRQHandler
                0x0000000008003c2c                UART8_IRQHandler
                0x0000000008003c2c                SPI4_IRQHandler
                0x0000000008003c2c                TIM1_CC_IRQHandler
                0x0000000008003c2c                DMA2_Stream5_IRQHandler
                0x0000000008003c2c                DMA1_Stream5_IRQHandler
                0x0000000008003c2c                PVD_IRQHandler
                0x0000000008003c2c                TAMP_STAMP_IRQHandler
                0x0000000008003c2c                CAN2_RX1_IRQHandler
                0x0000000008003c2c                EXTI3_IRQHandler
                0x0000000008003c2c                TIM8_TRG_COM_TIM14_IRQHandler
                0x0000000008003c2c                TIM1_UP_TIM10_IRQHandler
                0x0000000008003c2c                TIM8_UP_TIM13_IRQHandler
                0x0000000008003c2c                I2C3_ER_IRQHandler
                0x0000000008003c2c                EXTI0_IRQHandler
                0x0000000008003c2c                I2C2_EV_IRQHandler
                0x0000000008003c2c                DMA1_Stream2_IRQHandler
                0x0000000008003c2c                CAN1_RX0_IRQHandler
                0x0000000008003c2c                FPU_IRQHandler
                0x0000000008003c2c                OTG_HS_WKUP_IRQHandler
                0x0000000008003c2c                LTDC_ER_IRQHandler
                0x0000000008003c2c                CAN2_SCE_IRQHandler
                0x0000000008003c2c                DMA2_Stream2_IRQHandler
                0x0000000008003c2c                SPI1_IRQHandler
                0x0000000008003c2c                TIM6_DAC_IRQHandler
                0x0000000008003c2c                TIM1_BRK_TIM9_IRQHandler
                0x0000000008003c2c                DCMI_IRQHandler
                0x0000000008003c2c                CAN2_RX0_IRQHandler
                0x0000000008003c2c                DMA2_Stream3_IRQHandler
                0x0000000008003c2c                SAI2_IRQHandler
                0x0000000008003c2c                USART6_IRQHandler
                0x0000000008003c2c                USART3_IRQHandler
                0x0000000008003c2c                CAN1_RX1_IRQHandler
                0x0000000008003c2c                UART5_IRQHandler
                0x0000000008003c2c                DMA2_Stream0_IRQHandler
                0x0000000008003c2c                TIM4_IRQHandler
                0x0000000008003c2c                QUADSPI_IRQHandler
                0x0000000008003c2c                I2C1_EV_IRQHandler
                0x0000000008003c2c                DMA1_Stream6_IRQHandler
                0x0000000008003c2c                DMA1_Stream1_IRQHandler
                0x0000000008003c2c                UART4_IRQHandler
                0x0000000008003c2c                TIM3_IRQHandler
                0x0000000008003c2c                RCC_IRQHandler
                0x0000000008003c2c                TIM8_BRK_TIM12_IRQHandler
                0x0000000008003c2c                Default_Handler
                0x0000000008003c2c                CEC_IRQHandler
                0x0000000008003c2c                EXTI15_10_IRQHandler
                0x0000000008003c2c                ADC_IRQHandler
                0x0000000008003c2c                DMA1_Stream7_IRQHandler
                0x0000000008003c2c                SPI5_IRQHandler
                0x0000000008003c2c                TIM7_IRQHandler
                0x0000000008003c2c                SDMMC1_IRQHandler
                0x0000000008003c2c                CAN2_TX_IRQHandler
                0x0000000008003c2c                TIM5_IRQHandler
                0x0000000008003c2c                DMA2_Stream7_IRQHandler
                0x0000000008003c2c                I2C3_EV_IRQHandler
                0x0000000008003c2c                EXTI9_5_IRQHandler
                0x0000000008003c2c                RTC_WKUP_IRQHandler
                0x0000000008003c2c                LTDC_IRQHandler
                0x0000000008003c2c                ETH_WKUP_IRQHandler
                0x0000000008003c2c                SPDIF_RX_IRQHandler
                0x0000000008003c2c                SPI2_IRQHandler
                0x0000000008003c2c                OTG_HS_EP1_IN_IRQHandler
                0x0000000008003c2c                DMA1_Stream0_IRQHandler
                0x0000000008003c2c                CAN1_TX_IRQHandler
                0x0000000008003c2c                EXTI4_IRQHandler
                0x0000000008003c2c                RNG_IRQHandler
                0x0000000008003c2c                ETH_IRQHandler
                0x0000000008003c2c                OTG_HS_EP1_OUT_IRQHandler
                0x0000000008003c2c                WWDG_IRQHandler
                0x0000000008003c2c                SPI6_IRQHandler
                0x0000000008003c2c                I2C4_EV_IRQHandler
                0x0000000008003c2c                TIM2_IRQHandler
                0x0000000008003c2c                OTG_FS_WKUP_IRQHandler
                0x0000000008003c2c                TIM1_TRG_COM_TIM11_IRQHandler
                0x0000000008003c2c                OTG_HS_IRQHandler
                0x0000000008003c2c                DMA2D_IRQHandler
                0x0000000008003c2c                EXTI1_IRQHandler
                0x0000000008003c2c                UART7_IRQHandler
                0x0000000008003c2c                USART2_IRQHandler
                0x0000000008003c2c                I2C2_ER_IRQHandler
                0x0000000008003c2c                DMA2_Stream1_IRQHandler
                0x0000000008003c2c                CAN1_SCE_IRQHandler
                0x0000000008003c2c                FLASH_IRQHandler
                0x0000000008003c2c                DMA2_Stream4_IRQHandler
                0x0000000008003c2c                USART1_IRQHandler
                0x0000000008003c2c                OTG_FS_IRQHandler
                0x0000000008003c2c                SPI3_IRQHandler
                0x0000000008003c2c                DMA1_Stream4_IRQHandler
                0x0000000008003c2c                I2C1_ER_IRQHandler
                0x0000000008003c2c                FMC_IRQHandler
                0x0000000008003c2c                LPTIM1_IRQHandler
                0x0000000008003c2c                I2C4_ER_IRQHandler
                0x0000000008003c2c                DMA2_Stream6_IRQHandler
                0x0000000008003c2c                SAI1_IRQHandler
                0x0000000008003c2c                RTC_Alarm_IRQHandler
 *fill*         0x0000000008003c2e        0x2 
 .text.HAL_LTDC_MspInit
                0x0000000008003c30      0x128 ./Src/stm32f7xx_hal_msp.o
                0x0000000008003c30                HAL_LTDC_MspInit
 .text.NMI_Handler
                0x0000000008003d58        0x4 ./Src/stm32f7xx_it.o
                0x0000000008003d58                NMI_Handler
 .text.HardFault_Handler
                0x0000000008003d5c        0x4 ./Src/stm32f7xx_it.o
                0x0000000008003d5c                HardFault_Handler
 .text.MemManage_Handler
                0x0000000008003d60        0x4 ./Src/stm32f7xx_it.o
                0x0000000008003d60                MemManage_Handler
 .text.BusFault_Handler
                0x0000000008003d64        0x4 ./Src/stm32f7xx_it.o
                0x0000000008003d64                BusFault_Handler
 .text.UsageFault_Handler
                0x0000000008003d68        0x4 ./Src/stm32f7xx_it.o
                0x0000000008003d68                UsageFault_Handler
 .text.SVC_Handler
                0x0000000008003d6c        0x4 ./Src/stm32f7xx_it.o
                0x0000000008003d6c                SVC_Handler
 .text.DebugMon_Handler
                0x0000000008003d70        0x4 ./Src/stm32f7xx_it.o
                0x0000000008003d70                DebugMon_Handler
 .text.PendSV_Handler
                0x0000000008003d74        0x4 ./Src/stm32f7xx_it.o
                0x0000000008003d74                PendSV_Handler
 .text.SysTick_Handler
                0x0000000008003d78        0x4 ./Src/stm32f7xx_it.o
                0x0000000008003d78                SysTick_Handler
 .text.SystemInit
                0x0000000008003d7c       0x50 ./Src/system_stm32f7xx.o
                0x0000000008003d7c                SystemInit
 .text.depthwise_kernel3x3_stride1_inplace_CHW_fpreq
                0x0000000008003dcc      0x5ec ./Src/TinyEngine/codegen/Source/depthwise_kernel3x3_stride1_inplace_CHW_fpreq.o
                0x0000000008003dcc                depthwise_kernel3x3_stride1_inplace_CHW_fpreq
 .text.depthwise_kernel3x3_stride2_inplace_CHW_fpreq
                0x00000000080043b8      0x618 ./Src/TinyEngine/codegen/Source/depthwise_kernel3x3_stride2_inplace_CHW_fpreq.o
                0x00000000080043b8                depthwise_kernel3x3_stride2_inplace_CHW_fpreq
 .text.depthwise_kernel5x5_stride1_inplace_CHW_fpreq
                0x00000000080049d0      0x60c ./Src/TinyEngine/codegen/Source/depthwise_kernel5x5_stride1_inplace_CHW_fpreq.o
                0x00000000080049d0                depthwise_kernel5x5_stride1_inplace_CHW_fpreq
 .text.depthwise_kernel5x5_stride2_inplace_CHW_fpreq
                0x0000000008004fdc      0x654 ./Src/TinyEngine/codegen/Source/depthwise_kernel5x5_stride2_inplace_CHW_fpreq.o
                0x0000000008004fdc                depthwise_kernel5x5_stride2_inplace_CHW_fpreq
 .text.depthwise_kernel7x7_stride1_inplace_kernel_CHW_fpreq
                0x0000000008005630      0x784 ./Src/TinyEngine/codegen/Source/depthwise_kernel7x7_stride1_inplace_CHW_fpreq.o
                0x0000000008005630                depthwise_kernel7x7_stride1_inplace_kernel_CHW_fpreq
 .text.depthwise_kernel7x7_stride1_inplace_CHW_fpreq
                0x0000000008005db4      0x1cc ./Src/TinyEngine/codegen/Source/depthwise_kernel7x7_stride1_inplace_CHW_fpreq.o
                0x0000000008005db4                depthwise_kernel7x7_stride1_inplace_CHW_fpreq
 .text.depthwise_kernel7x7_stride2_inplace_kernel_CHW_fpreq
                0x0000000008005f80      0x7d8 ./Src/TinyEngine/codegen/Source/depthwise_kernel7x7_stride2_inplace_CHW_fpreq.o
                0x0000000008005f80                depthwise_kernel7x7_stride2_inplace_kernel_CHW_fpreq
 .text.depthwise_kernel7x7_stride2_inplace_CHW_fpreq
                0x0000000008006758      0x1cc ./Src/TinyEngine/codegen/Source/depthwise_kernel7x7_stride2_inplace_CHW_fpreq.o
                0x0000000008006758                depthwise_kernel7x7_stride2_inplace_CHW_fpreq
 .text.getInput
                0x0000000008006924        0x8 ./Src/TinyEngine/codegen/Source/genModel.o
                0x0000000008006924                getInput
 .text.getOutput
                0x000000000800692c        0x8 ./Src/TinyEngine/codegen/Source/genModel.o
                0x000000000800692c                getOutput
 .text.invoke   0x0000000008006934     0x1038 ./Src/TinyEngine/codegen/Source/genModel.o
                0x0000000008006934                invoke
 .text.add_fpreq
                0x000000000800796c       0x9c ./Src/TinyEngine/src/kernels/fp_requantize_op/add_fpreq.o
                0x000000000800796c                add_fpreq
 .text.convolve_1x1_s8_ch16_fpreq
                0x0000000008007a08      0x1c0 ./Src/TinyEngine/src/kernels/fp_requantize_op/convolve_1x1_s8_ch16_fpreq.o
                0x0000000008007a08                convolve_1x1_s8_ch16_fpreq
 .text.convolve_1x1_s8_ch24_fpreq
                0x0000000008007bc8      0x1c0 ./Src/TinyEngine/src/kernels/fp_requantize_op/convolve_1x1_s8_ch24_fpreq.o
                0x0000000008007bc8                convolve_1x1_s8_ch24_fpreq
 .text.convolve_1x1_s8_ch48_fpreq
                0x0000000008007d88      0x1c0 ./Src/TinyEngine/src/kernels/fp_requantize_op/convolve_1x1_s8_ch48_fpreq.o
                0x0000000008007d88                convolve_1x1_s8_ch48_fpreq
 .text.convolve_1x1_s8_ch8_fpreq
                0x0000000008007f48      0x1c0 ./Src/TinyEngine/src/kernels/fp_requantize_op/convolve_1x1_s8_ch8_fpreq.o
                0x0000000008007f48                convolve_1x1_s8_ch8_fpreq
 .text.convolve_1x1_s8_fpreq
                0x0000000008008108      0x1c8 ./Src/TinyEngine/src/kernels/fp_requantize_op/convolve_1x1_s8_fpreq.o
                0x0000000008008108                convolve_1x1_s8_fpreq
 .text.convolve_s8_kernel3_inputch3_stride2_pad1_fpreq
                0x00000000080082d0      0x660 ./Src/TinyEngine/src/kernels/fp_requantize_op/convolve_s8_kernel3_inputch3_stride2_pad1_fpreq.o
                0x00000000080082d0                convolve_s8_kernel3_inputch3_stride2_pad1_fpreq
 .text.mat_mult_kernel_s8_s16_reordered_ch48_fpreq
                0x0000000008008930      0x4d8 ./Src/TinyEngine/src/kernels/fp_requantize_op/mat_mul_kernels_fpreq.o
                0x0000000008008930                mat_mult_kernel_s8_s16_reordered_ch48_fpreq
 .text.mat_mult_kernel_s8_s16_reordered_ch16_fpreq
                0x0000000008008e08      0x27c ./Src/TinyEngine/src/kernels/fp_requantize_op/mat_mul_kernels_fpreq.o
                0x0000000008008e08                mat_mult_kernel_s8_s16_reordered_ch16_fpreq
 .text.mat_mult_kernel_s8_s16_reordered_ch24_fpreq
                0x0000000008009084      0x314 ./Src/TinyEngine/src/kernels/fp_requantize_op/mat_mul_kernels_fpreq.o
                0x0000000008009084                mat_mult_kernel_s8_s16_reordered_ch24_fpreq
 .text.mat_mult_kernel_s8_s16_reordered_fpreq
                0x0000000008009398      0x2a4 ./Src/TinyEngine/src/kernels/fp_requantize_op/mat_mul_kernels_fpreq.o
                0x0000000008009398                mat_mult_kernel_s8_s16_reordered_fpreq
 .text.mat_mult_kernel3_input3_s8_s16_fpreq
                0x000000000800963c      0x2d4 ./Src/TinyEngine/src/kernels/fp_requantize_op/mat_mul_kernels_fpreq.o
                0x000000000800963c                mat_mult_kernel3_input3_s8_s16_fpreq
 .text.avg_pooling
                0x0000000008009910       0xe0 ./Src/TinyEngine/src/kernels/int_forward_op/avgpooling.o
                0x0000000008009910                avg_pooling
 .text._ZdaPv   0x00000000080099f0        0x4 /Applications/STM32CubeIDE.app/Contents/Eclipse/plugins/com.st.stm32cube.ide.mcu.externaltools.gnu-tools-for-stm32.10.3-2021.10.macos64_1.0.0.202111181127/tools/bin/../lib/gcc/arm-none-eabi/7.3.1/../../../../arm-none-eabi/lib/thumb/v7e-m/fpv4-sp/hard/libstdc++.a(del_opv.o)
                0x00000000080099f0                operator delete[](void*)
 .text._ZdlPv   0x00000000080099f4        0x4 /Applications/STM32CubeIDE.app/Contents/Eclipse/plugins/com.st.stm32cube.ide.mcu.externaltools.gnu-tools-for-stm32.10.3-2021.10.macos64_1.0.0.202111181127/tools/bin/../lib/gcc/arm-none-eabi/7.3.1/../../../../arm-none-eabi/lib/thumb/v7e-m/fpv4-sp/hard/libstdc++.a(del_op.o)
                0x00000000080099f4                operator delete(void*)
 .text.startup._GLOBAL__sub_I__ZN9__gnu_cxx9__freeresEv
                0x00000000080099f8       0x28 /Applications/STM32CubeIDE.app/Contents/Eclipse/plugins/com.st.stm32cube.ide.mcu.externaltools.gnu-tools-for-stm32.10.3-2021.10.macos64_1.0.0.202111181127/tools/bin/../lib/gcc/arm-none-eabi/7.3.1/../../../../arm-none-eabi/lib/thumb/v7e-m/fpv4-sp/hard/libstdc++.a(eh_alloc.o)
 .text.round    0x0000000008009a20       0x94 /Applications/STM32CubeIDE.app/Contents/Eclipse/plugins/com.st.stm32cube.ide.mcu.externaltools.gnu-tools-for-stm32.10.3-2021.10.macos64_1.0.0.202111181127/tools/bin/../lib/gcc/arm-none-eabi/7.3.1/../../../../arm-none-eabi/lib/thumb/v7e-m/fpv4-sp/hard/libm.a(lib_a-s_round.o)
                0x0000000008009a20                round
 .text.__errno  0x0000000008009ab4        0xc /Applications/STM32CubeIDE.app/Contents/Eclipse/plugins/com.st.stm32cube.ide.mcu.externaltools.gnu-tools-for-stm32.10.3-2021.10.macos64_1.0.0.202111181127/tools/bin/../lib/gcc/arm-none-eabi/7.3.1/../../../../arm-none-eabi/lib/thumb/v7e-m/fpv4-sp/hard/libc.a(lib_a-errno.o)
                0x0000000008009ab4                __errno
 .text.__libc_init_array
                0x0000000008009ac0       0x48 /Applications/STM32CubeIDE.app/Contents/Eclipse/plugins/com.st.stm32cube.ide.mcu.externaltools.gnu-tools-for-stm32.10.3-2021.10.macos64_1.0.0.202111181127/tools/bin/../lib/gcc/arm-none-eabi/7.3.1/../../../../arm-none-eabi/lib/thumb/v7e-m/fpv4-sp/hard/libc.a(lib_a-init.o)
                0x0000000008009ac0                __libc_init_array
 .text.__retarget_lock_acquire_recursive
                0x0000000008009b08        0x2 /Applications/STM32CubeIDE.app/Contents/Eclipse/plugins/com.st.stm32cube.ide.mcu.externaltools.gnu-tools-for-stm32.10.3-2021.10.macos64_1.0.0.202111181127/tools/bin/../lib/gcc/arm-none-eabi/7.3.1/../../../../arm-none-eabi/lib/thumb/v7e-m/fpv4-sp/hard/libc.a(lib_a-lock.o)
                0x0000000008009b08                __retarget_lock_acquire_recursive
 .text.__retarget_lock_release_recursive
                0x0000000008009b0a        0x2 /Applications/STM32CubeIDE.app/Contents/Eclipse/plugins/com.st.stm32cube.ide.mcu.externaltools.gnu-tools-for-stm32.10.3-2021.10.macos64_1.0.0.202111181127/tools/bin/../lib/gcc/arm-none-eabi/7.3.1/../../../../arm-none-eabi/lib/thumb/v7e-m/fpv4-sp/hard/libc.a(lib_a-lock.o)
                0x0000000008009b0a                __retarget_lock_release_recursive
 .text.malloc   0x0000000008009b0c       0x10 /Applications/STM32CubeIDE.app/Contents/Eclipse/plugins/com.st.stm32cube.ide.mcu.externaltools.gnu-tools-for-stm32.10.3-2021.10.macos64_1.0.0.202111181127/tools/bin/../lib/gcc/arm-none-eabi/7.3.1/../../../../arm-none-eabi/lib/thumb/v7e-m/fpv4-sp/hard/libc.a(lib_a-malloc.o)
                0x0000000008009b0c                malloc
 .text.free     0x0000000008009b1c       0x10 /Applications/STM32CubeIDE.app/Contents/Eclipse/plugins/com.st.stm32cube.ide.mcu.externaltools.gnu-tools-for-stm32.10.3-2021.10.macos64_1.0.0.202111181127/tools/bin/../lib/gcc/arm-none-eabi/7.3.1/../../../../arm-none-eabi/lib/thumb/v7e-m/fpv4-sp/hard/libc.a(lib_a-malloc.o)
                0x0000000008009b1c                free
 .text._malloc_r
                0x0000000008009b2c      0x46c /Applications/STM32CubeIDE.app/Contents/Eclipse/plugins/com.st.stm32cube.ide.mcu.externaltools.gnu-tools-for-stm32.10.3-2021.10.macos64_1.0.0.202111181127/tools/bin/../lib/gcc/arm-none-eabi/7.3.1/../../../../arm-none-eabi/lib/thumb/v7e-m/fpv4-sp/hard/libc.a(lib_a-mallocr.o)
                0x0000000008009b2c                _malloc_r
 .text.memcpy   0x0000000008009f98       0x16 /Applications/STM32CubeIDE.app/Contents/Eclipse/plugins/com.st.stm32cube.ide.mcu.externaltools.gnu-tools-for-stm32.10.3-2021.10.macos64_1.0.0.202111181127/tools/bin/../lib/gcc/arm-none-eabi/7.3.1/../../../../arm-none-eabi/lib/thumb/v7e-m/fpv4-sp/hard/libc.a(lib_a-memcpy-stub.o)
                0x0000000008009f98                memcpy
 .text.memmove  0x0000000008009fae       0x32 /Applications/STM32CubeIDE.app/Contents/Eclipse/plugins/com.st.stm32cube.ide.mcu.externaltools.gnu-tools-for-stm32.10.3-2021.10.macos64_1.0.0.202111181127/tools/bin/../lib/gcc/arm-none-eabi/7.3.1/../../../../arm-none-eabi/lib/thumb/v7e-m/fpv4-sp/hard/libc.a(lib_a-memmove.o)
                0x0000000008009fae                memmove
 .text.memset   0x0000000008009fe0       0x10 /Applications/STM32CubeIDE.app/Contents/Eclipse/plugins/com.st.stm32cube.ide.mcu.externaltools.gnu-tools-for-stm32.10.3-2021.10.macos64_1.0.0.202111181127/tools/bin/../lib/gcc/arm-none-eabi/7.3.1/../../../../arm-none-eabi/lib/thumb/v7e-m/fpv4-sp/hard/libc.a(lib_a-memset.o)
                0x0000000008009fe0                memset
 .text.__malloc_lock
                0x0000000008009ff0        0xc /Applications/STM32CubeIDE.app/Contents/Eclipse/plugins/com.st.stm32cube.ide.mcu.externaltools.gnu-tools-for-stm32.10.3-2021.10.macos64_1.0.0.202111181127/tools/bin/../lib/gcc/arm-none-eabi/7.3.1/../../../../arm-none-eabi/lib/thumb/v7e-m/fpv4-sp/hard/libc.a(lib_a-mlock.o)
                0x0000000008009ff0                __malloc_lock
 .text.__malloc_unlock
                0x0000000008009ffc        0xc /Applications/STM32CubeIDE.app/Contents/Eclipse/plugins/com.st.stm32cube.ide.mcu.externaltools.gnu-tools-for-stm32.10.3-2021.10.macos64_1.0.0.202111181127/tools/bin/../lib/gcc/arm-none-eabi/7.3.1/../../../../arm-none-eabi/lib/thumb/v7e-m/fpv4-sp/hard/libc.a(lib_a-mlock.o)
                0x0000000008009ffc                __malloc_unlock
 .text._realloc_r
                0x000000000800a008      0x350 /Applications/STM32CubeIDE.app/Contents/Eclipse/plugins/com.st.stm32cube.ide.mcu.externaltools.gnu-tools-for-stm32.10.3-2021.10.macos64_1.0.0.202111181127/tools/bin/../lib/gcc/arm-none-eabi/7.3.1/../../../../arm-none-eabi/lib/thumb/v7e-m/fpv4-sp/hard/libc.a(lib_a-reallocr.o)
                0x000000000800a008                _realloc_r
 .text._sbrk_r  0x000000000800a358       0x20 /Applications/STM32CubeIDE.app/Contents/Eclipse/plugins/com.st.stm32cube.ide.mcu.externaltools.gnu-tools-for-stm32.10.3-2021.10.macos64_1.0.0.202111181127/tools/bin/../lib/gcc/arm-none-eabi/7.3.1/../../../../arm-none-eabi/lib/thumb/v7e-m/fpv4-sp/hard/libc.a(lib_a-sbrkr.o)
                0x000000000800a358                _sbrk_r
 .text.sprintf  0x000000000800a378       0x40 /Applications/STM32CubeIDE.app/Contents/Eclipse/plugins/com.st.stm32cube.ide.mcu.externaltools.gnu-tools-for-stm32.10.3-2021.10.macos64_1.0.0.202111181127/tools/bin/../lib/gcc/arm-none-eabi/7.3.1/../../../../arm-none-eabi/lib/thumb/v7e-m/fpv4-sp/hard/libc.a(lib_a-sprintf.o)
                0x000000000800a378                sprintf
 .text._svfprintf_r
                0x000000000800a3b8     0x143c /Applications/STM32CubeIDE.app/Contents/Eclipse/plugins/com.st.stm32cube.ide.mcu.externaltools.gnu-tools-for-stm32.10.3-2021.10.macos64_1.0.0.202111181127/tools/bin/../lib/gcc/arm-none-eabi/7.3.1/../../../../arm-none-eabi/lib/thumb/v7e-m/fpv4-sp/hard/libc.a(lib_a-svfprintf.o)
                0x000000000800a3b8                _svfprintf_r
 .text.sysconf  0x000000000800b7f4       0x1a /Applications/STM32CubeIDE.app/Contents/Eclipse/plugins/com.st.stm32cube.ide.mcu.externaltools.gnu-tools-for-stm32.10.3-2021.10.macos64_1.0.0.202111181127/tools/bin/../lib/gcc/arm-none-eabi/7.3.1/../../../../arm-none-eabi/lib/thumb/v7e-m/fpv4-sp/hard/libc.a(lib_a-sysconf.o)
                0x000000000800b7f4                sysconf
 *fill*         0x000000000800b80e        0x2 
 .text.startup.register_fini
                0x000000000800b810       0x14 /Applications/STM32CubeIDE.app/Contents/Eclipse/plugins/com.st.stm32cube.ide.mcu.externaltools.gnu-tools-for-stm32.10.3-2021.10.macos64_1.0.0.202111181127/tools/bin/../lib/gcc/arm-none-eabi/7.3.1/../../../../arm-none-eabi/lib/thumb/v7e-m/fpv4-sp/hard/libc.a(lib_a-__call_atexit.o)
 .text.atexit   0x000000000800b824        0xc /Applications/STM32CubeIDE.app/Contents/Eclipse/plugins/com.st.stm32cube.ide.mcu.externaltools.gnu-tools-for-stm32.10.3-2021.10.macos64_1.0.0.202111181127/tools/bin/../lib/gcc/arm-none-eabi/7.3.1/../../../../arm-none-eabi/lib/thumb/v7e-m/fpv4-sp/hard/libc.a(lib_a-atexit.o)
                0x000000000800b824                atexit
 .text.quorem   0x000000000800b830      0x118 /Applications/STM32CubeIDE.app/Contents/Eclipse/plugins/com.st.stm32cube.ide.mcu.externaltools.gnu-tools-for-stm32.10.3-2021.10.macos64_1.0.0.202111181127/tools/bin/../lib/gcc/arm-none-eabi/7.3.1/../../../../arm-none-eabi/lib/thumb/v7e-m/fpv4-sp/hard/libc.a(lib_a-dtoa.o)
 .text._dtoa_r  0x000000000800b948      0xb50 /Applications/STM32CubeIDE.app/Contents/Eclipse/plugins/com.st.stm32cube.ide.mcu.externaltools.gnu-tools-for-stm32.10.3-2021.10.macos64_1.0.0.202111181127/tools/bin/../lib/gcc/arm-none-eabi/7.3.1/../../../../arm-none-eabi/lib/thumb/v7e-m/fpv4-sp/hard/libc.a(lib_a-dtoa.o)
                0x000000000800b948                _dtoa_r
 .text.__libc_fini_array
                0x000000000800c498       0x28 /Applications/STM32CubeIDE.app/Contents/Eclipse/plugins/com.st.stm32cube.ide.mcu.externaltools.gnu-tools-for-stm32.10.3-2021.10.macos64_1.0.0.202111181127/tools/bin/../lib/gcc/arm-none-eabi/7.3.1/../../../../arm-none-eabi/lib/thumb/v7e-m/fpv4-sp/hard/libc.a(lib_a-fini.o)
                0x000000000800c498                __libc_fini_array
 .text._malloc_trim_r
                0x000000000800c4c0       0xa8 /Applications/STM32CubeIDE.app/Contents/Eclipse/plugins/com.st.stm32cube.ide.mcu.externaltools.gnu-tools-for-stm32.10.3-2021.10.macos64_1.0.0.202111181127/tools/bin/../lib/gcc/arm-none-eabi/7.3.1/../../../../arm-none-eabi/lib/thumb/v7e-m/fpv4-sp/hard/libc.a(lib_a-freer.o)
                0x000000000800c4c0                _malloc_trim_r
 .text._free_r  0x000000000800c568      0x178 /Applications/STM32CubeIDE.app/Contents/Eclipse/plugins/com.st.stm32cube.ide.mcu.externaltools.gnu-tools-for-stm32.10.3-2021.10.macos64_1.0.0.202111181127/tools/bin/../lib/gcc/arm-none-eabi/7.3.1/../../../../arm-none-eabi/lib/thumb/v7e-m/fpv4-sp/hard/libc.a(lib_a-freer.o)
                0x000000000800c568                _free_r
 .text._localeconv_r
                0x000000000800c6e0       0x1c /Applications/STM32CubeIDE.app/Contents/Eclipse/plugins/com.st.stm32cube.ide.mcu.externaltools.gnu-tools-for-stm32.10.3-2021.10.macos64_1.0.0.202111181127/tools/bin/../lib/gcc/arm-none-eabi/7.3.1/../../../../arm-none-eabi/lib/thumb/v7e-m/fpv4-sp/hard/libc.a(lib_a-localeconv.o)
                0x000000000800c6e0                _localeconv_r
 .text._Balloc  0x000000000800c6fc       0x4a /Applications/STM32CubeIDE.app/Contents/Eclipse/plugins/com.st.stm32cube.ide.mcu.externaltools.gnu-tools-for-stm32.10.3-2021.10.macos64_1.0.0.202111181127/tools/bin/../lib/gcc/arm-none-eabi/7.3.1/../../../../arm-none-eabi/lib/thumb/v7e-m/fpv4-sp/hard/libc.a(lib_a-mprec.o)
                0x000000000800c6fc                _Balloc
 .text._Bfree   0x000000000800c746       0x12 /Applications/STM32CubeIDE.app/Contents/Eclipse/plugins/com.st.stm32cube.ide.mcu.externaltools.gnu-tools-for-stm32.10.3-2021.10.macos64_1.0.0.202111181127/tools/bin/../lib/gcc/arm-none-eabi/7.3.1/../../../../arm-none-eabi/lib/thumb/v7e-m/fpv4-sp/hard/libc.a(lib_a-mprec.o)
                0x000000000800c746                _Bfree
 .text.__multadd
                0x000000000800c758       0x76 /Applications/STM32CubeIDE.app/Contents/Eclipse/plugins/com.st.stm32cube.ide.mcu.externaltools.gnu-tools-for-stm32.10.3-2021.10.macos64_1.0.0.202111181127/tools/bin/../lib/gcc/arm-none-eabi/7.3.1/../../../../arm-none-eabi/lib/thumb/v7e-m/fpv4-sp/hard/libc.a(lib_a-mprec.o)
                0x000000000800c758                __multadd
 .text.__hi0bits
                0x000000000800c7ce       0x3e /Applications/STM32CubeIDE.app/Contents/Eclipse/plugins/com.st.stm32cube.ide.mcu.externaltools.gnu-tools-for-stm32.10.3-2021.10.macos64_1.0.0.202111181127/tools/bin/../lib/gcc/arm-none-eabi/7.3.1/../../../../arm-none-eabi/lib/thumb/v7e-m/fpv4-sp/hard/libc.a(lib_a-mprec.o)
                0x000000000800c7ce                __hi0bits
 .text.__lo0bits
                0x000000000800c80c       0x5e /Applications/STM32CubeIDE.app/Contents/Eclipse/plugins/com.st.stm32cube.ide.mcu.externaltools.gnu-tools-for-stm32.10.3-2021.10.macos64_1.0.0.202111181127/tools/bin/../lib/gcc/arm-none-eabi/7.3.1/../../../../arm-none-eabi/lib/thumb/v7e-m/fpv4-sp/hard/libc.a(lib_a-mprec.o)
                0x000000000800c80c                __lo0bits
 .text.__i2b    0x000000000800c86a       0x12 /Applications/STM32CubeIDE.app/Contents/Eclipse/plugins/com.st.stm32cube.ide.mcu.externaltools.gnu-tools-for-stm32.10.3-2021.10.macos64_1.0.0.202111181127/tools/bin/../lib/gcc/arm-none-eabi/7.3.1/../../../../arm-none-eabi/lib/thumb/v7e-m/fpv4-sp/hard/libc.a(lib_a-mprec.o)
                0x000000000800c86a                __i2b
 .text.__multiply
                0x000000000800c87c      0x12c /Applications/STM32CubeIDE.app/Contents/Eclipse/plugins/com.st.stm32cube.ide.mcu.externaltools.gnu-tools-for-stm32.10.3-2021.10.macos64_1.0.0.202111181127/tools/bin/../lib/gcc/arm-none-eabi/7.3.1/../../../../arm-none-eabi/lib/thumb/v7e-m/fpv4-sp/hard/libc.a(lib_a-mprec.o)
                0x000000000800c87c                __multiply
 .text.__pow5mult
                0x000000000800c9a8       0x80 /Applications/STM32CubeIDE.app/Contents/Eclipse/plugins/com.st.stm32cube.ide.mcu.externaltools.gnu-tools-for-stm32.10.3-2021.10.macos64_1.0.0.202111181127/tools/bin/../lib/gcc/arm-none-eabi/7.3.1/../../../../arm-none-eabi/lib/thumb/v7e-m/fpv4-sp/hard/libc.a(lib_a-mprec.o)
                0x000000000800c9a8                __pow5mult
 .text.__lshift
                0x000000000800ca28       0xa8 /Applications/STM32CubeIDE.app/Contents/Eclipse/plugins/com.st.stm32cube.ide.mcu.externaltools.gnu-tools-for-stm32.10.3-2021.10.macos64_1.0.0.202111181127/tools/bin/../lib/gcc/arm-none-eabi/7.3.1/../../../../arm-none-eabi/lib/thumb/v7e-m/fpv4-sp/hard/libc.a(lib_a-mprec.o)
                0x000000000800ca28                __lshift
 .text.__mcmp   0x000000000800cad0       0x34 /Applications/STM32CubeIDE.app/Contents/Eclipse/plugins/com.st.stm32cube.ide.mcu.externaltools.gnu-tools-for-stm32.10.3-2021.10.macos64_1.0.0.202111181127/tools/bin/../lib/gcc/arm-none-eabi/7.3.1/../../../../arm-none-eabi/lib/thumb/v7e-m/fpv4-sp/hard/libc.a(lib_a-mprec.o)
                0x000000000800cad0                __mcmp
 .text.__mdiff  0x000000000800cb04       0xba /Applications/STM32CubeIDE.app/Contents/Eclipse/plugins/com.st.stm32cube.ide.mcu.externaltools.gnu-tools-for-stm32.10.3-2021.10.macos64_1.0.0.202111181127/tools/bin/../lib/gcc/arm-none-eabi/7.3.1/../../../../arm-none-eabi/lib/thumb/v7e-m/fpv4-sp/hard/libc.a(lib_a-mprec.o)
                0x000000000800cb04                __mdiff
 .text.__d2b    0x000000000800cbbe       0x9e /Applications/STM32CubeIDE.app/Contents/Eclipse/plugins/com.st.stm32cube.ide.mcu.externaltools.gnu-tools-for-stm32.10.3-2021.10.macos64_1.0.0.202111181127/tools/bin/../lib/gcc/arm-none-eabi/7.3.1/../../../../arm-none-eabi/lib/thumb/v7e-m/fpv4-sp/hard/libc.a(lib_a-mprec.o)
                0x000000000800cbbe                __d2b
 .text.frexp    0x000000000800cc5c       0x6c /Applications/STM32CubeIDE.app/Contents/Eclipse/plugins/com.st.stm32cube.ide.mcu.externaltools.gnu-tools-for-stm32.10.3-2021.10.macos64_1.0.0.202111181127/tools/bin/../lib/gcc/arm-none-eabi/7.3.1/../../../../arm-none-eabi/lib/thumb/v7e-m/fpv4-sp/hard/libc.a(lib_a-s_frexp.o)
                0x000000000800cc5c                frexp
 .text.strncpy  0x000000000800ccc8       0x2a /Applications/STM32CubeIDE.app/Contents/Eclipse/plugins/com.st.stm32cube.ide.mcu.externaltools.gnu-tools-for-stm32.10.3-2021.10.macos64_1.0.0.202111181127/tools/bin/../lib/gcc/arm-none-eabi/7.3.1/../../../../arm-none-eabi/lib/thumb/v7e-m/fpv4-sp/hard/libc.a(lib_a-strncpy.o)
                0x000000000800ccc8                strncpy
 .text.__ssprint_r
                0x000000000800ccf2       0xf0 /Applications/STM32CubeIDE.app/Contents/Eclipse/plugins/com.st.stm32cube.ide.mcu.externaltools.gnu-tools-for-stm32.10.3-2021.10.macos64_1.0.0.202111181127/tools/bin/../lib/gcc/arm-none-eabi/7.3.1/../../../../arm-none-eabi/lib/thumb/v7e-m/fpv4-sp/hard/libc.a(lib_a-svfiprintf.o)
                0x000000000800ccf2                __ssprint_r
 *fill*         0x000000000800cde2        0x2 
 .text.__register_exitproc
                0x000000000800cde4       0xac /Applications/STM32CubeIDE.app/Contents/Eclipse/plugins/com.st.stm32cube.ide.mcu.externaltools.gnu-tools-for-stm32.10.3-2021.10.macos64_1.0.0.202111181127/tools/bin/../lib/gcc/arm-none-eabi/7.3.1/../../../../arm-none-eabi/lib/thumb/v7e-m/fpv4-sp/hard/libc.a(lib_a-__atexit.o)
                0x000000000800cde4                __register_exitproc
 .text._calloc_r
                0x000000000800ce90       0x5a /Applications/STM32CubeIDE.app/Contents/Eclipse/plugins/com.st.stm32cube.ide.mcu.externaltools.gnu-tools-for-stm32.10.3-2021.10.macos64_1.0.0.202111181127/tools/bin/../lib/gcc/arm-none-eabi/7.3.1/../../../../arm-none-eabi/lib/thumb/v7e-m/fpv4-sp/hard/libc.a(lib_a-callocr.o)
                0x000000000800ce90                _calloc_r
 .text.__ascii_mbtowc
                0x000000000800ceea       0x24 /Applications/STM32CubeIDE.app/Contents/Eclipse/plugins/com.st.stm32cube.ide.mcu.externaltools.gnu-tools-for-stm32.10.3-2021.10.macos64_1.0.0.202111181127/tools/bin/../lib/gcc/arm-none-eabi/7.3.1/../../../../arm-none-eabi/lib/thumb/v7e-m/fpv4-sp/hard/libc.a(lib_a-mbtowc_r.o)
                0x000000000800ceea                __ascii_mbtowc
 .text.__ascii_wctomb
                0x000000000800cf0e       0x1a /Applications/STM32CubeIDE.app/Contents/Eclipse/plugins/com.st.stm32cube.ide.mcu.externaltools.gnu-tools-for-stm32.10.3-2021.10.macos64_1.0.0.202111181127/tools/bin/../lib/gcc/arm-none-eabi/7.3.1/../../../../arm-none-eabi/lib/thumb/v7e-m/fpv4-sp/hard/libc.a(lib_a-wctomb_r.o)
                0x000000000800cf0e                __ascii_wctomb
 .text._sbrk    0x000000000800cf28       0x1c /Applications/STM32CubeIDE.app/Contents/Eclipse/plugins/com.st.stm32cube.ide.mcu.externaltools.gnu-tools-for-stm32.10.3-2021.10.macos64_1.0.0.202111181127/tools/bin/../lib/gcc/arm-none-eabi/7.3.1/../../../../arm-none-eabi/lib/thumb/v7e-m/fpv4-sp/hard/libnosys.a(sbrk.o)
                0x000000000800cf28                _sbrk
 *(.glue_7)
 .glue_7        0x000000000800cf44        0x0 linker stubs
 *(.glue_7t)
 .glue_7t       0x000000000800cf44        0x0 linker stubs
 *(.eh_frame)
 .eh_frame      0x000000000800cf44        0x0 /Applications/STM32CubeIDE.app/Contents/Eclipse/plugins/com.st.stm32cube.ide.mcu.externaltools.gnu-tools-for-stm32.10.3-2021.10.macos64_1.0.0.202111181127/tools/bin/../lib/gcc/arm-none-eabi/7.3.1/thumb/v7e-m/fpv4-sp/hard/crtbegin.o
 *(.init)
 .init          0x000000000800cf44        0x4 /Applications/STM32CubeIDE.app/Contents/Eclipse/plugins/com.st.stm32cube.ide.mcu.externaltools.gnu-tools-for-stm32.10.3-2021.10.macos64_1.0.0.202111181127/tools/bin/../lib/gcc/arm-none-eabi/7.3.1/thumb/v7e-m/fpv4-sp/hard/crti.o
                0x000000000800cf44                _init
 .init          0x000000000800cf48        0x8 /Applications/STM32CubeIDE.app/Contents/Eclipse/plugins/com.st.stm32cube.ide.mcu.externaltools.gnu-tools-for-stm32.10.3-2021.10.macos64_1.0.0.202111181127/tools/bin/../lib/gcc/arm-none-eabi/7.3.1/thumb/v7e-m/fpv4-sp/hard/crtn.o
 *(.fini)
 .fini          0x000000000800cf50        0x4 /Applications/STM32CubeIDE.app/Contents/Eclipse/plugins/com.st.stm32cube.ide.mcu.externaltools.gnu-tools-for-stm32.10.3-2021.10.macos64_1.0.0.202111181127/tools/bin/../lib/gcc/arm-none-eabi/7.3.1/thumb/v7e-m/fpv4-sp/hard/crti.o
                0x000000000800cf50                _fini
 .fini          0x000000000800cf54        0x8 /Applications/STM32CubeIDE.app/Contents/Eclipse/plugins/com.st.stm32cube.ide.mcu.externaltools.gnu-tools-for-stm32.10.3-2021.10.macos64_1.0.0.202111181127/tools/bin/../lib/gcc/arm-none-eabi/7.3.1/thumb/v7e-m/fpv4-sp/hard/crtn.o
                0x000000000800cf5c                . = ALIGN (0x4)
                0x000000000800cf5c                _etext = .

.vfp11_veneer   0x000000000800cf5c        0x0
 .vfp11_veneer  0x000000000800cf5c        0x0 linker stubs

.v4_bx          0x000000000800cf5c        0x0
 .v4_bx         0x000000000800cf5c        0x0 linker stubs

.iplt           0x000000000800cf5c        0x0
 .iplt          0x000000000800cf5c        0x0 /Applications/STM32CubeIDE.app/Contents/Eclipse/plugins/com.st.stm32cube.ide.mcu.externaltools.gnu-tools-for-stm32.10.3-2021.10.macos64_1.0.0.202111181127/tools/bin/../lib/gcc/arm-none-eabi/7.3.1/thumb/v7e-m/fpv4-sp/hard/crtbegin.o

.rodata         0x000000000800cf60    0x7bc78
                0x000000000800cf60                . = ALIGN (0x4)
 *(.rodata)
 *(.rodata*)
 .rodata.BUTTON_IRQn
                0x000000000800cf60        0x6 ./Drivers/BSP/STM32746G-Discovery/stm32746g_discovery.o
                0x000000000800cf60                BUTTON_IRQn
 *fill*         0x000000000800cf66        0x2 
 .rodata.BUTTON_PIN
                0x000000000800cf68        0x6 ./Drivers/BSP/STM32746G-Discovery/stm32746g_discovery.o
                0x000000000800cf68                BUTTON_PIN
 *fill*         0x000000000800cf6e        0x2 
 .rodata.flagBitshiftOffset.11038
                0x000000000800cf70        0x8 ./Drivers/STM32F7xx_HAL_Driver/Src/stm32f7xx_hal_dma.o
 .rodata._Z14detectResponseifiii.str1.4
                0x000000000800cf78       0x7f ./Src/lcd.o
 *fill*         0x000000000800cff7        0x1 
 .rodata._ZL6person
                0x000000000800cff8     0x4b00 ./Src/main.o
 .rodata.main.str1.4
                0x0000000008011af8        0xc ./Src/main.o
 .rodata.AHBPrescTable
                0x0000000008011b04       0x10 ./Src/system_stm32f7xx.o
                0x0000000008011b04                AHBPrescTable
 .rodata.CHWweight1
                0x0000000008011b14       0x90 ./Src/TinyEngine/codegen/Source/genModel.o
                0x0000000008011b14                CHWweight1
 .rodata.CHWweight10
                0x0000000008011ba4      0x1b0 ./Src/TinyEngine/codegen/Source/genModel.o
                0x0000000008011ba4                CHWweight10
 .rodata.CHWweight13
                0x0000000008011d54      0x930 ./Src/TinyEngine/codegen/Source/genModel.o
                0x0000000008011d54                CHWweight13
 .rodata.CHWweight16
                0x0000000008012684      0x510 ./Src/TinyEngine/codegen/Source/genModel.o
                0x0000000008012684                CHWweight16
 .rodata.CHWweight19
                0x0000000008012b94      0xbb8 ./Src/TinyEngine/codegen/Source/genModel.o
                0x0000000008012b94                CHWweight19
 .rodata.CHWweight22
                0x000000000801374c     0x1b90 ./Src/TinyEngine/codegen/Source/genModel.o
                0x000000000801374c                CHWweight22
 .rodata.CHWweight25
                0x00000000080152dc     0x2df0 ./Src/TinyEngine/codegen/Source/genModel.o
                0x00000000080152dc                CHWweight25
 .rodata.CHWweight28
                0x00000000080180cc      0x870 ./Src/TinyEngine/codegen/Source/genModel.o
                0x00000000080180cc                CHWweight28
 .rodata.CHWweight31
                0x000000000801893c      0x6c0 ./Src/TinyEngine/codegen/Source/genModel.o
                0x000000000801893c                CHWweight31
 .rodata.CHWweight34
                0x0000000008018ffc     0x1770 ./Src/TinyEngine/codegen/Source/genModel.o
                0x0000000008018ffc                CHWweight34
 .rodata.CHWweight37
                0x000000000801a76c     0x10e0 ./Src/TinyEngine/codegen/Source/genModel.o
                0x000000000801a76c                CHWweight37
 .rodata.CHWweight4
                0x000000000801b84c      0x1b0 ./Src/TinyEngine/codegen/Source/genModel.o
                0x000000000801b84c                CHWweight4
 .rodata.CHWweight40
                0x000000000801b9fc      0xd80 ./Src/TinyEngine/codegen/Source/genModel.o
                0x000000000801b9fc                CHWweight40
 .rodata.CHWweight43
                0x000000000801c77c     0x3720 ./Src/TinyEngine/codegen/Source/genModel.o
                0x000000000801c77c                CHWweight43
 .rodata.CHWweight7
                0x000000000801fe9c      0x1b0 ./Src/TinyEngine/codegen/Source/genModel.o
                0x000000000801fe9c                CHWweight7
 .rodata.bias0  0x000000000802004c       0x40 ./Src/TinyEngine/codegen/Source/genModel.o
                0x000000000802004c                bias0
 .rodata.bias11
                0x000000000802008c       0x40 ./Src/TinyEngine/codegen/Source/genModel.o
                0x000000000802008c                bias11
 .rodata.bias12
                0x00000000080200cc       0xc0 ./Src/TinyEngine/codegen/Source/genModel.o
                0x00000000080200cc                bias12
 .rodata.bias14
                0x000000000802018c       0x60 ./Src/TinyEngine/codegen/Source/genModel.o
                0x000000000802018c                bias14
 .rodata.bias15
                0x00000000080201ec      0x240 ./Src/TinyEngine/codegen/Source/genModel.o
                0x00000000080201ec                bias15
 .rodata.bias17
                0x000000000802042c       0x60 ./Src/TinyEngine/codegen/Source/genModel.o
                0x000000000802042c                bias17
 .rodata.bias18
                0x000000000802048c      0x1e0 ./Src/TinyEngine/codegen/Source/genModel.o
                0x000000000802048c                bias18
 .rodata.bias2  0x000000000802066c       0x20 ./Src/TinyEngine/codegen/Source/genModel.o
                0x000000000802066c                bias2
 .rodata.bias20
                0x000000000802068c       0x60 ./Src/TinyEngine/codegen/Source/genModel.o
                0x000000000802068c                bias20
 .rodata.bias21
                0x00000000080206ec      0x240 ./Src/TinyEngine/codegen/Source/genModel.o
                0x00000000080206ec                bias21
 .rodata.bias23
                0x000000000802092c       0xa0 ./Src/TinyEngine/codegen/Source/genModel.o
                0x000000000802092c                bias23
 .rodata.bias24
                0x00000000080209cc      0x3c0 ./Src/TinyEngine/codegen/Source/genModel.o
                0x00000000080209cc                bias24
 .rodata.bias26
                0x0000000008020d8c       0xa0 ./Src/TinyEngine/codegen/Source/genModel.o
                0x0000000008020d8c                bias26
 .rodata.bias27
                0x0000000008020e2c      0x3c0 ./Src/TinyEngine/codegen/Source/genModel.o
                0x0000000008020e2c                bias27
 .rodata.bias29
                0x00000000080211ec       0xc0 ./Src/TinyEngine/codegen/Source/genModel.o
                0x00000000080211ec                bias29
 .rodata.bias3  0x00000000080212ac       0xc0 ./Src/TinyEngine/codegen/Source/genModel.o
                0x00000000080212ac                bias3
 .rodata.bias30
                0x000000000802136c      0x300 ./Src/TinyEngine/codegen/Source/genModel.o
                0x000000000802136c                bias30
 .rodata.bias32
                0x000000000802166c       0xc0 ./Src/TinyEngine/codegen/Source/genModel.o
                0x000000000802166c                bias32
 .rodata.bias33
                0x000000000802172c      0x3c0 ./Src/TinyEngine/codegen/Source/genModel.o
                0x000000000802172c                bias33
 .rodata.bias35
                0x0000000008021aec      0x180 ./Src/TinyEngine/codegen/Source/genModel.o
                0x0000000008021aec                bias35
 .rodata.bias36
                0x0000000008021c6c      0x780 ./Src/TinyEngine/codegen/Source/genModel.o
                0x0000000008021c6c                bias36
 .rodata.bias38
                0x00000000080223ec      0x180 ./Src/TinyEngine/codegen/Source/genModel.o
                0x00000000080223ec                bias38
 .rodata.bias39
                0x000000000802256c      0x600 ./Src/TinyEngine/codegen/Source/genModel.o
                0x000000000802256c                bias39
 .rodata.bias41
                0x0000000008022b6c      0x180 ./Src/TinyEngine/codegen/Source/genModel.o
                0x0000000008022b6c                bias41
 .rodata.bias42
                0x0000000008022cec      0x480 ./Src/TinyEngine/codegen/Source/genModel.o
                0x0000000008022cec                bias42
 .rodata.bias44
                0x000000000802316c      0x280 ./Src/TinyEngine/codegen/Source/genModel.o
                0x000000000802316c                bias44
 .rodata.bias45
                0x00000000080233ec        0x8 ./Src/TinyEngine/codegen/Source/genModel.o
                0x00000000080233ec                bias45
 .rodata.bias5  0x00000000080233f4       0x40 ./Src/TinyEngine/codegen/Source/genModel.o
                0x00000000080233f4                bias5
 .rodata.bias6  0x0000000008023434       0xc0 ./Src/TinyEngine/codegen/Source/genModel.o
                0x0000000008023434                bias6
 .rodata.bias8  0x00000000080234f4       0x40 ./Src/TinyEngine/codegen/Source/genModel.o
                0x00000000080234f4                bias8
 .rodata.bias9  0x0000000008023534       0xc0 ./Src/TinyEngine/codegen/Source/genModel.o
                0x0000000008023534                bias9
 .rodata.offsetBias1
                0x00000000080235f4       0x40 ./Src/TinyEngine/codegen/Source/genModel.o
                0x00000000080235f4                offsetBias1
 .rodata.offsetBias10
                0x0000000008023634       0xc0 ./Src/TinyEngine/codegen/Source/genModel.o
                0x0000000008023634                offsetBias10
 .rodata.offsetBias13
                0x00000000080236f4       0xc0 ./Src/TinyEngine/codegen/Source/genModel.o
                0x00000000080236f4                offsetBias13
 .rodata.offsetBias16
                0x00000000080237b4      0x240 ./Src/TinyEngine/codegen/Source/genModel.o
                0x00000000080237b4                offsetBias16
 .rodata.offsetBias19
                0x00000000080239f4      0x1e0 ./Src/TinyEngine/codegen/Source/genModel.o
                0x00000000080239f4                offsetBias19
 .rodata.offsetBias22
                0x0000000008023bd4      0x240 ./Src/TinyEngine/codegen/Source/genModel.o
                0x0000000008023bd4                offsetBias22
 .rodata.offsetBias25
                0x0000000008023e14      0x3c0 ./Src/TinyEngine/codegen/Source/genModel.o
                0x0000000008023e14                offsetBias25
 .rodata.offsetBias28
                0x00000000080241d4      0x3c0 ./Src/TinyEngine/codegen/Source/genModel.o
                0x00000000080241d4                offsetBias28
 .rodata.offsetBias31
                0x0000000008024594      0x300 ./Src/TinyEngine/codegen/Source/genModel.o
                0x0000000008024594                offsetBias31
 .rodata.offsetBias34
                0x0000000008024894      0x3c0 ./Src/TinyEngine/codegen/Source/genModel.o
                0x0000000008024894                offsetBias34
 .rodata.offsetBias37
                0x0000000008024c54      0x780 ./Src/TinyEngine/codegen/Source/genModel.o
                0x0000000008024c54                offsetBias37
 .rodata.offsetBias4
                0x00000000080253d4       0xc0 ./Src/TinyEngine/codegen/Source/genModel.o
                0x00000000080253d4                offsetBias4
 .rodata.offsetBias40
                0x0000000008025494      0x600 ./Src/TinyEngine/codegen/Source/genModel.o
                0x0000000008025494                offsetBias40
 .rodata.offsetBias43
                0x0000000008025a94      0x480 ./Src/TinyEngine/codegen/Source/genModel.o
                0x0000000008025a94                offsetBias43
 .rodata.offsetBias7
                0x0000000008025f14       0xc0 ./Src/TinyEngine/codegen/Source/genModel.o
                0x0000000008025f14                offsetBias7
 .rodata.offsetRBias1
                0x0000000008025fd4       0x40 ./Src/TinyEngine/codegen/Source/genModel.o
                0x0000000008025fd4                offsetRBias1
 .rodata.offsetRBias10
                0x0000000008026014       0xc0 ./Src/TinyEngine/codegen/Source/genModel.o
                0x0000000008026014                offsetRBias10
 .rodata.offsetRBias13
                0x00000000080260d4       0xc0 ./Src/TinyEngine/codegen/Source/genModel.o
                0x00000000080260d4                offsetRBias13
 .rodata.offsetRBias16
                0x0000000008026194      0x240 ./Src/TinyEngine/codegen/Source/genModel.o
                0x0000000008026194                offsetRBias16
 .rodata.offsetRBias19
                0x00000000080263d4      0x1e0 ./Src/TinyEngine/codegen/Source/genModel.o
                0x00000000080263d4                offsetRBias19
 .rodata.offsetRBias22
                0x00000000080265b4      0x240 ./Src/TinyEngine/codegen/Source/genModel.o
                0x00000000080265b4                offsetRBias22
 .rodata.offsetRBias25
                0x00000000080267f4      0x3c0 ./Src/TinyEngine/codegen/Source/genModel.o
                0x00000000080267f4                offsetRBias25
 .rodata.offsetRBias28
                0x0000000008026bb4      0x3c0 ./Src/TinyEngine/codegen/Source/genModel.o
                0x0000000008026bb4                offsetRBias28
 .rodata.offsetRBias31
                0x0000000008026f74      0x300 ./Src/TinyEngine/codegen/Source/genModel.o
                0x0000000008026f74                offsetRBias31
 .rodata.offsetRBias34
                0x0000000008027274      0x3c0 ./Src/TinyEngine/codegen/Source/genModel.o
                0x0000000008027274                offsetRBias34
 .rodata.offsetRBias37
                0x0000000008027634      0x780 ./Src/TinyEngine/codegen/Source/genModel.o
                0x0000000008027634                offsetRBias37
 .rodata.offsetRBias4
                0x0000000008027db4       0xc0 ./Src/TinyEngine/codegen/Source/genModel.o
                0x0000000008027db4                offsetRBias4
 .rodata.offsetRBias40
                0x0000000008027e74      0x600 ./Src/TinyEngine/codegen/Source/genModel.o
                0x0000000008027e74                offsetRBias40
 .rodata.offsetRBias43
                0x0000000008028474      0x480 ./Src/TinyEngine/codegen/Source/genModel.o
                0x0000000008028474                offsetRBias43
 .rodata.offsetRBias7
                0x00000000080288f4       0xc0 ./Src/TinyEngine/codegen/Source/genModel.o
                0x00000000080288f4                offsetRBias7
 .rodata.scales0
                0x00000000080289b4       0x40 ./Src/TinyEngine/codegen/Source/genModel.o
                0x00000000080289b4                scales0
 .rodata.scales1
                0x00000000080289f4       0x40 ./Src/TinyEngine/codegen/Source/genModel.o
                0x00000000080289f4                scales1
 .rodata.scales10
                0x0000000008028a34       0xc0 ./Src/TinyEngine/codegen/Source/genModel.o
                0x0000000008028a34                scales10
 .rodata.scales11
                0x0000000008028af4       0x40 ./Src/TinyEngine/codegen/Source/genModel.o
                0x0000000008028af4                scales11
 .rodata.scales12
                0x0000000008028b34       0xc0 ./Src/TinyEngine/codegen/Source/genModel.o
                0x0000000008028b34                scales12
 .rodata.scales13
                0x0000000008028bf4       0xc0 ./Src/TinyEngine/codegen/Source/genModel.o
                0x0000000008028bf4                scales13
 .rodata.scales14
                0x0000000008028cb4       0x60 ./Src/TinyEngine/codegen/Source/genModel.o
                0x0000000008028cb4                scales14
 .rodata.scales15
                0x0000000008028d14      0x240 ./Src/TinyEngine/codegen/Source/genModel.o
                0x0000000008028d14                scales15
 .rodata.scales16
                0x0000000008028f54      0x240 ./Src/TinyEngine/codegen/Source/genModel.o
                0x0000000008028f54                scales16
 .rodata.scales17
                0x0000000008029194       0x60 ./Src/TinyEngine/codegen/Source/genModel.o
                0x0000000008029194                scales17
 .rodata.scales18
                0x00000000080291f4      0x1e0 ./Src/TinyEngine/codegen/Source/genModel.o
                0x00000000080291f4                scales18
 .rodata.scales19
                0x00000000080293d4      0x1e0 ./Src/TinyEngine/codegen/Source/genModel.o
                0x00000000080293d4                scales19
 .rodata.scales2
                0x00000000080295b4       0x20 ./Src/TinyEngine/codegen/Source/genModel.o
                0x00000000080295b4                scales2
 .rodata.scales20
                0x00000000080295d4       0x60 ./Src/TinyEngine/codegen/Source/genModel.o
                0x00000000080295d4                scales20
 .rodata.scales21
                0x0000000008029634      0x240 ./Src/TinyEngine/codegen/Source/genModel.o
                0x0000000008029634                scales21
 .rodata.scales22
                0x0000000008029874      0x240 ./Src/TinyEngine/codegen/Source/genModel.o
                0x0000000008029874                scales22
 .rodata.scales23
                0x0000000008029ab4       0xa0 ./Src/TinyEngine/codegen/Source/genModel.o
                0x0000000008029ab4                scales23
 .rodata.scales24
                0x0000000008029b54      0x3c0 ./Src/TinyEngine/codegen/Source/genModel.o
                0x0000000008029b54                scales24
 .rodata.scales25
                0x0000000008029f14      0x3c0 ./Src/TinyEngine/codegen/Source/genModel.o
                0x0000000008029f14                scales25
 .rodata.scales26
                0x000000000802a2d4       0xa0 ./Src/TinyEngine/codegen/Source/genModel.o
                0x000000000802a2d4                scales26
 .rodata.scales27
                0x000000000802a374      0x3c0 ./Src/TinyEngine/codegen/Source/genModel.o
                0x000000000802a374                scales27
 .rodata.scales28
                0x000000000802a734      0x3c0 ./Src/TinyEngine/codegen/Source/genModel.o
                0x000000000802a734                scales28
 .rodata.scales29
                0x000000000802aaf4       0xc0 ./Src/TinyEngine/codegen/Source/genModel.o
                0x000000000802aaf4                scales29
 .rodata.scales3
                0x000000000802abb4       0xc0 ./Src/TinyEngine/codegen/Source/genModel.o
                0x000000000802abb4                scales3
 .rodata.scales30
                0x000000000802ac74      0x300 ./Src/TinyEngine/codegen/Source/genModel.o
                0x000000000802ac74                scales30
 .rodata.scales31
                0x000000000802af74      0x300 ./Src/TinyEngine/codegen/Source/genModel.o
                0x000000000802af74                scales31
 .rodata.scales32
                0x000000000802b274       0xc0 ./Src/TinyEngine/codegen/Source/genModel.o
                0x000000000802b274                scales32
 .rodata.scales33
                0x000000000802b334      0x3c0 ./Src/TinyEngine/codegen/Source/genModel.o
                0x000000000802b334                scales33
 .rodata.scales34
                0x000000000802b6f4      0x3c0 ./Src/TinyEngine/codegen/Source/genModel.o
                0x000000000802b6f4                scales34
 .rodata.scales35
                0x000000000802bab4      0x180 ./Src/TinyEngine/codegen/Source/genModel.o
                0x000000000802bab4                scales35
 .rodata.scales36
                0x000000000802bc34      0x780 ./Src/TinyEngine/codegen/Source/genModel.o
                0x000000000802bc34                scales36
 .rodata.scales37
                0x000000000802c3b4      0x780 ./Src/TinyEngine/codegen/Source/genModel.o
                0x000000000802c3b4                scales37
 .rodata.scales38
                0x000000000802cb34      0x180 ./Src/TinyEngine/codegen/Source/genModel.o
                0x000000000802cb34                scales38
 .rodata.scales39
                0x000000000802ccb4      0x600 ./Src/TinyEngine/codegen/Source/genModel.o
                0x000000000802ccb4                scales39
 .rodata.scales4
                0x000000000802d2b4       0xc0 ./Src/TinyEngine/codegen/Source/genModel.o
                0x000000000802d2b4                scales4
 .rodata.scales40
                0x000000000802d374      0x600 ./Src/TinyEngine/codegen/Source/genModel.o
                0x000000000802d374                scales40
 .rodata.scales41
                0x000000000802d974      0x180 ./Src/TinyEngine/codegen/Source/genModel.o
                0x000000000802d974                scales41
 .rodata.scales42
                0x000000000802daf4      0x480 ./Src/TinyEngine/codegen/Source/genModel.o
                0x000000000802daf4                scales42
 .rodata.scales43
                0x000000000802df74      0x480 ./Src/TinyEngine/codegen/Source/genModel.o
                0x000000000802df74                scales43
 .rodata.scales44
                0x000000000802e3f4      0x280 ./Src/TinyEngine/codegen/Source/genModel.o
                0x000000000802e3f4                scales44
 .rodata.scales45
                0x000000000802e674        0x8 ./Src/TinyEngine/codegen/Source/genModel.o
                0x000000000802e674                scales45
 .rodata.scales5
                0x000000000802e67c       0x40 ./Src/TinyEngine/codegen/Source/genModel.o
                0x000000000802e67c                scales5
 .rodata.scales6
                0x000000000802e6bc       0xc0 ./Src/TinyEngine/codegen/Source/genModel.o
                0x000000000802e6bc                scales6
 .rodata.scales7
                0x000000000802e77c       0xc0 ./Src/TinyEngine/codegen/Source/genModel.o
                0x000000000802e77c                scales7
 .rodata.scales8
                0x000000000802e83c       0x40 ./Src/TinyEngine/codegen/Source/genModel.o
                0x000000000802e83c                scales8
 .rodata.scales9
                0x000000000802e87c       0xc0 ./Src/TinyEngine/codegen/Source/genModel.o
                0x000000000802e87c                scales9
 .rodata.weight0
                0x000000000802e93c      0x1b0 ./Src/TinyEngine/codegen/Source/genModel.o
                0x000000000802e93c                weight0
 .rodata.weight11
                0x000000000802eaec      0x300 ./Src/TinyEngine/codegen/Source/genModel.o
                0x000000000802eaec                weight11
 .rodata.weight12
                0x000000000802edec      0x300 ./Src/TinyEngine/codegen/Source/genModel.o
                0x000000000802edec                weight12
 .rodata.weight14
                0x000000000802f0ec      0x480 ./Src/TinyEngine/codegen/Source/genModel.o
                0x000000000802f0ec                weight14
 .rodata.weight15
                0x000000000802f56c      0xd80 ./Src/TinyEngine/codegen/Source/genModel.o
                0x000000000802f56c                weight15
 .rodata.weight17
                0x00000000080302ec      0xd80 ./Src/TinyEngine/codegen/Source/genModel.o
                0x00000000080302ec                weight17
 .rodata.weight18
                0x000000000803106c      0xb40 ./Src/TinyEngine/codegen/Source/genModel.o
                0x000000000803106c                weight18
 .rodata.weight2
                0x0000000008031bac       0x80 ./Src/TinyEngine/codegen/Source/genModel.o
                0x0000000008031bac                weight2
 .rodata.weight20
                0x0000000008031c2c      0xb40 ./Src/TinyEngine/codegen/Source/genModel.o
                0x0000000008031c2c                weight20
 .rodata.weight21
                0x000000000803276c      0xd80 ./Src/TinyEngine/codegen/Source/genModel.o
                0x000000000803276c                weight21
 .rodata.weight23
                0x00000000080334ec     0x1680 ./Src/TinyEngine/codegen/Source/genModel.o
                0x00000000080334ec                weight23
 .rodata.weight24
                0x0000000008034b6c     0x2580 ./Src/TinyEngine/codegen/Source/genModel.o
                0x0000000008034b6c                weight24
 .rodata.weight26
                0x00000000080370ec     0x2580 ./Src/TinyEngine/codegen/Source/genModel.o
                0x00000000080370ec                weight26
 .rodata.weight27
                0x000000000803966c     0x2580 ./Src/TinyEngine/codegen/Source/genModel.o
                0x000000000803966c                weight27
 .rodata.weight29
                0x000000000803bbec     0x2d00 ./Src/TinyEngine/codegen/Source/genModel.o
                0x000000000803bbec                weight29
 .rodata.weight3
                0x000000000803e8ec      0x180 ./Src/TinyEngine/codegen/Source/genModel.o
                0x000000000803e8ec                weight3
 .rodata.weight30
                0x000000000803ea6c     0x2400 ./Src/TinyEngine/codegen/Source/genModel.o
                0x000000000803ea6c                weight30
 .rodata.weight32
                0x0000000008040e6c     0x2400 ./Src/TinyEngine/codegen/Source/genModel.o
                0x0000000008040e6c                weight32
 .rodata.weight33
                0x000000000804326c     0x2d00 ./Src/TinyEngine/codegen/Source/genModel.o
                0x000000000804326c                weight33
 .rodata.weight35
                0x0000000008045f6c     0x5a00 ./Src/TinyEngine/codegen/Source/genModel.o
                0x0000000008045f6c                weight35
 .rodata.weight36
                0x000000000804b96c     0xb400 ./Src/TinyEngine/codegen/Source/genModel.o
                0x000000000804b96c                weight36
 .rodata.weight38
                0x0000000008056d6c     0xb400 ./Src/TinyEngine/codegen/Source/genModel.o
                0x0000000008056d6c                weight38
 .rodata.weight39
                0x000000000806216c     0x9000 ./Src/TinyEngine/codegen/Source/genModel.o
                0x000000000806216c                weight39
 .rodata.weight41
                0x000000000806b16c     0x9000 ./Src/TinyEngine/codegen/Source/genModel.o
                0x000000000806b16c                weight41
 .rodata.weight42
                0x000000000807416c     0x6c00 ./Src/TinyEngine/codegen/Source/genModel.o
                0x000000000807416c                weight42
 .rodata.weight44
                0x000000000807ad6c     0xb400 ./Src/TinyEngine/codegen/Source/genModel.o
                0x000000000807ad6c                weight44
 .rodata.weight45
                0x000000000808616c      0x140 ./Src/TinyEngine/codegen/Source/genModel.o
                0x000000000808616c                weight45