stm32746g_discovery_audio.c:1227:13:SAIx_In_Init	56	static
stm32746g_discovery_audio.c:224:9:BSP_AUDIO_OUT_Play	16	static
stm32746g_discovery_audio.c:246:6:BSP_AUDIO_OUT_ChangeBuffer	0	static
stm32746g_discovery_audio.c:259:9:BSP_AUDIO_OUT_Pause	8	static
stm32746g_discovery_audio.c:283:9:BSP_AUDIO_OUT_Resume	8	static
stm32746g_discovery_audio.c:309:9:BSP_AUDIO_OUT_Stop	16	static
stm32746g_discovery_audio.c:337:9:BSP_AUDIO_OUT_SetVolume	8	static
stm32746g_discovery_audio.c:357:9:BSP_AUDIO_OUT_SetMute	8	static
stm32746g_discovery_audio.c:378:9:BSP_AUDIO_OUT_SetOutputMode	8	static
stm32746g_discovery_audio.c:426:6:BSP_AUDIO_OUT_SetAudioFrameSlot	8	static
stm32746g_discovery_audio.c:505:13:BSP_AUDIO_OUT_TransferComplete_CallBack	0	static
stm32746g_discovery_audio.c:455:6:HAL_SAI_TxCpltCallback	8	static
stm32746g_discovery_audio.c:513:13:BSP_AUDIO_OUT_HalfTransfer_CallBack	0	static
stm32746g_discovery_audio.c:467:6:HAL_SAI_TxHalfCpltCallback	8	static
stm32746g_discovery_audio.c:521:13:BSP_AUDIO_OUT_Error_CallBack	0	static
stm32746g_discovery_audio.c:531:13:BSP_AUDIO_OUT_MspInit	72	static
stm32746g_discovery_audio.c:614:13:BSP_AUDIO_OUT_MspDeInit	8	static
stm32746g_discovery_audio.c:443:6:BSP_AUDIO_OUT_DeInit	8	static
stm32746g_discovery_audio.c:659:13:BSP_AUDIO_OUT_ClockConfig	152	static
stm32746g_discovery_audio.c:171:9:BSP_AUDIO_OUT_Init	32	static
stm32746g_discovery_audio.c:399:6:BSP_AUDIO_OUT_SetFrequency	16	static
stm32746g_discovery_audio.c:951:10:BSP_AUDIO_IN_Record	8	static
stm32746g_discovery_audio.c:973:9:BSP_AUDIO_IN_Stop	16	static
stm32746g_discovery_audio.c:999:9:BSP_AUDIO_IN_Pause	8	static
stm32746g_discovery_audio.c:1011:9:BSP_AUDIO_IN_Resume	8	static
stm32746g_discovery_audio.c:1024:9:BSP_AUDIO_IN_SetVolume	8	static
stm32746g_discovery_audio.c:1078:13:BSP_AUDIO_IN_TransferComplete_CallBack	0	static
stm32746g_discovery_audio.c:1056:6:HAL_SAI_RxCpltCallback	8	static
stm32746g_discovery_audio.c:1089:13:BSP_AUDIO_IN_HalfTransfer_CallBack	0	static
stm32746g_discovery_audio.c:1067:6:HAL_SAI_RxHalfCpltCallback	8	static
stm32746g_discovery_audio.c:1100:13:BSP_AUDIO_IN_Error_CallBack	0	static
stm32746g_discovery_audio.c:479:6:HAL_SAI_ErrorCallback	16	static
stm32746g_discovery_audio.c:1112:13:BSP_AUDIO_IN_MspInit	64	static
stm32746g_discovery_audio.c:790:9:BSP_AUDIO_IN_Init	24	static
stm32746g_discovery_audio.c:867:9:BSP_AUDIO_IN_OUT_Init	32	static
stm32746g_discovery_audio.c:1185:13:BSP_AUDIO_IN_MspDeInit	8	static
stm32746g_discovery_audio.c:1044:6:BSP_AUDIO_IN_DeInit	8	static
