Archive member included to satisfy reference by file (symbol)

/Users/raymondwang/Downloads/STM32CubeIDE.app/Contents/Eclipse/plugins/com.st.stm32cube.ide.mcu.externaltools.gnu-tools-for-stm32.7-2018-q2-update.macos64_1.5.0.202011040924/tools/bin/../lib/gcc/arm-none-eabi/7.3.1/../../../../arm-none-eabi/lib/thumb/v7e-m/fpv4-sp/hard/libstdc++.a(del_opv.o)
                              Src/JPEGDecoder.o (operator delete[](void*))
/Users/raymondwang/Downloads/STM32CubeIDE.app/Contents/Eclipse/plugins/com.st.stm32cube.ide.mcu.externaltools.gnu-tools-for-stm32.7-2018-q2-update.macos64_1.5.0.202011040924/tools/bin/../lib/gcc/arm-none-eabi/7.3.1/../../../../arm-none-eabi/lib/thumb/v7e-m/fpv4-sp/hard/libstdc++.a(new_opv.o)
                              Src/JPEGDecoder.o (operator new[](unsigned int))
/Users/raymondwang/Downloads/STM32CubeIDE.app/Contents/Eclipse/plugins/com.st.stm32cube.ide.mcu.externaltools.gnu-tools-for-stm32.7-2018-q2-update.macos64_1.5.0.202011040924/tools/bin/../lib/gcc/arm-none-eabi/7.3.1/../../../../arm-none-eabi/lib/thumb/v7e-m/fpv4-sp/hard/libstdc++.a(del_op.o)
                              /Users/raymondwang/Downloads/STM32CubeIDE.app/Contents/Eclipse/plugins/com.st.stm32cube.ide.mcu.externaltools.gnu-tools-for-stm32.7-2018-q2-update.macos64_1.5.0.202011040924/tools/bin/../lib/gcc/arm-none-eabi/7.3.1/../../../../arm-none-eabi/lib/thumb/v7e-m/fpv4-sp/hard/libstdc++.a(del_opv.o) (operator delete(void*))
/Users/raymondwang/Downloads/STM32CubeIDE.app/Contents/Eclipse/plugins/com.st.stm32cube.ide.mcu.externaltools.gnu-tools-for-stm32.7-2018-q2-update.macos64_1.5.0.202011040924/tools/bin/../lib/gcc/arm-none-eabi/7.3.1/../../../../arm-none-eabi/lib/thumb/v7e-m/fpv4-sp/hard/libstdc++.a(new_op.o)
                              /Users/raymondwang/Downloads/STM32CubeIDE.app/Contents/Eclipse/plugins/com.st.stm32cube.ide.mcu.externaltools.gnu-tools-for-stm32.7-2018-q2-update.macos64_1.5.0.202011040924/tools/bin/../lib/gcc/arm-none-eabi/7.3.1/../../../../arm-none-eabi/lib/thumb/v7e-m/fpv4-sp/hard/libstdc++.a(new_opv.o) (operator new(unsigned int))
/Users/raymondwang/Downloads/STM32CubeIDE.app/Contents/Eclipse/plugins/com.st.stm32cube.ide.mcu.externaltools.gnu-tools-for-stm32.7-2018-q2-update.macos64_1.5.0.202011040924/tools/bin/../lib/gcc/arm-none-eabi/7.3.1/../../../../arm-none-eabi/lib/thumb/v7e-m/fpv4-sp/hard/libstdc++.a(bad_alloc.o)
                              /Users/raymondwang/Downloads/STM32CubeIDE.app/Contents/Eclipse/plugins/com.st.stm32cube.ide.mcu.externaltools.gnu-tools-for-stm32.7-2018-q2-update.macos64_1.5.0.202011040924/tools/bin/../lib/gcc/arm-none-eabi/7.3.1/../../../../arm-none-eabi/lib/thumb/v7e-m/fpv4-sp/hard/libstdc++.a(new_op.o) (std::bad_alloc::~bad_alloc())
/Users/raymondwang/Downloads/STM32CubeIDE.app/Contents/Eclipse/plugins/com.st.stm32cube.ide.mcu.externaltools.gnu-tools-for-stm32.7-2018-q2-update.macos64_1.5.0.202011040924/tools/bin/../lib/gcc/arm-none-eabi/7.3.1/../../../../arm-none-eabi/lib/thumb/v7e-m/fpv4-sp/hard/libstdc++.a(del_ops.o)
                              /Users/raymondwang/Downloads/STM32CubeIDE.app/Contents/Eclipse/plugins/com.st.stm32cube.ide.mcu.externaltools.gnu-tools-for-stm32.7-2018-q2-update.macos64_1.5.0.202011040924/tools/bin/../lib/gcc/arm-none-eabi/7.3.1/../../../../arm-none-eabi/lib/thumb/v7e-m/fpv4-sp/hard/libstdc++.a(bad_alloc.o) (operator delete(void*, unsigned int))
/Users/raymondwang/Downloads/STM32CubeIDE.app/Contents/Eclipse/plugins/com.st.stm32cube.ide.mcu.externaltools.gnu-tools-for-stm32.7-2018-q2-update.macos64_1.5.0.202011040924/tools/bin/../lib/gcc/arm-none-eabi/7.3.1/../../../../arm-none-eabi/lib/thumb/v7e-m/fpv4-sp/hard/libstdc++.a(eh_alloc.o)
                              /Users/raymondwang/Downloads/STM32CubeIDE.app/Contents/Eclipse/plugins/com.st.stm32cube.ide.mcu.externaltools.gnu-tools-for-stm32.7-2018-q2-update.macos64_1.5.0.202011040924/tools/bin/../lib/gcc/arm-none-eabi/7.3.1/../../../../arm-none-eabi/lib/thumb/v7e-m/fpv4-sp/hard/libstdc++.a(new_op.o) (__cxa_allocate_exception)
/Users/raymondwang/Downloads/STM32CubeIDE.app/Contents/Eclipse/plugins/com.st.stm32cube.ide.mcu.externaltools.gnu-tools-for-stm32.7-2018-q2-update.macos64_1.5.0.202011040924/tools/bin/../lib/gcc/arm-none-eabi/7.3.1/../../../../arm-none-eabi/lib/thumb/v7e-m/fpv4-sp/hard/libstdc++.a(eh_exception.o)
                              /Users/raymondwang/Downloads/STM32CubeIDE.app/Contents/Eclipse/plugins/com.st.stm32cube.ide.mcu.externaltools.gnu-tools-for-stm32.7-2018-q2-update.macos64_1.5.0.202011040924/tools/bin/../lib/gcc/arm-none-eabi/7.3.1/../../../../arm-none-eabi/lib/thumb/v7e-m/fpv4-sp/hard/libstdc++.a(bad_alloc.o) (std::exception::~exception())
/Users/raymondwang/Downloads/STM32CubeIDE.app/Contents/Eclipse/plugins/com.st.stm32cube.ide.mcu.externaltools.gnu-tools-for-stm32.7-2018-q2-update.macos64_1.5.0.202011040924/tools/bin/../lib/gcc/arm-none-eabi/7.3.1/../../../../arm-none-eabi/lib/thumb/v7e-m/fpv4-sp/hard/libstdc++.a(eh_terminate.o)
[...]
Memory Configuration

Name             Origin             Length             Attributes
RAM              0x0000000020000000 0x0000000000050000 xrw
FLASH            0x0000000008000000 0x0000000000100000 xr
DTCMRAM          0x0000000000000000 0xffffffffffffffff
*default*        0x0000000000000000 0xffffffffffffffff

Linker script and memory map

LOAD /Users/raymondwang/Downloads/STM32CubeIDE.app/Contents/Eclipse/plugins/com.st.stm32cube.ide.mcu.externaltools.gnu-tools-for-stm32.7-2018-q2-update.macos64_1.5.0.202011040924/tools/bin/../lib/gcc/arm-none-eabi/7.3.1/thumb/v7e-m/fpv4-sp/hard/crti.o
LOAD /Users/raymondwang/Downloads/STM32CubeIDE.app/Contents/Eclipse/plugins/com.st.stm32cube.ide.mcu.externaltools.gnu-tools-for-stm32.7-2018-q2-update.macos64_1.5.0.202011040924/tools/bin/../lib/gcc/arm-none-eabi/7.3.1/thumb/v7e-m/fpv4-sp/hard/crtbegin.o
LOAD /Users/raymondwang/Downloads/STM32CubeIDE.app/Contents/Eclipse/plugins/com.st.stm32cube.ide.mcu.externaltools.gnu-tools-for-stm32.7-2018-q2-update.macos64_1.5.0.202011040924/tools/bin/../lib/gcc/arm-none-eabi/7.3.1/../../../../arm-none-eabi/lib/thumb/v7e-m/fpv4-sp/hard/crt0.o
LOAD Drivers/BSP/Components/exc7200/exc7200.o
LOAD Drivers/BSP/Components/ft5336/ft5336.o
LOAD Drivers/BSP/Components/mfxstm32l152/mfxstm32l152.o
LOAD Drivers/BSP/Components/ov9655/ov9655.o
LOAD Drivers/BSP/Components/s5k5cag/s5k5cag.o
LOAD Drivers/BSP/Components/stmpe811/stmpe811.o
LOAD Drivers/BSP/Components/ts3510/ts3510.o
LOAD Drivers/BSP/Components/wm8994/wm8994.o
LOAD Drivers/BSP/STM32746G-Discovery/stm32746g_discovery.o
LOAD Drivers/BSP/STM32746G-Discovery/stm32746g_discovery_audio.o
LOAD Drivers/BSP/STM32746G-Discovery/stm32746g_discovery_eeprom.o
LOAD Drivers/BSP/STM32746G-Discovery/stm32746g_discovery_lcd.o
LOAD Drivers/BSP/STM32746G-Discovery/stm32746g_discovery_qspi.o
LOAD Drivers/BSP/STM32746G-Discovery/stm32746g_discovery_sd.o
LOAD Drivers/BSP/STM32746G-Discovery/stm32746g_discovery_sdram.o
LOAD Drivers/BSP/STM32746G-Discovery/stm32746g_discovery_ts.o
LOAD Drivers/STM32F7xx_HAL_Driver/Src/stm32f7xx_hal.o
LOAD Drivers/STM32F7xx_HAL_Driver/Src/stm32f7xx_hal_adc.o
LOAD Drivers/STM32F7xx_HAL_Driver/Src/stm32f7xx_hal_adc_ex.o
LOAD Drivers/STM32F7xx_HAL_Driver/Src/stm32f7xx_hal_cortex.o
LOAD Drivers/STM32F7xx_HAL_Driver/Src/stm32f7xx_hal_dcmi.o
LOAD Drivers/STM32F7xx_HAL_Driver/Src/stm32f7xx_hal_dcmi_ex.o
LOAD Drivers/STM32F7xx_HAL_Driver/Src/stm32f7xx_hal_dma.o
LOAD Drivers/STM32F7xx_HAL_Driver/Src/stm32f7xx_hal_dma2d.o
LOAD Drivers/STM32F7xx_HAL_Driver/Src/stm32f7xx_hal_dma_ex.o
LOAD Drivers/STM32F7xx_HAL_Driver/Src/stm32f7xx_hal_dsi.o
LOAD Drivers/STM32F7xx_HAL_Driver/Src/stm32f7xx_hal_flash.o
LOAD Drivers/STM32F7xx_HAL_Driver/Src/stm32f7xx_hal_flash_ex.o
LOAD Drivers/STM32F7xx_HAL_Driver/Src/stm32f7xx_hal_gpio.o
LOAD Drivers/STM32F7xx_HAL_Driver/Src/stm32f7xx_hal_i2c.o
LOAD Drivers/STM32F7xx_HAL_Driver/Src/stm32f7xx_hal_i2c_ex.o
LOAD Drivers/STM32F7xx_HAL_Driver/Src/stm32f7xx_hal_ltdc.o
LOAD Drivers/STM32F7xx_HAL_Driver/Src/stm32f7xx_hal_ltdc_ex.o
LOAD Drivers/STM32F7xx_HAL_Driver/Src/stm32f7xx_hal_pwr.o
LOAD Drivers/STM32F7xx_HAL_Driver/Src/stm32f7xx_hal_pwr_ex.o
LOAD Drivers/STM32F7xx_HAL_Driver/Src/stm32f7xx_hal_qspi.o
LOAD Drivers/STM32F7xx_HAL_Driver/Src/stm32f7xx_hal_rcc.o
LOAD Drivers/STM32F7xx_HAL_Driver/Src/stm32f7xx_hal_rcc_ex.o
LOAD Drivers/STM32F7xx_HAL_Driver/Src/stm32f7xx_hal_rtc.o
LOAD Drivers/STM32F7xx_HAL_Driver/Src/stm32f7xx_hal_rtc_ex.o
LOAD Drivers/STM32F7xx_HAL_Driver/Src/stm32f7xx_hal_sai.o
LOAD Drivers/STM32F7xx_HAL_Driver/Src/stm32f7xx_hal_sai_ex.o
LOAD Drivers/STM32F7xx_HAL_Driver/Src/stm32f7xx_hal_sd.o
LOAD Drivers/STM32F7xx_HAL_Driver/Src/stm32f7xx_hal_sdram.o
LOAD Drivers/STM32F7xx_HAL_Driver/Src/stm32f7xx_hal_spi.o
LOAD Drivers/STM32F7xx_HAL_Driver/Src/stm32f7xx_hal_tim.o
LOAD Drivers/STM32F7xx_HAL_Driver/Src/stm32f7xx_hal_tim_ex.o
LOAD Drivers/STM32F7xx_HAL_Driver/Src/stm32f7xx_hal_uart.o
LOAD Drivers/STM32F7xx_HAL_Driver/Src/stm32f7xx_ll_fmc.o
LOAD Drivers/STM32F7xx_HAL_Driver/Src/stm32f7xx_ll_sdmmc.o
LOAD Src/JPEGDecoder.o
LOAD Src/camera.o
LOAD Src/camera_i2c.o
LOAD Src/camera_spi.o
LOAD Src/lcd.o
LOAD Src/main.o
LOAD Src/picojpeg.o
LOAD Src/startup_stm32f746xx.o
LOAD Src/stm32f7xx_hal_msp.o
LOAD Src/stm32f7xx_it.o
LOAD Src/system_stm32f7xx.o
LOAD Src/TinyEngine/codegen/Source/depthwise_kernel3x3_stride1_inplace_CHW_fpreq.o
LOAD Src/TinyEngine/codegen/Source/depthwise_kernel3x3_stride1_inplace_CHW_fpreq_bitmask.o
LOAD Src/TinyEngine/codegen/Source/depthwise_kernel3x3_stride1_inplace_CHW_fpreq_mask.o
LOAD Src/TinyEngine/codegen/Source/depthwise_kernel3x3_stride2_inplace_CHW_fpreq.o
LOAD Src/TinyEngine/codegen/Source/depthwise_kernel3x3_stride2_inplace_CHW_fpreq_bitmask.o
LOAD Src/TinyEngine/codegen/Source/depthwise_kernel3x3_stride2_inplace_CHW_fpreq_mask.o
LOAD Src/TinyEngine/codegen/Source/depthwise_kernel5x5_stride1_inplace_CHW_fpreq.o
LOAD Src/TinyEngine/codegen/Source/depthwise_kernel5x5_stride1_inplace_CHW_fpreq_bitmask.o
LOAD Src/TinyEngine/codegen/Source/depthwise_kernel5x5_stride1_inplace_CHW_fpreq_mask.o
LOAD Src/TinyEngine/codegen/Source/depthwise_kernel7x7_stride1_inplace_CHW_fpreq.o
LOAD Src/TinyEngine/codegen/Source/depthwise_kernel7x7_stride1_inplace_CHW_fpreq_bitmask.o
LOAD Src/TinyEngine/codegen/Source/depthwise_kernel7x7_stride1_inplace_CHW_fpreq_mask.o
LOAD Src/TinyEngine/codegen/Source/depthwise_kernel7x7_stride2_inplace_CHW_fpreq.o
LOAD Src/TinyEngine/codegen/Source/depthwise_kernel7x7_stride2_inplace_CHW_fpreq_bitmask.o
LOAD Src/TinyEngine/codegen/Source/depthwise_kernel7x7_stride2_inplace_CHW_fpreq_mask.o
LOAD Src/TinyEngine/codegen/Source/genModel.o
LOAD Src/TinyEngine/src/kernels/fp_backward_op/add_fp.o
LOAD Src/TinyEngine/src/kernels/fp_backward_op/div_fp.o
LOAD Src/TinyEngine/src/kernels/fp_backward_op/group_conv_fp_kernel4_stride1_pad0.o
LOAD Src/TinyEngine/src/kernels/fp_backward_op/group_conv_fp_kernel8_stride1_pad0.o
LOAD Src/TinyEngine/src/kernels/fp_backward_op/group_pointwise_conv_fp.o
LOAD Src/TinyEngine/src/kernels/fp_backward_op/less_fp.o
LOAD Src/TinyEngine/src/kernels/fp_backward_op/log_softmax_fp.o
LOAD Src/TinyEngine/src/kernels/fp_backward_op/mul_fp.o
LOAD Src/TinyEngine/src/kernels/fp_backward_op/negative_fp.o
LOAD Src/TinyEngine/src/kernels/fp_backward_op/nll_loss_fp.o
LOAD Src/TinyEngine/src/kernels/fp_backward_op/pointwise_conv_fp.o
LOAD Src/TinyEngine/src/kernels/fp_backward_op/strided_slice_3Dto3D_fp.o
LOAD Src/TinyEngine/src/kernels/fp_backward_op/strided_slice_4Dto4D_fp.o
LOAD Src/TinyEngine/src/kernels/fp_backward_op/sub_fp.o
LOAD Src/TinyEngine/src/kernels/fp_backward_op/sum_2D_fp.o
LOAD Src/TinyEngine/src/kernels/fp_backward_op/sum_3D_fp.o
LOAD Src/TinyEngine/src/kernels/fp_backward_op/sum_4D_exclude_fp.o
LOAD Src/TinyEngine/src/kernels/fp_backward_op/transpose_depthwise_conv_fp_kernel3_stride1_inpad1_outpad0.o
LOAD Src/TinyEngine/src/kernels/fp_backward_op/transpose_depthwise_conv_fp_kernel3_stride2_inpad1_outpad1.o
LOAD Src/TinyEngine/src/kernels/fp_backward_op/transpose_depthwise_conv_fp_kernel5_stride1_inpad2_outpad0.o
LOAD Src/TinyEngine/src/kernels/fp_backward_op/transpose_depthwise_conv_fp_kernel5_stride2_inpad2_outpad1.o
LOAD Src/TinyEngine/src/kernels/fp_backward_op/transpose_depthwise_conv_fp_kernel7_stride1_inpad3_outpad0.o
LOAD Src/TinyEngine/src/kernels/fp_backward_op/transpose_depthwise_conv_fp_kernel7_stride2_inpad3_outpad1.o
LOAD Src/TinyEngine/src/kernels/fp_backward_op/tte_exp_fp.o
LOAD Src/TinyEngine/src/kernels/fp_backward_op/where_fp.o
LOAD Src/TinyEngine/src/kernels/fp_requantize_op/add_fpreq.o
LOAD Src/TinyEngine/src/kernels/fp_requantize_op/convolve_1x1_s8_ch16_fpreq.o
LOAD Src/TinyEngine/src/kernels/fp_requantize_op/convolve_1x1_s8_ch24_fpreq.o
LOAD Src/TinyEngine/src/kernels/fp_requantize_op/convolve_1x1_s8_ch48_fpreq.o
LOAD Src/TinyEngine/src/kernels/fp_requantize_op/convolve_1x1_s8_ch8_fpreq.o
LOAD Src/TinyEngine/src/kernels/fp_requantize_op/convolve_1x1_s8_fpreq.o
LOAD Src/TinyEngine/src/kernels/fp_requantize_op/convolve_1x1_s8_fpreq_mask.o
LOAD Src/TinyEngine/src/kernels/fp_requantize_op/convolve_1x1_s8_fpreq_mask_partialCH.o
LOAD Src/TinyEngine/src/kernels/fp_requantize_op/convolve_s8_kernel3_inputch3_stride2_pad1_fpreq.o
LOAD Src/TinyEngine/src/kernels/fp_requantize_op/mat_mul_kernels_fpreq.o
LOAD Src/TinyEngine/src/kernels/int_forward_op/add.o
LOAD Src/TinyEngine/src/kernels/int_forward_op/arm_convolve_s8_4col.o
LOAD Src/TinyEngine/src/kernels/int_forward_op/arm_nn_mat_mult_kernel3_input3_s8_s16.o
LOAD Src/TinyEngine/src/kernels/int_forward_op/arm_nn_mat_mult_kernel_s8_s16_reordered_8mul.o
LOAD Src/TinyEngine/src/kernels/int_forward_op/arm_nn_mat_mult_kernel_s8_s16_reordered_oddch.o
LOAD Src/TinyEngine/src/kernels/int_forward_op/avgpooling.o
LOAD Src/TinyEngine/src/kernels/int_forward_op/concat_ch.o
LOAD Src/TinyEngine/src/kernels/int_forward_op/convolve_1x1_s8.o
LOAD Src/TinyEngine/src/kernels/int_forward_op/convolve_1x1_s8_SRAM.o
LOAD Src/TinyEngine/src/kernels/int_forward_op/convolve_1x1_s8_ch16.o
LOAD Src/TinyEngine/src/kernels/int_forward_op/convolve_1x1_s8_ch24.o
LOAD Src/TinyEngine/src/kernels/int_forward_op/convolve_1x1_s8_ch48.o
LOAD Src/TinyEngine/src/kernels/int_forward_op/convolve_1x1_s8_ch8.o
LOAD Src/TinyEngine/src/kernels/int_forward_op/convolve_1x1_s8_kbuf.o
LOAD Src/TinyEngine/src/kernels/int_forward_op/convolve_1x1_s8_oddch.o
LOAD Src/TinyEngine/src/kernels/int_forward_op/convolve_1x1_s8_skip_pad.o
LOAD Src/TinyEngine/src/kernels/int_forward_op/convolve_s8_kernel2x3_inputch3_stride2_pad1.o
LOAD Src/TinyEngine/src/kernels/int_forward_op/convolve_s8_kernel3_inputch3_stride2_pad1.o
LOAD Src/TinyEngine/src/kernels/int_forward_op/convolve_s8_kernel3_stride1_pad1.o
LOAD Src/TinyEngine/src/kernels/int_forward_op/convolve_s8_kernel3x2_inputch3_stride2_pad1.o
LOAD Src/TinyEngine/src/kernels/int_forward_op/convolve_u8_kernel3_inputch3_stride1_pad1.o
LOAD Src/TinyEngine/src/kernels/int_forward_op/convolve_u8_kernel3_inputch3_stride2_pad1.o
LOAD Src/TinyEngine/src/kernels/int_forward_op/element_mult.o
LOAD Src/TinyEngine/src/kernels/int_forward_op/fully_connected.o
LOAD Src/TinyEngine/src/kernels/int_forward_op/mat_mul_fp.o
LOAD Src/TinyEngine/src/kernels/int_forward_op/mat_mult_kernels.o
LOAD Src/TinyEngine/src/kernels/int_forward_op/maxpooling.o
LOAD Src/TinyEngine/src/kernels/int_forward_op/patchpadding_convolve_s8_kernel3_inputch3_stride2.o
LOAD Src/TinyEngine/src/kernels/int_forward_op/patchpadding_depthwise_kernel3x3_stride1_inplace_CHW.o
LOAD Src/TinyEngine/src/kernels/int_forward_op/patchpadding_depthwise_kernel3x3_stride2_inplace_CHW.o
LOAD Src/TinyEngine/src/kernels/int_forward_op/patchpadding_kbuf_convolve_s8_kernel3_inputch3_stride2.o
LOAD Src/TinyEngine/src/kernels/int_forward_op/stable_softmax.o
LOAD Src/TinyEngine/src/kernels/int_forward_op/upsample_byte.o
LOAD Src/sys/_io.o
LOAD Src/sys/stubs.o
LOAD Utilities/Fonts/font12.o
LOAD Utilities/Fonts/font16.o
LOAD Utilities/Fonts/font20.o
LOAD Utilities/Fonts/font24.o
LOAD Utilities/Fonts/font8.o
START GROUP
LOAD /Users/raymondwang/Downloads/STM32CubeIDE.app/Contents/Eclipse/plugins/com.st.stm32cube.ide.mcu.externaltools.gnu-tools-for-stm32.7-2018-q2-update.macos64_1.5.0.202011040924/tools/bin/../lib/gcc/arm-none-eabi/7.3.1/../../../../arm-none-eabi/lib/thumb/v7e-m/fpv4-sp/hard/libstdc++.a
LOAD /Users/raymondwang/Downloads/STM32CubeIDE.app/Contents/Eclipse/plugins/com.st.stm32cube.ide.mcu.externaltools.gnu-tools-for-stm32.7-2018-q2-update.macos64_1.5.0.202011040924/tools/bin/../lib/gcc/arm-none-eabi/7.3.1/../../../../arm-none-eabi/lib/thumb/v7e-m/fpv4-sp/hard/libsupc++.a
END GROUP
LOAD /Users/raymondwang/Downloads/STM32CubeIDE.app/Contents/Eclipse/plugins/com.st.stm32cube.ide.mcu.externaltools.gnu-tools-for-stm32.7-2018-q2-update.macos64_1.5.0.202011040924/tools/bin/../lib/gcc/arm-none-eabi/7.3.1/../../../../arm-none-eabi/lib/thumb/v7e-m/fpv4-sp/hard/libstdc++.a
LOAD /Users/raymondwang/Downloads/STM32CubeIDE.app/Contents/Eclipse/plugins/com.st.stm32cube.ide.mcu.externaltools.gnu-tools-for-stm32.7-2018-q2-update.macos64_1.5.0.202011040924/tools/bin/../lib/gcc/arm-none-eabi/7.3.1/../../../../arm-none-eabi/lib/thumb/v7e-m/fpv4-sp/hard/libm.a
LOAD /Users/raymondwang/Downloads/STM32CubeIDE.app/Contents/Eclipse/plugins/com.st.stm32cube.ide.mcu.externaltools.gnu-tools-for-stm32.7-2018-q2-update.macos64_1.5.0.202011040924/tools/bin/../lib/gcc/arm-none-eabi/7.3.1/../../../../arm-none-eabi/lib/thumb/v7e-m/fpv4-sp/hard/libc.a
START GROUP
LOAD /Users/raymondwang/Downloads/STM32CubeIDE.app/Contents/Eclipse/plugins/com.st.stm32cube.ide.mcu.externaltools.gnu-tools-for-stm32.7-2018-q2-update.macos64_1.5.0.202011040924/tools/bin/../lib/gcc/arm-none-eabi/7.3.1/thumb/v7e-m/fpv4-sp/hard/libgcc.a
LOAD /Users/raymondwang/Downloads/STM32CubeIDE.app/Contents/Eclipse/plugins/com.st.stm32cube.ide.mcu.externaltools.gnu-tools-for-stm32.7-2018-q2-update.macos64_1.5.0.202011040924/tools/bin/../lib/gcc/arm-none-eabi/7.3.1/../../../../arm-none-eabi/lib/thumb/v7e-m/fpv4-sp/hard/libc.a
END GROUP
START GROUP
LOAD /Users/raymondwang/Downloads/STM32CubeIDE.app/Contents/Eclipse/plugins/com.st.stm32cube.ide.mcu.externaltools.gnu-tools-for-stm32.7-2018-q2-update.macos64_1.5.0.202011040924/tools/bin/../lib/gcc/arm-none-eabi/7.3.1/thumb/v7e-m/fpv4-sp/hard/libgcc.a
LOAD /Users/raymondwang/Downloads/STM32CubeIDE.app/Contents/Eclipse/plugins/com.st.stm32cube.ide.mcu.externaltools.gnu-tools-for-stm32.7-2018-q2-update.macos64_1.5.0.202011040924/tools/bin/../lib/gcc/arm-none-eabi/7.3.1/../../../../arm-none-eabi/lib/thumb/v7e-m/fpv4-sp/hard/libc.a
LOAD /Users/raymondwang/Downloads/STM32CubeIDE.app/Contents/Eclipse/plugins/com.st.stm32cube.ide.mcu.externaltools.gnu-tools-for-stm32.7-2018-q2-update.macos64_1.5.0.202011040924/tools/bin/../lib/gcc/arm-none-eabi/7.3.1/../../../../arm-none-eabi/lib/thumb/v7e-m/fpv4-sp/hard/libnosys.a
END GROUP
LOAD /Users/raymondwang/Downloads/STM32CubeIDE.app/Contents/Eclipse/plugins/com.st.stm32cube.ide.mcu.externaltools.gnu-tools-for-stm32.7-2018-q2-update.macos64_1.5.0.202011040924/tools/bin/../lib/gcc/arm-none-eabi/7.3.1/thumb/v7e-m/fpv4-sp/hard/crtend.o
LOAD /Users/raymondwang/Downloads/STM32CubeIDE.app/Contents/Eclipse/plugins/com.st.stm32cube.ide.mcu.externaltools.gnu-tools-for-stm32.7-2018-q2-update.macos64_1.5.0.202011040924/tools/bin/../lib/gcc/arm-none-eabi/7.3.1/thumb/v7e-m/fpv4-sp/hard/crtn.o
                0x000000002004ffff                _estack = 0x2004ffff
                0x0000000000000600                _Min_Heap_Size = 0x600
                0x0000000000000400                _Min_Stack_Size = 0x400

.isr_vector     0x0000000008000000      0x1c8
                0x0000000008000000                . = ALIGN (0x4)
 *(.isr_vector)
 .isr_vector    0x0000000008000000      0x1c8 Src/startup_stm32f746xx.o
                0x0000000008000000                g_pfnVectors
                0x00000000080001c8                . = ALIGN (0x4)

.text           0x00000000080001d0    0x2c340
                0x00000000080001d0                . = ALIGN (0x4)
 *(.text)
 .text          0x00000000080001d0       0x40 /Users/raymondwang/Downloads/STM32CubeIDE.app/Contents/Eclipse/plugins/com.st.stm32cube.ide.mcu.externaltools.gnu-tools-for-stm32.7-2018-q2-update.macos64_1.5.0.202011040924/tools/bin/../lib/gcc/arm-none-eabi/7.3.1/thumb/v7e-m/fpv4-sp/hard/crtbegin.o
 .text          0x0000000008000210     0x6adc /Users/raymondwang/Downloads/STM32CubeIDE.app/Contents/Eclipse/plugins/com.st.stm32cube.ide.mcu.externaltools.gnu-tools-for-stm32.7-2018-q2-update.macos64_1.5.0.202011040924/tools/bin/../lib/gcc/arm-none-eabi/7.3.1/../../../../arm-none-eabi/lib/thumb/v7e-m/fpv4-sp/hard/libstdc++.a(cp-demangle.o)
                0x0000000008006c00                __cxa_demangle
                0x0000000008006cc8                __gcclibcxx_demangle_callback
 *fill*         0x0000000008006cec        0x4 
 .text          0x0000000008006cf0       0xa0 /Users/raymondwang/Downloads/STM32CubeIDE.app/Contents/Eclipse/plugins/com.st.stm32cube.ide.mcu.externaltools.gnu-tools-for-stm32.7-2018-q2-update.macos64_1.5.0.202011040924/tools/bin/../lib/gcc/arm-none-eabi/7.3.1/../../../../arm-none-eabi/lib/thumb/v7e-m/fpv4-sp/hard/libc.a(lib_a-memchr.o)
                0x0000000008006cf0                memchr
 .text          0x0000000008006d90       0x14 /Users/raymondwang/Downloads/STM32CubeIDE.app/Contents/Eclipse/plugins/com.st.stm32cube.ide.mcu.externaltools.gnu-tools-for-stm32.7-2018-q2-update.macos64_1.5.0.202011040924/tools/bin/../lib/gcc/arm-none-eabi/7.3.1/../../../../arm-none-eabi/lib/thumb/v7e-m/fpv4-sp/hard/libc.a(lib_a-strcmp.o)
                0x0000000008006d90                strcmp
 .text          0x0000000008006da4       0x10 /Users/raymondwang/Downloads/STM32CubeIDE.app/Contents/Eclipse/plugins/com.st.stm32cube.ide.mcu.externaltools.gnu-tools-for-stm32.7-2018-q2-update.macos64_1.5.0.202011040924/tools/bin/../lib/gcc/arm-none-eabi/7.3.1/../../../../arm-none-eabi/lib/thumb/v7e-m/fpv4-sp/hard/libc.a(lib_a-strlen.o)
                0x0000000008006da4                strlen
 .text          0x0000000008006db4      0x378 /Users/raymondwang/Downloads/STM32CubeIDE.app/Contents/Eclipse/plugins/com.st.stm32cube.ide.mcu.externaltools.gnu-tools-for-stm32.7-2018-q2-update.macos64_1.5.0.202011040924/tools/bin/../lib/gcc/arm-none-eabi/7.3.1/thumb/v7e-m/fpv4-sp/hard/libgcc.a(_arm_addsubdf3.o)
                0x0000000008006db4                __aeabi_drsub
                0x0000000008006dbc                __subdf3
                0x0000000008006dbc                __aeabi_dsub
                0x0000000008006dc0                __aeabi_dadd
                0x0000000008006dc0                __adddf3
                0x0000000008007038                __aeabi_ui2d
                0x0000000008007038                __floatunsidf
                0x0000000008007058                __floatsidf
                0x0000000008007058                __aeabi_i2d
                0x000000000800707c                __extendsfdf2
                0x000000000800707c                __aeabi_f2d
                0x00000000080070c0                __aeabi_ul2d
                0x00000000080070c0                __floatundidf
                0x00000000080070d0                __aeabi_l2d
                0x00000000080070d0                __floatdidf
 .text          0x000000000800712c      0x424 /Users/raymondwang/Downloads/STM32CubeIDE.app/Contents/Eclipse/plugins/com.st.stm32cube.ide.mcu.externaltools.gnu-tools-for-stm32.7-2018-q2-update.macos64_1.5.0.202011040924/tools/bin/../lib/gcc/arm-none-eabi/7.3.1/thumb/v7e-m/fpv4-sp/hard/libgcc.a(_arm_muldivdf3.o)
                0x000000000800712c                __aeabi_dmul
                0x000000000800712c                __muldf3
                0x0000000008007380                __aeabi_ddiv
                0x0000000008007380                __divdf3
 .text          0x0000000008007550      0x110 /Users/raymondwang/Downloads/STM32CubeIDE.app/Contents/Eclipse/plugins/com.st.stm32cube.ide.mcu.externaltools.gnu-tools-for-stm32.7-2018-q2-update.macos64_1.5.0.202011040924/tools/bin/../lib/gcc/arm-none-eabi/7.3.1/thumb/v7e-m/fpv4-sp/hard/libgcc.a(_arm_cmpdf2.o)
                0x0000000008007550                __gedf2
                0x0000000008007550                __gtdf2
                0x0000000008007558                __ledf2
                0x0000000008007558                __ltdf2
                0x0000000008007560                __cmpdf2
                0x0000000008007560                __eqdf2
                0x0000000008007560                __nedf2
                0x00000000080075dc                __aeabi_cdrcmple
                0x00000000080075ec                __aeabi_cdcmple
                0x00000000080075ec                __aeabi_cdcmpeq
                0x00000000080075fc                __aeabi_dcmpeq
                0x0000000008007610                __aeabi_dcmplt
                0x0000000008007624                __aeabi_dcmple
                0x0000000008007638                __aeabi_dcmpge
                0x000000000800764c                __aeabi_dcmpgt
 .text          0x0000000008007660       0x2c /Users/raymondwang/Downloads/STM32CubeIDE.app/Contents/Eclipse/plugins/com.st.stm32cube.ide.mcu.externaltools.gnu-tools-for-stm32.7-2018-q2-update.macos64_1.5.0.202011040924/tools/bin/../lib/gcc/arm-none-eabi/7.3.1/thumb/v7e-m/fpv4-sp/hard/libgcc.a(_arm_unorddf2.o)
                0x0000000008007660                __aeabi_dcmpun
                0x0000000008007660                __unorddf2
 .text          0x000000000800768c       0x50 /Users/raymondwang/Downloads/STM32CubeIDE.app/Contents/Eclipse/plugins/com.st.stm32cube.ide.mcu.externaltools.gnu-tools-for-stm32.7-2018-q2-update.macos64_1.5.0.202011040924/tools/bin/../lib/gcc/arm-none-eabi/7.3.1/thumb/v7e-m/fpv4-sp/hard/libgcc.a(_arm_fixdfsi.o)
                0x000000000800768c                __fixdfsi
                0x000000000800768c                __aeabi_d2iz
 .text          0x00000000080076dc       0xa0 /Users/raymondwang/Downloads/STM32CubeIDE.app/Contents/Eclipse/plugins/com.st.stm32cube.ide.mcu.externaltools.gnu-tools-for-stm32.7-2018-q2-update.macos64_1.5.0.202011040924/tools/bin/../lib/gcc/arm-none-eabi/7.3.1/thumb/v7e-m/fpv4-sp/hard/libgcc.a(_arm_truncdfsf2.o)
                0x00000000080076dc                __aeabi_d2f
                0x00000000080076dc                __truncdfsf2
 .text          0x000000000800777c       0x30 /Users/raymondwang/Downloads/STM32CubeIDE.app/Contents/Eclipse/plugins/com.st.stm32cube.ide.mcu.externaltools.gnu-tools-for-stm32.7-2018-q2-update.macos64_1.5.0.202011040924/tools/bin/../lib/gcc/arm-none-eabi/7.3.1/thumb/v7e-m/fpv4-sp/hard/libgcc.a(_aeabi_uldivmod.o)
                0x000000000800777c                __aeabi_uldivmod
 .text          0x00000000080077ac      0x2cc /Users/raymondwang/Downloads/STM32CubeIDE.app/Contents/Eclipse/plugins/com.st.stm32cube.ide.mcu.externaltools.gnu-tools-for-stm32.7-2018-q2-update.macos64_1.5.0.202011040924/tools/bin/../lib/gcc/arm-none-eabi/7.3.1/thumb/v7e-m/fpv4-sp/hard/libgcc.a(_udivmoddi4.o)
                0x00000000080077ac                __udivmoddi4
 .text          0x0000000008007a78      0x9ec /Users/raymondwang/Downloads/STM32CubeIDE.app/Contents/Eclipse/plugins/com.st.stm32cube.ide.mcu.externaltools.gnu-tools-for-stm32.7-2018-q2-update.macos64_1.5.0.202011040924/tools/bin/../lib/gcc/arm-none-eabi/7.3.1/thumb/v7e-m/fpv4-sp/hard/libgcc.a(unwind-arm.o)
                0x0000000008007d2c                _Unwind_GetCFA
                0x0000000008007d30                __gnu_Unwind_RaiseException
                0x0000000008007d90                __gnu_Unwind_ForcedUnwind
                0x0000000008007da4                __gnu_Unwind_Resume
                0x0000000008007de8                __gnu_Unwind_Resume_or_Rethrow
                0x0000000008007df8                _Unwind_Complete
                0x0000000008007dfc                _Unwind_DeleteException
                0x0000000008007e08                _Unwind_VRS_Get
                0x0000000008007e4c                _Unwind_VRS_Set
                0x0000000008007e94                __gnu_Unwind_Backtrace
                0x00000000080081d8                __aeabi_unwind_cpp_pr0
                0x00000000080081dc                __aeabi_unwind_cpp_pr1
                0x00000000080081e0                __aeabi_unwind_cpp_pr2
                0x00000000080081e4                _Unwind_VRS_Pop
 .text          0x0000000008008464      0x1ac /Users/raymondwang/Downloads/STM32CubeIDE.app/Contents/Eclipse/plugins/com.st.stm32cube.ide.mcu.externaltools.gnu-tools-for-stm32.7-2018-q2-update.macos64_1.5.0.202011040924/tools/bin/../lib/gcc/arm-none-eabi/7.3.1/thumb/v7e-m/fpv4-sp/hard/libgcc.a(libunwind.o)
                0x0000000008008464                __restore_core_regs
                0x0000000008008464                restore_core_regs
                0x000000000800847c                __gnu_Unwind_Restore_VFP
                0x0000000008008484                __gnu_Unwind_Save_VFP
                0x000000000800848c                __gnu_Unwind_Restore_VFP_D
                0x0000000008008494                __gnu_Unwind_Save_VFP_D
                0x000000000800849c                __gnu_Unwind_Restore_VFP_D_16_to_31
                0x00000000080084a4                __gnu_Unwind_Save_VFP_D_16_to_31
                0x00000000080084ac                __gnu_Unwind_Restore_WMMXD
                0x00000000080084f0                __gnu_Unwind_Save_WMMXD
                0x0000000008008534                __gnu_Unwind_Restore_WMMXC
                0x0000000008008548                __gnu_Unwind_Save_WMMXC
                0x000000000800855c                _Unwind_RaiseException
                0x000000000800855c                ___Unwind_RaiseException
                0x0000000008008580                ___Unwind_Resume
                0x0000000008008580                _Unwind_Resume
                0x00000000080085a4                ___Unwind_Resume_or_Rethrow
                0x00000000080085a4                _Unwind_Resume_or_Rethrow
                0x00000000080085c8                _Unwind_ForcedUnwind
                0x00000000080085c8                ___Unwind_ForcedUnwind
                0x00000000080085ec                _Unwind_Backtrace
                0x00000000080085ec                ___Unwind_Backtrace
 .text          0x0000000008008610      0x374 /Users/raymondwang/Downloads/STM32CubeIDE.app/Contents/Eclipse/plugins/com.st.stm32cube.ide.mcu.externaltools.gnu-tools-for-stm32.7-2018-q2-update.macos64_1.5.0.202011040924/tools/bin/../lib/gcc/arm-none-eabi/7.3.1/thumb/v7e-m/fpv4-sp/hard/libgcc.a(pr-support.o)
                0x0000000008008668                __gnu_unwind_execute
                0x000000000800892c                __gnu_unwind_frame
                0x0000000008008954                _Unwind_GetRegionStart
                0x0000000008008960                _Unwind_GetLanguageSpecificData
                0x0000000008008974                _Unwind_GetDataRelBase
                0x000000000800897c                _Unwind_GetTextRelBase
 .text          0x0000000008008984        0x4 /Users/raymondwang/Downloads/STM32CubeIDE.app/Contents/Eclipse/plugins/com.st.stm32cube.ide.mcu.externaltools.gnu-tools-for-stm32.7-2018-q2-update.macos64_1.5.0.202011040924/tools/bin/../lib/gcc/arm-none-eabi/7.3.1/thumb/v7e-m/fpv4-sp/hard/libgcc.a(_dvmd_tls.o)
                0x0000000008008984                __aeabi_ldiv0
                0x0000000008008984                __aeabi_idiv0
 *(.text*)
 .text.BSP_PB_Init
                0x0000000008008988       0xb0 Drivers/BSP/STM32746G-Discovery/stm32746g_discovery.o
                0x0000000008008988                BSP_PB_Init
 .text.BSP_PB_GetState
                0x0000000008008a38       0x1c Drivers/BSP/STM32746G-Discovery/stm32746g_discovery.o
                0x0000000008008a38                BSP_PB_GetState
 .text.BSP_LCD_GetXSize
                0x0000000008008a54       0x18 Drivers/BSP/STM32746G-Discovery/stm32746g_discovery_lcd.o
                0x0000000008008a54                BSP_LCD_GetXSize
 .text.BSP_LCD_GetYSize
                0x0000000008008a6c       0x18 Drivers/BSP/STM32746G-Discovery/stm32746g_discovery_lcd.o
                0x0000000008008a6c                BSP_LCD_GetYSize
 .text.BSP_LCD_LayerRgb565Init
                0x0000000008008a84       0x80 Drivers/BSP/STM32746G-Discovery/stm32746g_discovery_lcd.o
                0x0000000008008a84                BSP_LCD_LayerRgb565Init
 .text.BSP_LCD_SelectLayer
                0x0000000008008b04        0xc Drivers/BSP/STM32746G-Discovery/stm32746g_discovery_lcd.o
                0x0000000008008b04                BSP_LCD_SelectLayer
 .text.BSP_LCD_SetTransparency
                0x0000000008008b10        0xc Drivers/BSP/STM32746G-Discovery/stm32746g_discovery_lcd.o
                0x0000000008008b10                BSP_LCD_SetTransparency
 .text.BSP_LCD_SetTextColor
                0x0000000008008b1c       0x18 Drivers/BSP/STM32746G-Discovery/stm32746g_discovery_lcd.o
                0x0000000008008b1c                BSP_LCD_SetTextColor
 .text.BSP_LCD_Clear
                0x0000000008008b34       0x80 Drivers/BSP/STM32746G-Discovery/stm32746g_discovery_lcd.o
                0x0000000008008b34                BSP_LCD_Clear
 .text.BSP_LCD_DisplayChar
                0x0000000008008bb4      0x100 Drivers/BSP/STM32746G-Discovery/stm32746g_discovery_lcd.o
                0x0000000008008bb4                BSP_LCD_DisplayChar
 .text.BSP_LCD_DisplayStringAt
                0x0000000008008cb4       0xb8 Drivers/BSP/STM32746G-Discovery/stm32746g_discovery_lcd.o
                0x0000000008008cb4                BSP_LCD_DisplayStringAt
 .text.BSP_LCD_DrawPixel
                0x0000000008008d6c       0x38 Drivers/BSP/STM32746G-Discovery/stm32746g_discovery_lcd.o
                0x0000000008008d6c                BSP_LCD_DrawPixel
 .text.BSP_LCD_DisplayOn
                0x0000000008008da4       0x34 Drivers/BSP/STM32746G-Discovery/stm32746g_discovery_lcd.o
                0x0000000008008da4                BSP_LCD_DisplayOn
 .text.BSP_LCD_MspInit
                0x0000000008008dd8      0x154 Drivers/BSP/STM32746G-Discovery/stm32746g_discovery_lcd.o
                0x0000000008008dd8                BSP_LCD_MspInit
 .text.BSP_LCD_ClockConfig
                0x0000000008008f2c       0x24 Drivers/BSP/STM32746G-Discovery/stm32746g_discovery_lcd.o
                0x0000000008008f2c                BSP_LCD_ClockConfig
 .text.BSP_LCD_Init
                0x0000000008008f50       0xb8 Drivers/BSP/STM32746G-Discovery/stm32746g_discovery_lcd.o
                0x0000000008008f50                BSP_LCD_Init
 .text.BSP_SDRAM_MspInit
                0x0000000008009008      0x174 Drivers/BSP/STM32746G-Discovery/stm32746g_discovery_sdram.o
                0x0000000008009008                BSP_SDRAM_MspInit
 .text.BSP_SDRAM_Init
                0x000000000800917c      0x110 Drivers/BSP/STM32746G-Discovery/stm32746g_discovery_sdram.o
                0x000000000800917c                BSP_SDRAM_Init
 .text.HAL_MspInit
                0x000000000800928c        0x4 Drivers/STM32F7xx_HAL_Driver/Src/stm32f7xx_hal.o
                0x000000000800928c                HAL_MspInit
 .text.HAL_InitTick
                0x0000000008009290       0x48 Drivers/STM32F7xx_HAL_Driver/Src/stm32f7xx_hal.o
                0x0000000008009290                HAL_InitTick
 .text.HAL_Init
                0x00000000080092d8       0x2c Drivers/STM32F7xx_HAL_Driver/Src/stm32f7xx_hal.o
                0x00000000080092d8                HAL_Init
 .text.HAL_IncTick
                0x0000000008009304       0x18 Drivers/STM32F7xx_HAL_Driver/Src/stm32f7xx_hal.o
                0x0000000008009304                HAL_IncTick
 .text.HAL_GetTick
                0x000000000800931c        0xc Drivers/STM32F7xx_HAL_Driver/Src/stm32f7xx_hal.o
                0x000000000800931c                HAL_GetTick
 .text.HAL_Delay
                0x0000000008009328       0x24 Drivers/STM32F7xx_HAL_Driver/Src/stm32f7xx_hal.o
                0x0000000008009328                HAL_Delay
 .text.HAL_NVIC_SetPriorityGrouping
                0x000000000800934c       0x28 Drivers/STM32F7xx_HAL_Driver/Src/stm32f7xx_hal_cortex.o
                0x000000000800934c                HAL_NVIC_SetPriorityGrouping
 .text.HAL_NVIC_SetPriority
                0x0000000008009374       0x6c Drivers/STM32F7xx_HAL_Driver/Src/stm32f7xx_hal_cortex.o
                0x0000000008009374                HAL_NVIC_SetPriority
 .text.HAL_NVIC_EnableIRQ
                0x00000000080093e0       0x1c Drivers/STM32F7xx_HAL_Driver/Src/stm32f7xx_hal_cortex.o
                0x00000000080093e0                HAL_NVIC_EnableIRQ
 .text.HAL_SYSTICK_Config
                0x00000000080093fc       0x30 Drivers/STM32F7xx_HAL_Driver/Src/stm32f7xx_hal_cortex.o
                0x00000000080093fc                HAL_SYSTICK_Config
 .text.HAL_DMA_Init
                0x000000000800942c      0x138 Drivers/STM32F7xx_HAL_Driver/Src/stm32f7xx_hal_dma.o
                0x000000000800942c                HAL_DMA_Init
 .text.HAL_DMA_DeInit
                0x0000000008009564       0x84 Drivers/STM32F7xx_HAL_Driver/Src/stm32f7xx_hal_dma.o
                0x0000000008009564                HAL_DMA_DeInit
 .text.HAL_DMA2D_MspInit
                0x00000000080095e8        0x4 Drivers/STM32F7xx_HAL_Driver/Src/stm32f7xx_hal_dma2d.o
                0x00000000080095e8                HAL_DMA2D_MspInit
 .text.HAL_DMA2D_Init
                0x00000000080095ec       0x5c Drivers/STM32F7xx_HAL_Driver/Src/stm32f7xx_hal_dma2d.o
                0x00000000080095ec                HAL_DMA2D_Init
 .text.HAL_DMA2D_Start
                0x0000000008009648       0xac Drivers/STM32F7xx_HAL_Driver/Src/stm32f7xx_hal_dma2d.o
                0x0000000008009648                HAL_DMA2D_Start
 .text.HAL_DMA2D_PollForTransfer
                0x00000000080096f4      0x12c Drivers/STM32F7xx_HAL_Driver/Src/stm32f7xx_hal_dma2d.o
                0x00000000080096f4                HAL_DMA2D_PollForTransfer
 .text.HAL_DMA2D_ConfigLayer
                0x0000000008009820       0xa4 Drivers/STM32F7xx_HAL_Driver/Src/stm32f7xx_hal_dma2d.o
                0x0000000008009820                HAL_DMA2D_ConfigLayer
 .text.HAL_GPIO_Init
                0x00000000080098c4      0x23c Drivers/STM32F7xx_HAL_Driver/Src/stm32f7xx_hal_gpio.o
                0x00000000080098c4                HAL_GPIO_Init
 .text.HAL_GPIO_ReadPin
                0x0000000008009b00        0xc Drivers/STM32F7xx_HAL_Driver/Src/stm32f7xx_hal_gpio.o
                0x0000000008009b00                HAL_GPIO_ReadPin
 .text.HAL_GPIO_WritePin
                0x0000000008009b0c        0x8 Drivers/STM32F7xx_HAL_Driver/Src/stm32f7xx_hal_gpio.o
                0x0000000008009b0c                HAL_GPIO_WritePin
 .text.I2C_WaitOnRXNEFlagUntilTimeout
                0x0000000008009b14      0x100 Drivers/STM32F7xx_HAL_Driver/Src/stm32f7xx_hal_i2c.o
 .text.I2C_WaitOnTXISFlagUntilTimeout
                0x0000000008009c14       0xc4 Drivers/STM32F7xx_HAL_Driver/Src/stm32f7xx_hal_i2c.o
 .text.I2C_WaitOnSTOPFlagUntilTimeout
                0x0000000008009cd8       0xc8 Drivers/STM32F7xx_HAL_Driver/Src/stm32f7xx_hal_i2c.o
 .text.HAL_I2C_Init
                0x0000000008009da0       0xa8 Drivers/STM32F7xx_HAL_Driver/Src/stm32f7xx_hal_i2c.o
                0x0000000008009da0                HAL_I2C_Init
 .text.HAL_I2C_Master_Transmit
                0x0000000008009e48      0x1a0 Drivers/STM32F7xx_HAL_Driver/Src/stm32f7xx_hal_i2c.o
                0x0000000008009e48                HAL_I2C_Master_Transmit
 .text.HAL_I2C_Master_Receive
                0x0000000008009fe8      0x19c Drivers/STM32F7xx_HAL_Driver/Src/stm32f7xx_hal_i2c.o
                0x0000000008009fe8                HAL_I2C_Master_Receive
 .text.HAL_I2CEx_ConfigAnalogFilter
                0x000000000800a184       0x54 Drivers/STM32F7xx_HAL_Driver/Src/stm32f7xx_hal_i2c_ex.o
                0x000000000800a184                HAL_I2CEx_ConfigAnalogFilter
 .text.HAL_LTDC_Init
                0x000000000800a1d8       0xf0 Drivers/STM32F7xx_HAL_Driver/Src/stm32f7xx_hal_ltdc.o
                0x000000000800a1d8                HAL_LTDC_Init
 .text.HAL_LTDC_ConfigLayer
                0x000000000800a2c8      0x190 Drivers/STM32F7xx_HAL_Driver/Src/stm32f7xx_hal_ltdc.o
                0x000000000800a2c8                HAL_LTDC_ConfigLayer
 .text.HAL_LTDC_SetAlpha
                0x000000000800a458      0x198 Drivers/STM32F7xx_HAL_Driver/Src/stm32f7xx_hal_ltdc.o
                0x000000000800a458                HAL_LTDC_SetAlpha
 .text.HAL_LTDC_GetState
                0x000000000800a5f0        0x8 Drivers/STM32F7xx_HAL_Driver/Src/stm32f7xx_hal_ltdc.o
                0x000000000800a5f0                HAL_LTDC_GetState
 .text.HAL_PWREx_EnableOverDrive
                0x000000000800a5f8       0x78 Drivers/STM32F7xx_HAL_Driver/Src/stm32f7xx_hal_pwr_ex.o
                0x000000000800a5f8                HAL_PWREx_EnableOverDrive
 .text.HAL_RCC_OscConfig
                0x000000000800a670      0x398 Drivers/STM32F7xx_HAL_Driver/Src/stm32f7xx_hal_rcc.o
                0x000000000800a670                HAL_RCC_OscConfig
 .text.HAL_RCC_ClockConfig
                0x000000000800aa08      0x194 Drivers/STM32F7xx_HAL_Driver/Src/stm32f7xx_hal_rcc.o
                0x000000000800aa08                HAL_RCC_ClockConfig
 .text.HAL_RCC_GetSysClockFreq
                0x000000000800ab9c       0x68 Drivers/STM32F7xx_HAL_Driver/Src/stm32f7xx_hal_rcc.o
                0x000000000800ab9c                HAL_RCC_GetSysClockFreq
 .text.HAL_RCC_GetPCLK1Freq
                0x000000000800ac04       0x20 Drivers/STM32F7xx_HAL_Driver/Src/stm32f7xx_hal_rcc.o
                0x000000000800ac04                HAL_RCC_GetPCLK1Freq
 .text.HAL_RCC_GetPCLK2Freq
                0x000000000800ac24       0x20 Drivers/STM32F7xx_HAL_Driver/Src/stm32f7xx_hal_rcc.o
                0x000000000800ac24                HAL_RCC_GetPCLK2Freq
 .text.HAL_RCCEx_PeriphCLKConfig
                0x000000000800ac44      0x540 Drivers/STM32F7xx_HAL_Driver/Src/stm32f7xx_hal_rcc_ex.o
                0x000000000800ac44                HAL_RCCEx_PeriphCLKConfig
 .text.HAL_SDRAM_MspInit
                0x000000000800b184        0x4 Drivers/STM32F7xx_HAL_Driver/Src/stm32f7xx_hal_sdram.o
                0x000000000800b184                HAL_SDRAM_MspInit
 .text.HAL_SDRAM_Init
                0x000000000800b188       0x44 Drivers/STM32F7xx_HAL_Driver/Src/stm32f7xx_hal_sdram.o
                0x000000000800b188                HAL_SDRAM_Init
 .text.HAL_SDRAM_SendCommand
                0x000000000800b1cc       0x34 Drivers/STM32F7xx_HAL_Driver/Src/stm32f7xx_hal_sdram.o
                0x000000000800b1cc                HAL_SDRAM_SendCommand
 .text.HAL_SDRAM_ProgramRefreshRate
                0x000000000800b200       0x28 Drivers/STM32F7xx_HAL_Driver/Src/stm32f7xx_hal_sdram.o
                0x000000000800b200                HAL_SDRAM_ProgramRefreshRate
 .text.SPI_EndRxTxTransaction
                0x000000000800b228      0x104 Drivers/STM32F7xx_HAL_Driver/Src/stm32f7xx_hal_spi.o
 .text.HAL_SPI_Init
                0x000000000800b32c       0xd4 Drivers/STM32F7xx_HAL_Driver/Src/stm32f7xx_hal_spi.o
                0x000000000800b32c                HAL_SPI_Init
 .text.HAL_SPI_Transmit
                0x000000000800b400      0x25c Drivers/STM32F7xx_HAL_Driver/Src/stm32f7xx_hal_spi.o
                0x000000000800b400                HAL_SPI_Transmit
 .text.HAL_SPI_TransmitReceive
                0x000000000800b65c      0x3dc Drivers/STM32F7xx_HAL_Driver/Src/stm32f7xx_hal_spi.o
                0x000000000800b65c                HAL_SPI_TransmitReceive
 .text.HAL_UART_Receive
                0x000000000800ba38      0x144 Drivers/STM32F7xx_HAL_Driver/Src/stm32f7xx_hal_uart.o
                0x000000000800ba38                HAL_UART_Receive
 .text.UART_AdvFeatureConfig
                0x000000000800bb7c       0xb0 Drivers/STM32F7xx_HAL_Driver/Src/stm32f7xx_hal_uart.o
                0x000000000800bb7c                UART_AdvFeatureConfig
 .text.HAL_UART_Init
                0x000000000800bc2c      0x38c Drivers/STM32F7xx_HAL_Driver/Src/stm32f7xx_hal_uart.o
                0x000000000800bc2c                HAL_UART_Init
 .text.FMC_SDRAM_Init
                0x000000000800bfb8       0x7c Drivers/STM32F7xx_HAL_Driver/Src/stm32f7xx_ll_fmc.o
                0x000000000800bfb8                FMC_SDRAM_Init
 .text.FMC_SDRAM_Timing_Init
                0x000000000800c034       0xa4 Drivers/STM32F7xx_HAL_Driver/Src/stm32f7xx_ll_fmc.o
                0x000000000800c034                FMC_SDRAM_Timing_Init
 .text.FMC_SDRAM_SendCommand
                0x000000000800c0d8       0x2c Drivers/STM32F7xx_HAL_Driver/Src/stm32f7xx_ll_fmc.o
                0x000000000800c0d8                FMC_SDRAM_SendCommand
 .text.FMC_SDRAM_ProgramRefreshRate
                0x000000000800c104       0x10 Drivers/STM32F7xx_HAL_Driver/Src/stm32f7xx_ll_fmc.o
                0x000000000800c104                FMC_SDRAM_ProgramRefreshRate
 .text._ZN11JPEGDecoder14pjpeg_callbackEPhhS0_Pv
                0x000000000800c114       0x44 Src/JPEGDecoder.o
                0x000000000800c114                JPEGDecoder::pjpeg_callback(unsigned char*, unsigned char, unsigned char*, void*)
 .text._ZN11JPEGDecoder4readEv
                0x000000000800c158      0x400 Src/JPEGDecoder.o
                0x000000000800c158                JPEGDecoder::read()
 .text._ZN11JPEGDecoder11decodeArrayEPKhm
                0x000000000800c558       0xc0 Src/JPEGDecoder.o
                0x000000000800c558                JPEGDecoder::decodeArray(unsigned char const*, unsigned long)
 .text.startup._GLOBAL__sub_I_JpegDec
                0x000000000800c618       0x18 Src/JPEGDecoder.o
 .text.exit._GLOBAL__sub_D_JpegDec
                0x000000000800c630       0x10 Src/JPEGDecoder.o
 .text._Z10initCamerav
                0x000000000800c640       0x90 Src/camera.o
                0x000000000800c640                initCamera()
 .text._Z22DecodeandProcessAndRGBiiPaPti
                0x000000000800c6d0      0x1e8 Src/camera.o
                0x000000000800c6d0                DecodeandProcessAndRGB(int, int, signed char*, unsigned short*, int)
 .text._Z12StartCapturev
                0x000000000800c8b8       0x2c Src/camera.o
                0x000000000800c8b8                StartCapture()
 .text._Z15read_fifo_burstv
                0x000000000800c8e4       0x98 Src/camera.o
                0x000000000800c8e4                read_fifo_burst()
 .text._Z11ReadCapturev
                0x000000000800c97c       0x20 Src/camera.o
                0x000000000800c97c                ReadCapture()
 .text._Z11camI2CSetupv
                0x000000000800c99c       0xf0 Src/camera_i2c.o
                0x000000000800c99c                camI2CSetup()
 .text._Z14wrSensorReg8_8hh
                0x000000000800ca8c       0x30 Src/camera_i2c.o
                0x000000000800ca8c                wrSensorReg8_8(unsigned char, unsigned char)
 .text._Z15wrSensorRegs8_8PK10sensor_reg
                0x000000000800cabc       0x4c Src/camera_i2c.o
                0x000000000800cabc                wrSensorRegs8_8(sensor_reg const*)
 .text._Z15camSPIErrorTestv
                0x000000000800cb08       0x9c Src/camera_spi.o
                0x000000000800cb08                camSPIErrorTest()
 .text._Z11camSPISetupv
                0x000000000800cba4       0xe4 Src/camera_spi.o
                0x000000000800cba4                camSPISetup()
 .text._Z11camWriteReghh
                0x000000000800cc88       0x44 Src/camera_spi.o
                0x000000000800cc88                camWriteReg(unsigned char, unsigned char)
 .text._Z11camTransferh
                0x000000000800cccc       0x2c Src/camera_spi.o
                0x000000000800cccc                camTransfer(unsigned char)
 .text._Z12camTransfersPhm
                0x000000000800ccf8       0x40 Src/camera_spi.o
                0x000000000800ccf8                camTransfers(unsigned char*, unsigned long)
 .text._Z10camReadRegh
                0x000000000800cd38       0x44 Src/camera_spi.o
                0x000000000800cd38                camReadReg(unsigned char)
 .text._Z13camReadRegBithh
                0x000000000800cd7c       0x48 Src/camera_spi.o
                0x000000000800cd7c                camReadRegBit(unsigned char, unsigned char)
 .text._Z13loadRGB565LCDmmmmPth
                0x000000000800cdc4       0xbc Src/lcd.o
                0x000000000800cdc4                loadRGB565LCD(unsigned long, unsigned long, unsigned long, unsigned long, unsigned short*, unsigned char)
 .text._Z13displaystringPcii
                0x000000000800ce80       0x14 Src/lcd.o
                0x000000000800ce80                displaystring(char*, int, int)
 .text._Z14detectResponseifiii
                0x000000000800ce94      0x348 Src/lcd.o
                0x000000000800ce94                detectResponse(int, float, int, int, int)
 .text._Z8lcdsetupv
                0x000000000800d1dc       0x84 Src/lcd.o
                0x000000000800d1dc                lcdsetup()
 .text._Z27invoke_new_weights_givenimgPa
                0x000000000800d260       0x78 Src/main.o
                0x000000000800d260                invoke_new_weights_givenimg(signed char*)
 .text.startup.main
                0x000000000800d2d8      0x86c Src/main.o
                0x000000000800d2d8                main
 .text.upsampleCb
                0x000000000800db44      0x1e4 Src/picojpeg.o
 .text.upsampleCbH
                0x000000000800dd28      0x134 Src/picojpeg.o
 .text.upsampleCbV
                0x000000000800de5c      0x138 Src/picojpeg.o
 .text.upsampleCr
                0x000000000800df94      0x1e8 Src/picojpeg.o
 .text.upsampleCrH
                0x000000000800e17c      0x12c Src/picojpeg.o
 .text.upsampleCrV
                0x000000000800e2a8      0x134 Src/picojpeg.o
 .text.huffDecode
                0x000000000800e3dc      0x308 Src/picojpeg.o
 .text.getBits.constprop.6
                0x000000000800e6e4      0x300 Src/picojpeg.o
 .text.getBits.constprop.4
                0x000000000800e9e4      0x148 Src/picojpeg.o
 .text.getBits.constprop.5
                0x000000000800eb2c      0x184 Src/picojpeg.o
 .text.processMarkers
                0x000000000800ecb0      0xae4 Src/picojpeg.o
 .text.getBits  0x000000000800f794      0x32c Src/picojpeg.o
 .text.pjpeg_decode_mcu
                0x000000000800fac0     0x1684 Src/picojpeg.o
                0x000000000800fac0                pjpeg_decode_mcu
 .text.pjpeg_decode_init
                0x0000000008011144      0x7d4 Src/picojpeg.o
                0x0000000008011144                pjpeg_decode_init
 .text.Reset_Handler
                0x0000000008011918       0x50 Src/startup_stm32f746xx.o
                0x0000000008011918                Reset_Handler
 .text.Default_Handler
                0x0000000008011968        0x2 Src/startup_stm32f746xx.o
                0x0000000008011968                DMA1_Stream3_IRQHandler
                0x0000000008011968                EXTI2_IRQHandler
                0x0000000008011968                TIM8_CC_IRQHandler
                0x0000000008011968                UART8_IRQHandler
                0x0000000008011968                SPI4_IRQHandler
                0x0000000008011968                TIM1_CC_IRQHandler
                0x0000000008011968                DMA2_Stream5_IRQHandler
                0x0000000008011968                DMA1_Stream5_IRQHandler
                0x0000000008011968                PVD_IRQHandler
                0x0000000008011968                TAMP_STAMP_IRQHandler
                0x0000000008011968                CAN2_RX1_IRQHandler
                0x0000000008011968                EXTI3_IRQHandler
                0x0000000008011968                TIM8_TRG_COM_TIM14_IRQHandler
                0x0000000008011968                TIM1_UP_TIM10_IRQHandler
                0x0000000008011968                TIM8_UP_TIM13_IRQHandler
                0x0000000008011968                I2C3_ER_IRQHandler
                0x0000000008011968                EXTI0_IRQHandler
                0x0000000008011968                I2C2_EV_IRQHandler
                0x0000000008011968                DMA1_Stream2_IRQHandler
                0x0000000008011968                CAN1_RX0_IRQHandler
                0x0000000008011968                FPU_IRQHandler
                0x0000000008011968                OTG_HS_WKUP_IRQHandler
                0x0000000008011968                LTDC_ER_IRQHandler
                0x0000000008011968                CAN2_SCE_IRQHandler
                0x0000000008011968                DMA2_Stream2_IRQHandler
                0x0000000008011968                SPI1_IRQHandler
                0x0000000008011968                TIM6_DAC_IRQHandler
                0x0000000008011968                TIM1_BRK_TIM9_IRQHandler
                0x0000000008011968                DCMI_IRQHandler
                0x0000000008011968                CAN2_RX0_IRQHandler
                0x0000000008011968                DMA2_Stream3_IRQHandler
                0x0000000008011968                SAI2_IRQHandler
                0x0000000008011968                USART6_IRQHandler
                0x0000000008011968                USART3_IRQHandler
                0x0000000008011968                CAN1_RX1_IRQHandler
                0x0000000008011968                UART5_IRQHandler
                0x0000000008011968                DMA2_Stream0_IRQHandler
                0x0000000008011968                TIM4_IRQHandler
                0x0000000008011968                QUADSPI_IRQHandler
                0x0000000008011968                I2C1_EV_IRQHandler
                0x0000000008011968                DMA1_Stream6_IRQHandler
                0x0000000008011968                DMA1_Stream1_IRQHandler
                0x0000000008011968                UART4_IRQHandler
                0x0000000008011968                TIM3_IRQHandler
                0x0000000008011968                RCC_IRQHandler
                0x0000000008011968                TIM8_BRK_TIM12_IRQHandler
                0x0000000008011968                Default_Handler
                0x0000000008011968                CEC_IRQHandler
                0x0000000008011968                EXTI15_10_IRQHandler
                0x0000000008011968                ADC_IRQHandler
                0x0000000008011968                DMA1_Stream7_IRQHandler
                0x0000000008011968                SPI5_IRQHandler
                0x0000000008011968                TIM7_IRQHandler
                0x0000000008011968                SDMMC1_IRQHandler
                0x0000000008011968                CAN2_TX_IRQHandler
                0x0000000008011968                TIM5_IRQHandler
                0x0000000008011968                DMA2_Stream7_IRQHandler
                0x0000000008011968                I2C3_EV_IRQHandler
                0x0000000008011968                EXTI9_5_IRQHandler
                0x0000000008011968                RTC_WKUP_IRQHandler
                0x0000000008011968                LTDC_IRQHandler
                0x0000000008011968                ETH_WKUP_IRQHandler
                0x0000000008011968                SPDIF_RX_IRQHandler
                0x0000000008011968                SPI2_IRQHandler
                0x0000000008011968                OTG_HS_EP1_IN_IRQHandler
                0x0000000008011968                DMA1_Stream0_IRQHandler
                0x0000000008011968                CAN1_TX_IRQHandler
                0x0000000008011968                EXTI4_IRQHandler
                0x0000000008011968                RNG_IRQHandler
                0x0000000008011968                ETH_IRQHandler
                0x0000000008011968                OTG_HS_EP1_OUT_IRQHandler
                0x0000000008011968                WWDG_IRQHandler
                0x0000000008011968                SPI6_IRQHandler
                0x0000000008011968                I2C4_EV_IRQHandler
                0x0000000008011968                TIM2_IRQHandler
                0x0000000008011968                OTG_FS_WKUP_IRQHandler
                0x0000000008011968                TIM1_TRG_COM_TIM11_IRQHandler
                0x0000000008011968                OTG_HS_IRQHandler
                0x0000000008011968                DMA2D_IRQHandler
                0x0000000008011968                EXTI1_IRQHandler
                0x0000000008011968                UART7_IRQHandler
                0x0000000008011968                USART2_IRQHandler
                0x0000000008011968                I2C2_ER_IRQHandler
                0x0000000008011968                DMA2_Stream1_IRQHandler
                0x0000000008011968                CAN1_SCE_IRQHandler
                0x0000000008011968                FLASH_IRQHandler
                0x0000000008011968                DMA2_Stream4_IRQHandler
                0x0000000008011968                USART1_IRQHandler
                0x0000000008011968                OTG_FS_IRQHandler
                0x0000000008011968                SPI3_IRQHandler
                0x0000000008011968                DMA1_Stream4_IRQHandler
                0x0000000008011968                I2C1_ER_IRQHandler
                0x0000000008011968                FMC_IRQHandler
                0x0000000008011968                LPTIM1_IRQHandler
                0x0000000008011968                I2C4_ER_IRQHandler
                0x0000000008011968                DMA2_Stream6_IRQHandler
                0x0000000008011968                SAI1_IRQHandler
                0x0000000008011968                RTC_Alarm_IRQHandler
 *fill*         0x000000000801196a        0x2 
 .text.HAL_I2C_MspInit
                0x000000000801196c       0x88 Src/stm32f7xx_hal_msp.o
                0x000000000801196c                HAL_I2C_MspInit
 .text.HAL_SPI_MspInit
                0x00000000080119f4       0x9c Src/stm32f7xx_hal_msp.o
                0x00000000080119f4                HAL_SPI_MspInit
 .text.HAL_UART_MspInit
                0x0000000008011a90       0xe0 Src/stm32f7xx_hal_msp.o
                0x0000000008011a90                HAL_UART_MspInit
 .text.HAL_LTDC_MspInit
                0x0000000008011b70      0x128 Src/stm32f7xx_hal_msp.o
                0x0000000008011b70                HAL_LTDC_MspInit
 .text.NMI_Handler
                0x0000000008011c98        0x4 Src/stm32f7xx_it.o
                0x0000000008011c98                NMI_Handler
 .text.HardFault_Handler
                0x0000000008011c9c        0x4 Src/stm32f7xx_it.o
                0x0000000008011c9c                HardFault_Handler
 .text.MemManage_Handler
                0x0000000008011ca0        0x4 Src/stm32f7xx_it.o
                0x0000000008011ca0                MemManage_Handler
 .text.BusFault_Handler
                0x0000000008011ca4        0x4 Src/stm32f7xx_it.o
                0x0000000008011ca4                BusFault_Handler
 .text.UsageFault_Handler
                0x0000000008011ca8        0x4 Src/stm32f7xx_it.o
                0x0000000008011ca8                UsageFault_Handler
 .text.SVC_Handler
                0x0000000008011cac        0x4 Src/stm32f7xx_it.o
                0x0000000008011cac                SVC_Handler
 .text.DebugMon_Handler
                0x0000000008011cb0        0x4 Src/stm32f7xx_it.o
                0x0000000008011cb0                DebugMon_Handler
 .text.PendSV_Handler
                0x0000000008011cb4        0x4 Src/stm32f7xx_it.o
                0x0000000008011cb4                PendSV_Handler
 .text.SysTick_Handler
                0x0000000008011cb8        0x4 Src/stm32f7xx_it.o
                0x0000000008011cb8                SysTick_Handler
 .text.SystemInit
                0x0000000008011cbc       0x50 Src/system_stm32f7xx.o
                0x0000000008011cbc                SystemInit
 .text.depthwise_kernel3x3_stride1_inplace_CHW_fpreq
                0x0000000008011d0c      0x5ec Src/TinyEngine/codegen/Source/depthwise_kernel3x3_stride1_inplace_CHW_fpreq.o
                0x0000000008011d0c                depthwise_kernel3x3_stride1_inplace_CHW_fpreq
 .text.depthwise_kernel3x3_stride1_inplace_kernel_CHW_fpreq_bitmask
                0x00000000080122f8      0x390 Src/TinyEngine/codegen/Source/depthwise_kernel3x3_stride1_inplace_CHW_fpreq_bitmask.o
                0x00000000080122f8                depthwise_kernel3x3_stride1_inplace_kernel_CHW_fpreq_bitmask
 .text.depthwise_kernel3x3_stride1_inplace_CHW_fpreq_bitmask
                0x0000000008012688      0x3f0 Src/TinyEngine/codegen/Source/depthwise_kernel3x3_stride1_inplace_CHW_fpreq_bitmask.o
                0x0000000008012688                depthwise_kernel3x3_stride1_inplace_CHW_fpreq_bitmask
 .text.depthwise_kernel3x3_stride2_inplace_CHW_fpreq
                0x0000000008012a78      0x618 Src/TinyEngine/codegen/Source/depthwise_kernel3x3_stride2_inplace_CHW_fpreq.o
                0x0000000008012a78                depthwise_kernel3x3_stride2_inplace_CHW_fpreq
 .text.depthwise_kernel5x5_stride1_inplace_CHW_fpreq_bitmask
                0x0000000008013090      0x6d8 Src/TinyEngine/codegen/Source/depthwise_kernel5x5_stride1_inplace_CHW_fpreq_bitmask.o
                0x0000000008013090                depthwise_kernel5x5_stride1_inplace_CHW_fpreq_bitmask
 .text.depthwise_kernel7x7_stride1_inplace_kernel_CHW_fpreq
                0x0000000008013768      0x784 Src/TinyEngine/codegen/Source/depthwise_kernel7x7_stride1_inplace_CHW_fpreq.o
                0x0000000008013768                depthwise_kernel7x7_stride1_inplace_kernel_CHW_fpreq
 .text.depthwise_kernel7x7_stride1_inplace_CHW_fpreq
                0x0000000008013eec      0x1cc Src/TinyEngine/codegen/Source/depthwise_kernel7x7_stride1_inplace_CHW_fpreq.o
                0x0000000008013eec                depthwise_kernel7x7_stride1_inplace_CHW_fpreq
 .text.depthwise_kernel7x7_stride2_inplace_kernel_CHW_fpreq
                0x00000000080140b8      0x7d8 Src/TinyEngine/codegen/Source/depthwise_kernel7x7_stride2_inplace_CHW_fpreq.o
                0x00000000080140b8                depthwise_kernel7x7_stride2_inplace_kernel_CHW_fpreq
 .text.depthwise_kernel7x7_stride2_inplace_CHW_fpreq
                0x0000000008014890      0x1cc Src/TinyEngine/codegen/Source/depthwise_kernel7x7_stride2_inplace_CHW_fpreq.o
                0x0000000008014890                depthwise_kernel7x7_stride2_inplace_CHW_fpreq
 .text.depthwise_kernel7x7_stride2_inplace_kernel_CHW_fpreq_bitmask
                0x0000000008014a5c      0x8b8 Src/TinyEngine/codegen/Source/depthwise_kernel7x7_stride2_inplace_CHW_fpreq_bitmask.o
                0x0000000008014a5c                depthwise_kernel7x7_stride2_inplace_kernel_CHW_fpreq_bitmask
 .text.depthwise_kernel7x7_stride2_inplace_CHW_fpreq_bitmask
                0x0000000008015314      0x244 Src/TinyEngine/codegen/Source/depthwise_kernel7x7_stride2_inplace_CHW_fpreq_bitmask.o
                0x0000000008015314                depthwise_kernel7x7_stride2_inplace_CHW_fpreq_bitmask
 .text.getInput
                0x0000000008015558        0x8 Src/TinyEngine/codegen/Source/genModel.o
                0x0000000008015558                getInput
 .text.getOutput
                0x0000000008015560        0x8 Src/TinyEngine/codegen/Source/genModel.o
                0x0000000008015560                getOutput
 .text.invoke   0x0000000008015568     0x2f58 Src/TinyEngine/codegen/Source/genModel.o
                0x0000000008015568                invoke
 .text.invoke_inf
                0x00000000080184c0      0xfac Src/TinyEngine/codegen/Source/genModel.o
                0x00000000080184c0                invoke_inf
 .text.group_mac_kernel8_4row_fp_uniweight_reuse_output_input
                0x000000000801946c      0xc4c Src/TinyEngine/src/kernels/fp_backward_op/group_conv_fp_kernel8_stride1_pad0.o
 .text.group_conv_fp_kernel8_stride1_pad0_in8x8_out1x1_uniweight_4row16col_inplace
                0x000000000801a0b8     0x4220 Src/TinyEngine/src/kernels/fp_backward_op/group_conv_fp_kernel8_stride1_pad0.o
                0x000000000801a0b8                group_conv_fp_kernel8_stride1_pad0_in8x8_out1x1_uniweight_4row16col_inplace
 .text.group_pointwise_conv_fp_in1x1_out1x1_1row10col_uniweight_int8input_inplace
                0x000000000801e2d8      0x2e0 Src/TinyEngine/src/kernels/fp_backward_op/group_pointwise_conv_fp.o
                0x000000000801e2d8                group_pointwise_conv_fp_in1x1_out1x1_1row10col_uniweight_int8input_inplace
 .text.LogSoftmax
                0x000000000801e5b8       0xe0 Src/TinyEngine/src/kernels/fp_backward_op/log_softmax_fp.o
                0x000000000801e5b8                LogSoftmax
 .text.mul      0x000000000801e698       0x20 Src/TinyEngine/src/kernels/fp_backward_op/mul_fp.o
                0x000000000801e698                mul
 .text.nll_loss
                0x000000000801e6b8       0x4c Src/TinyEngine/src/kernels/fp_backward_op/nll_loss_fp.o
                0x000000000801e6b8                nll_loss
 .text.pointwise_conv_fp_1row10col_10inputdepth_IOHW_int8weight
                0x000000000801e704      0x754 Src/TinyEngine/src/kernels/fp_backward_op/pointwise_conv_fp.o
                0x000000000801e704                pointwise_conv_fp_1row10col_10inputdepth_IOHW_int8weight
 .text.pointwise_conv_fp_4row4col_IOHW_int8weight
                0x000000000801ee58      0xb6c Src/TinyEngine/src/kernels/fp_backward_op/pointwise_conv_fp.o
                0x000000000801ee58                pointwise_conv_fp_4row4col_IOHW_int8weight
 .text.pointwise_conv_fp_4row4col_IOHW_int8weight_partialCH_8innercol
                0x000000000801f9c4     0x1650 Src/TinyEngine/src/kernels/fp_backward_op/pointwise_conv_fp.o
                0x000000000801f9c4                pointwise_conv_fp_4row4col_IOHW_int8weight_partialCH_8innercol
 .text.pointwise_conv_fp_4row4col_IOHW_int8weight_partialCH_4innercol
                0x0000000008021014      0xd68 Src/TinyEngine/src/kernels/fp_backward_op/pointwise_conv_fp.o
                0x0000000008021014                pointwise_conv_fp_4row4col_IOHW_int8weight_partialCH_4innercol
 .text.strided_slice_4Dto4D
                0x0000000008021d7c      0x160 Src/TinyEngine/src/kernels/fp_backward_op/strided_slice_4Dto4D_fp.o
                0x0000000008021d7c                strided_slice_4Dto4D
 .text.sub      0x0000000008021edc       0x20 Src/TinyEngine/src/kernels/fp_backward_op/sub_fp.o
                0x0000000008021edc                sub
 .text.sum_3D   0x0000000008021efc      0x12c Src/TinyEngine/src/kernels/fp_backward_op/sum_3D_fp.o
                0x0000000008021efc                sum_3D
 .text.sum_4D_exclude
                0x0000000008022028      0x1f8 Src/TinyEngine/src/kernels/fp_backward_op/sum_4D_exclude_fp.o
                0x0000000008022028                sum_4D_exclude
 .text.transpose_depthwise_conv_fp_kernel3_stride1_inpad1_outpad0_IOHW_int8weight
                0x0000000008022220      0x340 Src/TinyEngine/src/kernels/fp_backward_op/transpose_depthwise_conv_fp_kernel3_stride1_inpad1_outpad0.o
                0x0000000008022220                transpose_depthwise_conv_fp_kernel3_stride1_inpad1_outpad0_IOHW_int8weight
 .text.transpose_depthwise_conv_fp_kernel5_stride1_inpad2_outpad0_IOHW_int8weight
                0x0000000008022560      0x554 Src/TinyEngine/src/kernels/fp_backward_op/transpose_depthwise_conv_fp_kernel5_stride1_inpad2_outpad0.o
                0x0000000008022560                transpose_depthwise_conv_fp_kernel5_stride1_inpad2_outpad0_IOHW_int8weight
 .text.transpose_depthwise_conv_fp_kernel7_stride2_inpad3_outpad1_IOHW_int8weight
                0x0000000008022ab4      0xae4 Src/TinyEngine/src/kernels/fp_backward_op/transpose_depthwise_conv_fp_kernel7_stride2_inpad3_outpad1.o
                0x0000000008022ab4                transpose_depthwise_conv_fp_kernel7_stride2_inpad3_outpad1_IOHW_int8weight
 .text.tte_exp  0x0000000008023598       0x34 Src/TinyEngine/src/kernels/fp_backward_op/tte_exp_fp.o
                0x0000000008023598                tte_exp
 .text.where_zeros_inplace_bit
                0x00000000080235cc       0x4c Src/TinyEngine/src/kernels/fp_backward_op/where_fp.o
                0x00000000080235cc                where_zeros_inplace_bit
 .text.add_fpreq
                0x0000000008023618       0x9c Src/TinyEngine/src/kernels/fp_requantize_op/add_fpreq.o
                0x0000000008023618                add_fpreq
 .text.add_fpreq_bitmask
                0x00000000080236b4       0xec Src/TinyEngine/src/kernels/fp_requantize_op/add_fpreq.o
                0x00000000080236b4                add_fpreq_bitmask
 .text.convolve_1x1_s8_ch16_fpreq
                0x00000000080237a0      0x1c0 Src/TinyEngine/src/kernels/fp_requantize_op/convolve_1x1_s8_ch16_fpreq.o
                0x00000000080237a0                convolve_1x1_s8_ch16_fpreq
 .text.convolve_1x1_s8_ch24_fpreq
                0x0000000008023960      0x1c0 Src/TinyEngine/src/kernels/fp_requantize_op/convolve_1x1_s8_ch24_fpreq.o
                0x0000000008023960                convolve_1x1_s8_ch24_fpreq
 .text.convolve_1x1_s8_ch48_fpreq
                0x0000000008023b20      0x1c0 Src/TinyEngine/src/kernels/fp_requantize_op/convolve_1x1_s8_ch48_fpreq.o
                0x0000000008023b20                convolve_1x1_s8_ch48_fpreq
 .text.convolve_1x1_s8_ch8_fpreq
                0x0000000008023ce0      0x1c0 Src/TinyEngine/src/kernels/fp_requantize_op/convolve_1x1_s8_ch8_fpreq.o
                0x0000000008023ce0                convolve_1x1_s8_ch8_fpreq
 .text.convolve_1x1_s8_fpreq
                0x0000000008023ea0      0x1c8 Src/TinyEngine/src/kernels/fp_requantize_op/convolve_1x1_s8_fpreq.o
                0x0000000008023ea0                convolve_1x1_s8_fpreq
 .text.convolve_1x1_s8_fpreq_bitmask
                0x0000000008024068      0x244 Src/TinyEngine/src/kernels/fp_requantize_op/convolve_1x1_s8_fpreq_mask.o
                0x0000000008024068                convolve_1x1_s8_fpreq_bitmask
 .text.convolve_1x1_s8_fpreq_bitmask_partialCH
                0x00000000080242ac      0x538 Src/TinyEngine/src/kernels/fp_requantize_op/convolve_1x1_s8_fpreq_mask_partialCH.o
                0x00000000080242ac                convolve_1x1_s8_fpreq_bitmask_partialCH
 .text.convolve_s8_kernel3_inputch3_stride2_pad1_fpreq
                0x00000000080247e4      0x660 Src/TinyEngine/src/kernels/fp_requantize_op/convolve_s8_kernel3_inputch3_stride2_pad1_fpreq.o
                0x00000000080247e4                convolve_s8_kernel3_inputch3_stride2_pad1_fpreq
 .text.mat_mult_kernel_s8_s16_reordered_ch48_fpreq
                0x0000000008024e44      0x4d8 Src/TinyEngine/src/kernels/fp_requantize_op/mat_mul_kernels_fpreq.o
                0x0000000008024e44                mat_mult_kernel_s8_s16_reordered_ch48_fpreq
 .text.mat_mult_kernel_s8_s16_reordered_ch16_fpreq
                0x000000000802531c      0x27c Src/TinyEngine/src/kernels/fp_requantize_op/mat_mul_kernels_fpreq.o
                0x000000000802531c                mat_mult_kernel_s8_s16_reordered_ch16_fpreq
 .text.mat_mult_kernel_s8_s16_reordered_ch24_fpreq
                0x0000000008025598      0x314 Src/TinyEngine/src/kernels/fp_requantize_op/mat_mul_kernels_fpreq.o
                0x0000000008025598                mat_mult_kernel_s8_s16_reordered_ch24_fpreq
 .text.mat_mult_kernel_s8_s16_reordered_fpreq
                0x00000000080258ac      0x2a4 Src/TinyEngine/src/kernels/fp_requantize_op/mat_mul_kernels_fpreq.o
                0x00000000080258ac                mat_mult_kernel_s8_s16_reordered_fpreq
 .text.mat_mult_kernel_s8_s16_reordered_fpreq_bitmask
                0x0000000008025b50      0x2bc Src/TinyEngine/src/kernels/fp_requantize_op/mat_mul_kernels_fpreq.o
                0x0000000008025b50                mat_mult_kernel_s8_s16_reordered_fpreq_bitmask
 .text.mat_mult_kernel_s8_s16_reordered_fpreq_bitmask_partialCH
                0x0000000008025e0c      0x38c Src/TinyEngine/src/kernels/fp_requantize_op/mat_mul_kernels_fpreq.o
                0x0000000008025e0c                mat_mult_kernel_s8_s16_reordered_fpreq_bitmask_partialCH
 .text.mat_mult_kernel_s8_s16_reordered_fpreq_bitmask_partialCH_Multiple2
                0x0000000008026198      0x398 Src/TinyEngine/src/kernels/fp_requantize_op/mat_mul_kernels_fpreq.o
                0x0000000008026198                mat_mult_kernel_s8_s16_reordered_fpreq_bitmask_partialCH_Multiple2
 .text.mat_mult_kernel3_input3_s8_s16_fpreq
                0x0000000008026530      0x2d4 Src/TinyEngine/src/kernels/fp_requantize_op/mat_mul_kernels_fpreq.o
                0x0000000008026530                mat_mult_kernel3_input3_s8_s16_fpreq
 .text.avg_pooling
                0x0000000008026804       0xe0 Src/TinyEngine/src/kernels/int_forward_op/avgpooling.o
                0x0000000008026804                avg_pooling
 .text.__io_putchar
                0x00000000080268e4       0x28 Src/sys/_io.o
                0x00000000080268e4                __io_putchar
 .text.__io_getchar
                0x000000000802690c       0x20 Src/sys/_io.o
                0x000000000802690c                __io_getchar
 .text._write   0x000000000802692c       0x1c Src/sys/stubs.o
                0x000000000802692c                _write
 .text._read    0x0000000008026948       0x1c Src/sys/stubs.o
                0x0000000008026948                _read
 .text._close   0x0000000008026964        0x8 Src/sys/stubs.o
                0x0000000008026964                _close
 .text._fstat   0x000000000802696c        0x8 Src/sys/stubs.o
                0x000000000802696c                _fstat
 .text._isatty  0x0000000008026974        0x8 Src/sys/stubs.o
                0x0000000008026974                _isatty
 .text._lseek   0x000000000802697c        0x8 Src/sys/stubs.o
                0x000000000802697c                _lseek
 .text._exit    0x0000000008026984        0x4 Src/sys/stubs.o
                0x0000000008026984                _exit
 .text._ZdaPv   0x0000000008026988        0x4 /Users/raymondwang/Downloads/STM32CubeIDE.app/Contents/Eclipse/plugins/com.st.stm32cube.ide.mcu.externaltools.gnu-tools-for-stm32.7-2018-q2-update.macos64_1.5.0.202011040924/tools/bin/../lib/gcc/arm-none-eabi/7.3.1/../../../../arm-none-eabi/lib/thumb/v7e-m/fpv4-sp/hard/libstdc++.a(del_opv.o)
                0x0000000008026988                operator delete[](void*)
 .text._Znaj    0x000000000802698c        0x4 /Users/raymondwang/Downloads/STM32CubeIDE.app/Contents/Eclipse/plugins/com.st.stm32cube.ide.mcu.externaltools.gnu-tools-for-stm32.7-2018-q2-update.macos64_1.5.0.202011040924/tools/bin/../lib/gcc/arm-none-eabi/7.3.1/../../../../arm-none-eabi/lib/thumb/v7e-m/fpv4-sp/hard/libstdc++.a(new_opv.o)
                0x000000000802698c                operator new[](unsigned int)
 .text._ZdlPv   0x0000000008026990        0x4 /Users/raymondwang/Downloads/STM32CubeIDE.app/Contents/Eclipse/plugins/com.st.stm32cube.ide.mcu.externaltools.gnu-tools-for-stm32.7-2018-q2-update.macos64_1.5.0.202011040924/tools/bin/../lib/gcc/arm-none-eabi/7.3.1/../../../../arm-none-eabi/lib/thumb/v7e-m/fpv4-sp/hard/libstdc++.a(del_op.o)
                0x0000000008026990                operator delete(void*)
 .text._Znwj    0x0000000008026994       0x3c /Users/raymondwang/Downloads/STM32CubeIDE.app/Contents/Eclipse/plugins/com.st.stm32cube.ide.mcu.externaltools.gnu-tools-for-stm32.7-2018-q2-update.macos64_1.5.0.202011040924/tools/bin/../lib/gcc/arm-none-eabi/7.3.1/../../../../arm-none-eabi/lib/thumb/v7e-m/fpv4-sp/hard/libstdc++.a(new_op.o)
                0x0000000008026994                operator new(unsigned int)
 .text._ZNKSt9bad_alloc4whatEv
                0x00000000080269d0        0x8 /Users/raymondwang/Downloads/STM32CubeIDE.app/Contents/Eclipse/plugins/com.st.stm32cube.ide.mcu.externaltools.gnu-tools-for-stm32.7-2018-q2-update.macos64_1.5.0.202011040924/tools/bin/../lib/gcc/arm-none-eabi/7.3.1/../../../../arm-none-eabi/lib/thumb/v7e-m/fpv4-sp/hard/libstdc++.a(bad_alloc.o)
                0x00000000080269d0                std::bad_alloc::what() const
 .text._ZNSt9bad_allocD2Ev
                0x00000000080269d8       0x14 /Users/raymondwang/Downloads/STM32CubeIDE.app/Contents/Eclipse/plugins/com.st.stm32cube.ide.mcu.externaltools.gnu-tools-for-stm32.7-2018-q2-update.macos64_1.5.0.202011040924/tools/bin/../lib/gcc/arm-none-eabi/7.3.1/../../../../arm-none-eabi/lib/thumb/v7e-m/fpv4-sp/hard/libstdc++.a(bad_alloc.o)
                0x00000000080269d8                std::bad_alloc::~bad_alloc()
                0x00000000080269d8                std::bad_alloc::~bad_alloc()
 .text._ZNSt9bad_allocD0Ev
                0x00000000080269ec       0x1c /Users/raymondwang/Downloads/STM32CubeIDE.app/Contents/Eclipse/plugins/com.st.stm32cube.ide.mcu.externaltools.gnu-tools-for-stm32.7-2018-q2-update.macos64_1.5.0.202011040924/tools/bin/../lib/gcc/arm-none-eabi/7.3.1/../../../../arm-none-eabi/lib/thumb/v7e-m/fpv4-sp/hard/libstdc++.a(bad_alloc.o)
                0x00000000080269ec                std::bad_alloc::~bad_alloc()
 .text._ZdlPvj  0x0000000008026a08        0x4 /Users/raymondwang/Downloads/STM32CubeIDE.app/Contents/Eclipse/plugins/com.st.stm32cube.ide.mcu.externaltools.gnu-tools-for-stm32.7-2018-q2-update.macos64_1.5.0.202011040924/tools/bin/../lib/gcc/arm-none-eabi/7.3.1/../../../../arm-none-eabi/lib/thumb/v7e-m/fpv4-sp/hard/libstdc++.a(del_ops.o)
                0x0000000008026a08                operator delete(void*, unsigned int)
 .text._ZN12_GLOBAL__N_14pool4freeEPv.constprop.4
                0x0000000008026a0c       0x90 /Users/raymondwang/Downloads/STM32CubeIDE.app/Contents/Eclipse/plugins/com.st.stm32cube.ide.mcu.externaltools.gnu-tools-for-stm32.7-2018-q2-update.macos64_1.5.0.202011040924/tools/bin/../lib/gcc/arm-none-eabi/7.3.1/../../../../arm-none-eabi/lib/thumb/v7e-m/fpv4-sp/hard/libstdc++.a(eh_alloc.o)
 .text._ZN12_GLOBAL__N_14pool8allocateEj.constprop.5
                0x0000000008026a9c       0x64 /Users/raymondwang/Downloads/STM32CubeIDE.app/Contents/Eclipse/plugins/com.st.stm32cube.ide.mcu.externaltools.gnu-tools-for-stm32.7-2018-q2-update.macos64_1.5.0.202011040924/tools/bin/../lib/gcc/arm-none-eabi/7.3.1/../../../../arm-none-eabi/lib/thumb/v7e-m/fpv4-sp/hard/libstdc++.a(eh_alloc.o)
 .text.__cxa_allocate_exception
                0x0000000008026b00       0x30 /Users/raymondwang/Downloads/STM32CubeIDE.app/Contents/Eclipse/plugins/com.st.stm32cube.ide.mcu.externaltools.gnu-tools-for-stm32.7-2018-q2-update.macos64_1.5.0.202011040924/tools/bin/../lib/gcc/arm-none-eabi/7.3.1/../../../../arm-none-eabi/lib/thumb/v7e-m/fpv4-sp/hard/libstdc++.a(eh_alloc.o)
                0x0000000008026b00                __cxa_allocate_exception
 .text.__cxa_free_exception
                0x0000000008026b30       0x20 /Users/raymondwang/Downloads/STM32CubeIDE.app/Contents/Eclipse/plugins/com.st.stm32cube.ide.mcu.externaltools.gnu-tools-for-stm32.7-2018-q2-update.macos64_1.5.0.202011040924/tools/bin/../lib/gcc/arm-none-eabi/7.3.1/../../../../arm-none-eabi/lib/thumb/v7e-m/fpv4-sp/hard/libstdc++.a(eh_alloc.o)
                0x0000000008026b30                __cxa_free_exception
 .text.startup._GLOBAL__sub_I__ZN9__gnu_cxx9__freeresEv
                0x0000000008026b50       0x28 /Users/raymondwang/Downloads/STM32CubeIDE.app/Contents/Eclipse/plugins/com.st.stm32cube.ide.mcu.externaltools.gnu-tools-for-stm32.7-2018-q2-update.macos64_1.5.0.202011040924/tools/bin/../lib/gcc/arm-none-eabi/7.3.1/../../../../arm-none-eabi/lib/thumb/v7e-m/fpv4-sp/hard/libstdc++.a(eh_alloc.o)
 .text._ZNSt9exceptionD2Ev
                0x0000000008026b78        0x4 /Users/raymondwang/Downloads/STM32CubeIDE.app/Contents/Eclipse/plugins/com.st.stm32cube.ide.mcu.externaltools.gnu-tools-for-stm32.7-2018-q2-update.macos64_1.5.0.202011040924/tools/bin/../lib/gcc/arm-none-eabi/7.3.1/../../../../arm-none-eabi/lib/thumb/v7e-m/fpv4-sp/hard/libstdc++.a(eh_exception.o)
                0x0000000008026b78                std::exception::~exception()
                0x0000000008026b78                std::exception::~exception()
 .text._ZNSt13bad_exceptionD2Ev
                0x0000000008026b7c        0x4 /Users/raymondwang/Downloads/STM32CubeIDE.app/Contents/Eclipse/plugins/com.st.stm32cube.ide.mcu.externaltools.gnu-tools-for-stm32.7-2018-q2-update.macos64_1.5.0.202011040924/tools/bin/../lib/gcc/arm-none-eabi/7.3.1/../../../../arm-none-eabi/lib/thumb/v7e-m/fpv4-sp/hard/libstdc++.a(eh_exception.o)
                0x0000000008026b7c                std::bad_exception::~bad_exception()
                0x0000000008026b7c                std::bad_exception::~bad_exception()
 .text._ZNKSt13bad_exception4whatEv
                0x0000000008026b80        0x8 /Users/raymondwang/Downloads/STM32CubeIDE.app/Contents/Eclipse/plugins/com.st.stm32cube.ide.mcu.externaltools.gnu-tools-for-stm32.7-2018-q2-update.macos64_1.5.0.202011040924/tools/bin/../lib/gcc/arm-none-eabi/7.3.1/../../../../arm-none-eabi/lib/thumb/v7e-m/fpv4-sp/hard/libstdc++.a(eh_exception.o)
                0x0000000008026b80                transaction clone for std::bad_exception::what() const
                0x0000000008026b80                std::bad_exception::what() const
 .text._ZNSt13bad_exceptionD0Ev
                0x0000000008026b88       0x10 /Users/raymondwang/Downloads/STM32CubeIDE.app/Contents/Eclipse/plugins/com.st.stm32cube.ide.mcu.externaltools.gnu-tools-for-stm32.7-2018-q2-update.macos64_1.5.0.202011040924/tools/bin/../lib/gcc/arm-none-eabi/7.3.1/../../../../arm-none-eabi/lib/thumb/v7e-m/fpv4-sp/hard/libstdc++.a(eh_exception.o)
                0x0000000008026b88                std::bad_exception::~bad_exception()
 .text._ZN10__cxxabiv111__terminateEPFvvE
                0x0000000008026b98       0x28 /Users/raymondwang/Downloads/STM32CubeIDE.app/Contents/Eclipse/plugins/com.st.stm32cube.ide.mcu.externaltools.gnu-tools-for-stm32.7-2018-q2-update.macos64_1.5.0.202011040924/tools/bin/../lib/gcc/arm-none-eabi/7.3.1/../../../../arm-none-eabi/lib/thumb/v7e-m/fpv4-sp/hard/libstdc++.a(eh_terminate.o)
                0x0000000008026b98                __cxxabiv1::__terminate(void (*)())
 .text._ZSt9terminatev
                0x0000000008026bc0       0x14 /Users/raymondwang/Downloads/STM32CubeIDE.app/Contents/Eclipse/plugins/com.st.stm32cube.ide.mcu.externaltools.gnu-tools-for-stm32.7-2018-q2-update.macos64_1.5.0.202011040924/tools/bin/../lib/gcc/arm-none-eabi/7.3.1/../../../../arm-none-eabi/lib/thumb/v7e-m/fpv4-sp/hard/libstdc++.a(eh_terminate.o)
                0x0000000008026bc0                std::terminate()
 .text._ZN10__cxxabiv112__unexpectedEPFvvE
                0x0000000008026bd4        0x8 /Users/raymondwang/Downloads/STM32CubeIDE.app/Contents/Eclipse/plugins/com.st.stm32cube.ide.mcu.externaltools.gnu-tools-for-stm32.7-2018-q2-update.macos64_1.5.0.202011040924/tools/bin/../lib/gcc/arm-none-eabi/7.3.1/../../../../arm-none-eabi/lib/thumb/v7e-m/fpv4-sp/hard/libstdc++.a(eh_terminate.o)
                0x0000000008026bd4                __cxxabiv1::__unexpected(void (*)())
 .text._ZSt10unexpectedv
                0x0000000008026bdc       0x14 /Users/raymondwang/Downloads/STM32CubeIDE.app/Contents/Eclipse/plugins/com.st.stm32cube.ide.mcu.externaltools.gnu-tools-for-stm32.7-2018-q2-update.macos64_1.5.0.202011040924/tools/bin/../lib/gcc/arm-none-eabi/7.3.1/../../../../arm-none-eabi/lib/thumb/v7e-m/fpv4-sp/hard/libstdc++.a(eh_terminate.o)
                0x0000000008026bdc                std::unexpected()
 .text._ZSt13get_terminatev
                0x0000000008026bf0       0x10 /Users/raymondwang/Downloads/STM32CubeIDE.app/Contents/Eclipse/plugins/com.st.stm32cube.ide.mcu.externaltools.gnu-tools-for-stm32.7-2018-q2-update.macos64_1.5.0.202011040924/tools/bin/../lib/gcc/arm-none-eabi/7.3.1/../../../../arm-none-eabi/lib/thumb/v7e-m/fpv4-sp/hard/libstdc++.a(eh_terminate.o)
                0x0000000008026bf0                std::get_terminate()
 .text._ZSt14get_unexpectedv
                0x0000000008026c00       0x10 /Users/raymondwang/Downloads/STM32CubeIDE.app/Contents/Eclipse/plugins/com.st.stm32cube.ide.mcu.externaltools.gnu-tools-for-stm32.7-2018-q2-update.macos64_1.5.0.202011040924/tools/bin/../lib/gcc/arm-none-eabi/7.3.1/../../../../arm-none-eabi/lib/thumb/v7e-m/fpv4-sp/hard/libstdc++.a(eh_terminate.o)
                0x0000000008026c00                std::get_unexpected()
 .text._ZL23__gxx_exception_cleanup19_Unwind_Reason_CodeP21_Unwind_Control_Block
                0x0000000008026c10       0x44 /Users/raymondwang/Downloads/STM32CubeIDE.app/Contents/Eclipse/plugins/com.st.stm32cube.ide.mcu.externaltools.gnu-tools-for-stm32.7-2018-q2-update.macos64_1.5.0.202011040924/tools/bin/../lib/gcc/arm-none-eabi/7.3.1/../../../../arm-none-eabi/lib/thumb/v7e-m/fpv4-sp/hard/libstdc++.a(eh_throw.o)
 .text.__cxa_init_primary_exception
                0x0000000008026c54       0x58 /Users/raymondwang/Downloads/STM32CubeIDE.app/Contents/Eclipse/plugins/com.st.stm32cube.ide.mcu.externaltools.gnu-tools-for-stm32.7-2018-q2-update.macos64_1.5.0.202011040924/tools/bin/../lib/gcc/arm-none-eabi/7.3.1/../../../../arm-none-eabi/lib/thumb/v7e-m/fpv4-sp/hard/libstdc++.a(eh_throw.o)
                0x0000000008026c54                __cxa_init_primary_exception
 .text.__cxa_throw
                0x0000000008026cac       0x38 /Users/raymondwang/Downloads/STM32CubeIDE.app/Contents/Eclipse/plugins/com.st.stm32cube.ide.mcu.externaltools.gnu-tools-for-stm32.7-2018-q2-update.macos64_1.5.0.202011040924/tools/bin/../lib/gcc/arm-none-eabi/7.3.1/../../../../arm-none-eabi/lib/thumb/v7e-m/fpv4-sp/hard/libstdc++.a(eh_throw.o)
                0x0000000008026cac                __cxa_throw
 .text.__cxa_rethrow
                0x0000000008026ce4       0x70 /Users/raymondwang/Downloads/STM32CubeIDE.app/Contents/Eclipse/plugins/com.st.stm32cube.ide.mcu.externaltools.gnu-tools-for-stm32.7-2018-q2-update.macos64_1.5.0.202011040924/tools/bin/../lib/gcc/arm-none-eabi/7.3.1/../../../../arm-none-eabi/lib/thumb/v7e-m/fpv4-sp/hard/libstdc++.a(eh_throw.o)
                0x0000000008026ce4                __cxa_rethrow
 .text._ZSt15get_new_handlerv
                0x0000000008026d54       0x10 /Users/raymondwang/Downloads/STM32CubeIDE.app/Contents/Eclipse/plugins/com.st.stm32cube.ide.mcu.externaltools.gnu-tools-for-stm32.7-2018-q2-update.macos64_1.5.0.202011040924/tools/bin/../lib/gcc/arm-none-eabi/7.3.1/../../../../arm-none-eabi/lib/thumb/v7e-m/fpv4-sp/hard/libstdc++.a(new_handler.o)
                0x0000000008026d54                std::get_new_handler()
 .text._ZN10__cxxabiv120__si_class_type_infoD2Ev
                0x0000000008026d64       0x14 /Users/raymondwang/Downloads/STM32CubeIDE.app/Contents/Eclipse/plugins/com.st.stm32cube.ide.mcu.externaltools.gnu-tools-for-stm32.7-2018-q2-update.macos64_1.5.0.202011040924/tools/bin/../lib/gcc/arm-none-eabi/7.3.1/../../../../arm-none-eabi/lib/thumb/v7e-m/fpv4-sp/hard/libstdc++.a(si_class_type_info.o)
                0x0000000008026d64                __cxxabiv1::__si_class_type_info::~__si_class_type_info()
                0x0000000008026d64                __cxxabiv1::__si_class_type_info::~__si_class_type_info()
 .text._ZN10__cxxabiv120__si_class_type_infoD0Ev
                0x0000000008026d78       0x1c /Users/raymondwang/Downloads/STM32CubeIDE.app/Contents/Eclipse/plugins/com.st.stm32cube.ide.mcu.externaltools.gnu-tools-for-stm32.7-2018-q2-update.macos64_1.5.0.202011040924/tools/bin/../lib/gcc/arm-none-eabi/7.3.1/../../../../arm-none-eabi/lib/thumb/v7e-m/fpv4-sp/hard/libstdc++.a(si_class_type_info.o)
                0x0000000008026d78                __cxxabiv1::__si_class_type_info::~__si_class_type_info()
 .text._ZNK10__cxxabiv120__si_class_type_info20__do_find_public_srcEiPKvPKNS_17__class_type_infoES2_
                0x0000000008026d94       0x3c /Users/raymondwang/Downloads/STM32CubeIDE.app/Contents/Eclipse/plugins/com.st.stm32cube.ide.mcu.externaltools.gnu-tools-for-stm32.7-2018-q2-update.macos64_1.5.0.202011040924/tools/bin/../lib/gcc/arm-none-eabi/7.3.1/../../../../arm-none-eabi/lib/thumb/v7e-m/fpv4-sp/hard/libstdc++.a(si_class_type_info.o)
                0x0000000008026d94                __cxxabiv1::__si_class_type_info::__do_find_public_src(int, void const*, __cxxabiv1::__class_type_info const*, void const*) const
 .text._ZNK10__cxxabiv120__si_class_type_info12__do_dyncastEiNS_17__class_type_info10__sub_kindEPKS1_PKvS4_S6_RNS1_16__dyncast_resultE
                0x0000000008026dd0       0x80 /Users/raymondwang/Downloads/STM32CubeIDE.app/Contents/Eclipse/plugins/com.st.stm32cube.ide.mcu.externaltools.gnu-tools-for-stm32.7-2018-q2-update.macos64_1.5.0.202011040924/tools/bin/../lib/gcc/arm-none-eabi/7.3.1/../../../../arm-none-eabi/lib/thumb/v7e-m/fpv4-sp/hard/libstdc++.a(si_class_type_info.o)
                0x0000000008026dd0                __cxxabiv1::__si_class_type_info::__do_dyncast(int, __cxxabiv1::__class_type_info::__sub_kind, __cxxabiv1::__class_type_info const*, void const*, __cxxabiv1::__class_type_info const*, void const*, __cxxabiv1::__class_type_info::__dyncast_result&) const
 .text._ZNK10__cxxabiv120__si_class_type_info11__do_upcastEPKNS_17__class_type_infoEPKvRNS1_15__upcast_resultE
                0x0000000008026e50       0x2c /Users/raymondwang/Downloads/STM32CubeIDE.app/Contents/Eclipse/plugins/com.st.stm32cube.ide.mcu.externaltools.gnu-tools-for-stm32.7-2018-q2-update.macos64_1.5.0.202011040924/tools/bin/../lib/gcc/arm-none-eabi/7.3.1/../../../../arm-none-eabi/lib/thumb/v7e-m/fpv4-sp/hard/libstdc++.a(si_class_type_info.o)
                0x0000000008026e50                __cxxabiv1::__si_class_type_info::__do_upcast(__cxxabiv1::__class_type_info const*, void const*, __cxxabiv1::__class_type_info::__upcast_result&) const
 .text._ZNSt9type_infoD2Ev
                0x0000000008026e7c        0x4 /Users/raymondwang/Downloads/STM32CubeIDE.app/Contents/Eclipse/plugins/com.st.stm32cube.ide.mcu.externaltools.gnu-tools-for-stm32.7-2018-q2-update.macos64_1.5.0.202011040924/tools/bin/../lib/gcc/arm-none-eabi/7.3.1/../../../../arm-none-eabi/lib/thumb/v7e-m/fpv4-sp/hard/libstdc++.a(tinfo.o)
                0x0000000008026e7c                std::type_info::~type_info()
                0x0000000008026e7c                std::type_info::~type_info()
 .text._ZNKSt9type_info14__is_pointer_pEv
                0x0000000008026e80        0x4 /Users/raymondwang/Downloads/STM32CubeIDE.app/Contents/Eclipse/plugins/com.st.stm32cube.ide.mcu.externaltools.gnu-tools-for-stm32.7-2018-q2-update.macos64_1.5.0.202011040924/tools/bin/../lib/gcc/arm-none-eabi/7.3.1/../../../../arm-none-eabi/lib/thumb/v7e-m/fpv4-sp/hard/libstdc++.a(tinfo.o)
                0x0000000008026e80                std::type_info::__is_function_p() const
                0x0000000008026e80                std::type_info::__is_pointer_p() const
 .text._ZNKSt9type_infoeqERKS_
                0x0000000008026e84       0x2c /Users/raymondwang/Downloads/STM32CubeIDE.app/Contents/Eclipse/plugins/com.st.stm32cube.ide.mcu.externaltools.gnu-tools-for-stm32.7-2018-q2-update.macos64_1.5.0.202011040924/tools/bin/../lib/gcc/arm-none-eabi/7.3.1/../../../../arm-none-eabi/lib/thumb/v7e-m/fpv4-sp/hard/libstdc++.a(tinfo.o)
                0x0000000008026e84                std::type_info::operator==(std::type_info const&) const
 .text._ZNK10__cxxabiv117__class_type_info11__do_upcastEPKS0_PPv
                0x0000000008026eb0       0x38 /Users/raymondwang/Downloads/STM32CubeIDE.app/Contents/Eclipse/plugins/com.st.stm32cube.ide.mcu.externaltools.gnu-tools-for-stm32.7-2018-q2-update.macos64_1.5.0.202011040924/tools/bin/../lib/gcc/arm-none-eabi/7.3.1/../../../../arm-none-eabi/lib/thumb/v7e-m/fpv4-sp/hard/libstdc++.a(class_type_info.o)
                0x0000000008026eb0                __cxxabiv1::__class_type_info::__do_upcast(__cxxabiv1::__class_type_info const*, void**) const
 .text._ZNK10__cxxabiv117__class_type_info20__do_find_public_srcEiPKvPKS0_S2_
                0x0000000008026ee8        0xc /Users/raymondwang/Downloads/STM32CubeIDE.app/Contents/Eclipse/plugins/com.st.stm32cube.ide.mcu.externaltools.gnu-tools-for-stm32.7-2018-q2-update.macos64_1.5.0.202011040924/tools/bin/../lib/gcc/arm-none-eabi/7.3.1/../../../../arm-none-eabi/lib/thumb/v7e-m/fpv4-sp/hard/libstdc++.a(class_type_info.o)
                0x0000000008026ee8                __cxxabiv1::__class_type_info::__do_find_public_src(int, void const*, __cxxabiv1::__class_type_info const*, void const*) const
 .text._ZN10__cxxabiv117__class_type_infoD2Ev
                0x0000000008026ef4       0x14 /Users/raymondwang/Downloads/STM32CubeIDE.app/Contents/Eclipse/plugins/com.st.stm32cube.ide.mcu.externaltools.gnu-tools-for-stm32.7-2018-q2-update.macos64_1.5.0.202011040924/tools/bin/../lib/gcc/arm-none-eabi/7.3.1/../../../../arm-none-eabi/lib/thumb/v7e-m/fpv4-sp/hard/libstdc++.a(class_type_info.o)
                0x0000000008026ef4                __cxxabiv1::__class_type_info::~__class_type_info()
                0x0000000008026ef4                __cxxabiv1::__class_type_info::~__class_type_info()
 .text._ZN10__cxxabiv117__class_type_infoD0Ev
                0x0000000008026f08       0x1c /Users/raymondwang/Downloads/STM32CubeIDE.app/Contents/Eclipse/plugins/com.st.stm32cube.ide.mcu.externaltools.gnu-tools-for-stm32.7-2018-q2-update.macos64_1.5.0.202011040924/tools/bin/../lib/gcc/arm-none-eabi/7.3.1/../../../../arm-none-eabi/lib/thumb/v7e-m/fpv4-sp/hard/libstdc++.a(class_type_info.o)
                0x0000000008026f08                __cxxabiv1::__class_type_info::~__class_type_info()
 .text._ZNK10__cxxabiv117__class_type_info12__do_dyncastEiNS0_10__sub_kindEPKS0_PKvS3_S5_RNS0_16__dyncast_resultE
                0x0000000008026f24       0x44 /Users/raymondwang/Downloads/STM32CubeIDE.app/Contents/Eclipse/plugins/com.st.stm32cube.ide.mcu.externaltools.gnu-tools-for-stm32.7-2018-q2-update.macos64_1.5.0.202011040924/tools/bin/../lib/gcc/arm-none-eabi/7.3.1/../../../../arm-none-eabi/lib/thumb/v7e-m/fpv4-sp/hard/libstdc++.a(class_type_info.o)
                0x0000000008026f24                __cxxabiv1::__class_type_info::__do_dyncast(int, __cxxabiv1::__class_type_info::__sub_kind, __cxxabiv1::__class_type_info const*, void const*, __cxxabiv1::__class_type_info const*, void const*, __cxxabiv1::__class_type_info::__dyncast_result&) const
 .text._ZNK10__cxxabiv117__class_type_info11__do_upcastEPKS0_PKvRNS0_15__upcast_resultE
                0x0000000008026f68       0x18 /Users/raymondwang/Downloads/STM32CubeIDE.app/Contents/Eclipse/plugins/com.st.stm32cube.ide.mcu.externaltools.gnu-tools-for-stm32.7-2018-q2-update.macos64_1.5.0.202011040924/tools/bin/../lib/gcc/arm-none-eabi/7.3.1/../../../../arm-none-eabi/lib/thumb/v7e-m/fpv4-sp/hard/libstdc++.a(class_type_info.o)
                0x0000000008026f68                __cxxabiv1::__class_type_info::__do_upcast(__cxxabiv1::__class_type_info const*, void const*, __cxxabiv1::__class_type_info::__upcast_result&) const
 .text._ZNK10__cxxabiv117__class_type_info10__do_catchEPKSt9type_infoPPvj
                0x0000000008026f80       0x2c /Users/raymondwang/Downloads/STM32CubeIDE.app/Contents/Eclipse/plugins/com.st.stm32cube.ide.mcu.externaltools.gnu-tools-for-stm32.7-2018-q2-update.macos64_1.5.0.202011040924/tools/bin/../lib/gcc/arm-none-eabi/7.3.1/../../../../arm-none-eabi/lib/thumb/v7e-m/fpv4-sp/hard/libstdc++.a(class_type_info.o)
                0x0000000008026f80                __cxxabiv1::__class_type_info::__do_catch(std::type_info const*, void**, unsigned int) const
 .text.__cxa_end_cleanup
                0x0000000008026fac        0xc /Users/raymondwang/Downloads/STM32CubeIDE.app/Contents/Eclipse/plugins/com.st.stm32cube.ide.mcu.externaltools.gnu-tools-for-stm32.7-2018-q2-update.macos64_1.5.0.202011040924/tools/bin/../lib/gcc/arm-none-eabi/7.3.1/../../../../arm-none-eabi/lib/thumb/v7e-m/fpv4-sp/hard/libstdc++.a(eh_arm.o)
                0x0000000008026fac                __cxa_end_cleanup
 .text.__cxa_type_match
                0x0000000008026fb8       0xb0 /Users/raymondwang/Downloads/STM32CubeIDE.app/Contents/Eclipse/plugins/com.st.stm32cube.ide.mcu.externaltools.gnu-tools-for-stm32.7-2018-q2-update.macos64_1.5.0.202011040924/tools/bin/../lib/gcc/arm-none-eabi/7.3.1/../../../../arm-none-eabi/lib/thumb/v7e-m/fpv4-sp/hard/libstdc++.a(eh_arm.o)
                0x0000000008026fb8                __cxa_type_match
 .text.__cxa_begin_cleanup
                0x0000000008027068       0x64 /Users/raymondwang/Downloads/STM32CubeIDE.app/Contents/Eclipse/plugins/com.st.stm32cube.ide.mcu.externaltools.gnu-tools-for-stm32.7-2018-q2-update.macos64_1.5.0.202011040924/tools/bin/../lib/gcc/arm-none-eabi/7.3.1/../../../../arm-none-eabi/lib/thumb/v7e-m/fpv4-sp/hard/libstdc++.a(eh_arm.o)
                0x0000000008027068                __cxa_begin_cleanup
 .text.__gnu_end_cleanup
                0x00000000080270cc       0x70 /Users/raymondwang/Downloads/STM32CubeIDE.app/Contents/Eclipse/plugins/com.st.stm32cube.ide.mcu.externaltools.gnu-tools-for-stm32.7-2018-q2-update.macos64_1.5.0.202011040924/tools/bin/../lib/gcc/arm-none-eabi/7.3.1/../../../../arm-none-eabi/lib/thumb/v7e-m/fpv4-sp/hard/libstdc++.a(eh_arm.o)
                0x00000000080270cc                __gnu_end_cleanup
 .text._ZN10__cxxabiv1L24__is_gxx_exception_classEPc
                0x000000000802713c       0x3c /Users/raymondwang/Downloads/STM32CubeIDE.app/Contents/Eclipse/plugins/com.st.stm32cube.ide.mcu.externaltools.gnu-tools-for-stm32.7-2018-q2-update.macos64_1.5.0.202011040924/tools/bin/../lib/gcc/arm-none-eabi/7.3.1/../../../../arm-none-eabi/lib/thumb/v7e-m/fpv4-sp/hard/libstdc++.a(eh_call.o)
 .text.__cxa_call_terminate
                0x0000000008027178       0x20 /Users/raymondwang/Downloads/STM32CubeIDE.app/Contents/Eclipse/plugins/com.st.stm32cube.ide.mcu.externaltools.gnu-tools-for-stm32.7-2018-q2-update.macos64_1.5.0.202011040924/tools/bin/../lib/gcc/arm-none-eabi/7.3.1/../../../../arm-none-eabi/lib/thumb/v7e-m/fpv4-sp/hard/libstdc++.a(eh_call.o)
                0x0000000008027178                __cxa_call_terminate
 .text.__cxa_call_unexpected
                0x0000000008027198       0xdc /Users/raymondwang/Downloads/STM32CubeIDE.app/Contents/Eclipse/plugins/com.st.stm32cube.ide.mcu.externaltools.gnu-tools-for-stm32.7-2018-q2-update.macos64_1.5.0.202011040924/tools/bin/../lib/gcc/arm-none-eabi/7.3.1/../../../../arm-none-eabi/lib/thumb/v7e-m/fpv4-sp/hard/libstdc++.a(eh_call.o)
                0x0000000008027198                __cxa_call_unexpected
 .text.__cxa_begin_catch
                0x0000000008027274       0x80 /Users/raymondwang/Downloads/STM32CubeIDE.app/Contents/Eclipse/plugins/com.st.stm32cube.ide.mcu.externaltools.gnu-tools-for-stm32.7-2018-q2-update.macos64_1.5.0.202011040924/tools/bin/../lib/gcc/arm-none-eabi/7.3.1/../../../../arm-none-eabi/lib/thumb/v7e-m/fpv4-sp/hard/libstdc++.a(eh_catch.o)
                0x0000000008027274                __cxa_begin_catch
 .text.__cxa_end_catch
                0x00000000080272f4       0x88 /Users/raymondwang/Downloads/STM32CubeIDE.app/Contents/Eclipse/plugins/com.st.stm32cube.ide.mcu.externaltools.gnu-tools-for-stm32.7-2018-q2-update.macos64_1.5.0.202011040924/tools/bin/../lib/gcc/arm-none-eabi/7.3.1/../../../../arm-none-eabi/lib/thumb/v7e-m/fpv4-sp/hard/libstdc++.a(eh_catch.o)
                0x00000000080272f4                __cxa_end_catch
 .text.__cxa_get_globals_fast